Archive member included to satisfy reference by file (symbol)

C:\work\EFM32\soc-empty\protocol\bluetooth\lib\EFR32BG1B\GCC\libbluetooth.a(bgapi.c.obj)
                              ./app.o (gecko_rsp_msg_buf)
C:\work\EFM32\soc-empty\protocol\bluetooth\lib\EFR32BG1B\GCC\libbluetooth.a(bglib.c.obj)
                              ./app.o (gecko_wait_event)
C:\work\EFM32\soc-empty\protocol\bluetooth\lib\EFR32BG1B\GCC\libbluetooth.a(gecko_endpoints.c.obj)
                              C:\work\EFM32\soc-empty\protocol\bluetooth\lib\EFR32BG1B\GCC\libbluetooth.a(bglib.c.obj) (gecko_release_evt)
C:\work\EFM32\soc-empty\protocol\bluetooth\lib\EFR32BG1B\GCC\libbluetooth.a(init.c.obj)
                              C:\work\EFM32\soc-empty\protocol\bluetooth\lib\EFR32BG1B\GCC\libbluetooth.a(bglib.c.obj) (bg_radio_init)
C:\work\EFM32\soc-empty\protocol\bluetooth\lib\EFR32BG1B\GCC\libbluetooth.a(ll_task.c.obj)
                              C:\work\EFM32\soc-empty\protocol\bluetooth\lib\EFR32BG1B\GCC\libbluetooth.a(bglib.c.obj) (ll_task_init)
C:\work\EFM32\soc-empty\protocol\bluetooth\lib\EFR32BG1B\GCC\libbluetooth.a(ll_to_hci.c.obj)
                              C:\work\EFM32\soc-empty\protocol\bluetooth\lib\EFR32BG1B\GCC\libbluetooth.a(init.c.obj) (bgll_init)
C:\work\EFM32\soc-empty\protocol\bluetooth\lib\EFR32BG1B\GCC\libbluetooth.a(pskeys.c.obj)
                              C:\work\EFM32\soc-empty\protocol\bluetooth\lib\EFR32BG1B\GCC\libbluetooth.a(bglib.c.obj) (ecode2bg)
C:\work\EFM32\soc-empty\protocol\bluetooth\lib\EFR32BG1B\GCC\libbluetooth.a(ll_init.c.obj)
                              C:\work\EFM32\soc-empty\protocol\bluetooth\lib\EFR32BG1B\GCC\libbluetooth.a(ll_task.c.obj) (BTLE_LL_Process)
C:\work\EFM32\soc-empty\protocol\bluetooth\lib\EFR32BG1B\GCC\libbluetooth.a(ll_adv.c.obj)
                              C:\work\EFM32\soc-empty\protocol\bluetooth\lib\EFR32BG1B\GCC\libbluetooth.a(ll_init.c.obj) (ll_advAllocMem)
C:\work\EFM32\soc-empty\protocol\bluetooth\lib\EFR32BG1B\GCC\libbluetooth.a(ll_adv_ext-stubs.c.obj)
                              C:\work\EFM32\soc-empty\protocol\bluetooth\lib\EFR32BG1B\GCC\libbluetooth.a(ll_init.c.obj) (ll_advExtSyncEventHandler)
C:\work\EFM32\soc-empty\protocol\bluetooth\lib\EFR32BG1B\GCC\libbluetooth.a(ll_adv_sync-stubs.c.obj)
                              C:\work\EFM32\soc-empty\protocol\bluetooth\lib\EFR32BG1B\GCC\libbluetooth.a(bglib.c.obj) (ll_allocPeriodicAdv)
C:\work\EFM32\soc-empty\protocol\bluetooth\lib\EFR32BG1B\GCC\libbluetooth.a(ll_aox-stubs.c.obj)
                              C:\work\EFM32\soc-empty\protocol\bluetooth\lib\EFR32BG1B\GCC\libbluetooth.a(ll_init.c.obj) (ll_aoxEvent)
C:\work\EFM32\soc-empty\protocol\bluetooth\lib\EFR32BG1B\GCC\libbluetooth.a(ll_channelmap.c.obj)
                              C:\work\EFM32\soc-empty\protocol\bluetooth\lib\EFR32BG1B\GCC\libbluetooth.a(ll_init.c.obj) (ll_channelmapEvent)
C:\work\EFM32\soc-empty\protocol\bluetooth\lib\EFR32BG1B\GCC\libbluetooth.a(ll_conn.c.obj)
                              C:\work\EFM32\soc-empty\protocol\bluetooth\lib\EFR32BG1B\GCC\libbluetooth.a(ll_init.c.obj) (ll_connGetByHandle)
C:\work\EFM32\soc-empty\protocol\bluetooth\lib\EFR32BG1B\GCC\libbluetooth.a(ll_conn_enc.c.obj)
                              C:\work\EFM32\soc-empty\protocol\bluetooth\lib\EFR32BG1B\GCC\libbluetooth.a(ll_init.c.obj) (ll_connEncryptionInit)
C:\work\EFM32\soc-empty\protocol\bluetooth\lib\EFR32BG1B\GCC\libbluetooth.a(ll_hci.c.obj)
                              C:\work\EFM32\soc-empty\protocol\bluetooth\lib\EFR32BG1B\GCC\libbluetooth.a(ll_init.c.obj) (ll_hciInit)
C:\work\EFM32\soc-empty\protocol\bluetooth\lib\EFR32BG1B\GCC\libbluetooth.a(ll_hci_phy.c.obj)
                              C:\work\EFM32\soc-empty\protocol\bluetooth\lib\EFR32BG1B\GCC\libbluetooth.a(init.c.obj) (ll_initPhy)
C:\work\EFM32\soc-empty\protocol\bluetooth\lib\EFR32BG1B\GCC\libbluetooth.a(ll_llcp.c.obj)
                              C:\work\EFM32\soc-empty\protocol\bluetooth\lib\EFR32BG1B\GCC\libbluetooth.a(ll_conn.c.obj) (ll_llcpHandleEvent)
C:\work\EFM32\soc-empty\protocol\bluetooth\lib\EFR32BG1B\GCC\libbluetooth.a(ll_llcp_phy.c.obj)
                              C:\work\EFM32\soc-empty\protocol\bluetooth\lib\EFR32BG1B\GCC\libbluetooth.a(ll_hci_phy.c.obj) (ll_llcpPhyUpdate)
C:\work\EFM32\soc-empty\protocol\bluetooth\lib\EFR32BG1B\GCC\libbluetooth.a(ll_radio.c.obj)
                              C:\work\EFM32\soc-empty\protocol\bluetooth\lib\EFR32BG1B\GCC\libbluetooth.a(ll_init.c.obj) (ll_radioGetContextHandle)
C:\work\EFM32\soc-empty\protocol\bluetooth\lib\EFR32BG1B\GCC\libbluetooth.a(ll_radio_pa.c.obj)
                              C:\work\EFM32\soc-empty\protocol\bluetooth\lib\EFR32BG1B\GCC\libbluetooth.a(ll_init.c.obj) (ll_radioGetMaxTxPower)
C:\work\EFM32\soc-empty\protocol\bluetooth\lib\EFR32BG1B\GCC\libbluetooth.a(ll_radio_multiprotocol.c.obj)
[...]
Memory Configuration

Name             Origin             Length             Attributes
FLASH_BOOTLOADER 0x00000000         0x00004000         xr
FLASH            0x00004000         0x0003c000         xr
RAM              0x20000000         0x00007c00         xrw
*default*        0x00000000         0xffffffff

Linker script and memory map

LOAD c:/siliconlabs/simplicitystudio/v4/developer/toolchains/gnu_arm/7.2_2017q4/bin/../lib/gcc/arm-none-eabi/7.2.1/thumb/v7e-m/fpv4-sp/softfp/crti.o
LOAD c:/siliconlabs/simplicitystudio/v4/developer/toolchains/gnu_arm/7.2_2017q4/bin/../lib/gcc/arm-none-eabi/7.2.1/thumb/v7e-m/fpv4-sp/softfp/crtbegin.o
LOAD c:/siliconlabs/simplicitystudio/v4/developer/toolchains/gnu_arm/7.2_2017q4/bin/../lib/gcc/arm-none-eabi/7.2.1/../../../../arm-none-eabi/lib/thumb/v7e-m/fpv4-sp/softfp/crt0.o
START GROUP
LOAD ./app/bluetooth/common/util/infrastructure.o
LOAD ./app.o
LOAD ./application_properties.o
LOAD ./gatt_db.o
LOAD ./hid.o
LOAD ./init_app.o
LOAD ./init_board_efr32xg1.o
LOAD ./init_mcu_efr32xg1.o
LOAD ./main.o
LOAD ./pti.o
LOAD ./user_code.o
LOAD ./user_pheri.o
LOAD ./hardware/kit/common/bsp/bsp_stk.o
LOAD ./hardware/kit/common/drivers/mx25flash_spi.o
LOAD ./hardware/kit/common/drivers/retargetio.o
LOAD ./hardware/kit/common/drivers/retargetserial.o
LOAD ./platform/Device/SiliconLabs/BGM1/Source/GCC/startup_bgm1.o
LOAD ./platform/Device/SiliconLabs/BGM1/Source/system_bgm1.o
LOAD ./platform/emdrv/gpiointerrupt/gpiointerrupt.o
LOAD ./platform/emdrv/sleep/src/sleep.o
LOAD ./platform/emdrv/tempdrv/src/tempdrv.o
LOAD ./platform/emlib/src/em_assert.o
LOAD ./platform/emlib/src/em_burtc.o
LOAD ./platform/emlib/src/em_cmu.o
LOAD ./platform/emlib/src/em_core.o
LOAD ./platform/emlib/src/em_cryotimer.o
LOAD ./platform/emlib/src/em_crypto.o
LOAD ./platform/emlib/src/em_emu.o
LOAD ./platform/emlib/src/em_gpio.o
LOAD ./platform/emlib/src/em_i2c.o
LOAD ./platform/emlib/src/em_msc.o
LOAD ./platform/emlib/src/em_rmu.o
LOAD ./platform/emlib/src/em_rtcc.o
LOAD ./platform/emlib/src/em_se.o
LOAD ./platform/emlib/src/em_system.o
LOAD ./platform/emlib/src/em_timer.o
LOAD ./platform/emlib/src/em_usart.o
LOAD C:\work\EFM32\soc-empty\protocol\bluetooth\lib\EFR32BG1B\GCC\libbluetooth.a
LOAD C:\work\EFM32\soc-empty\platform\radio\rail_lib\autogen\librail_release\librail_module_efr32xg1_gcc_release.a
LOAD C:\work\EFM32\soc-empty\protocol\bluetooth\lib\EFR32BG1B\GCC\libpsstore.a
LOAD C:\work\EFM32\soc-empty\protocol\bluetooth\lib\EFR32BG1B\GCC\libmbedtls.a
LOAD C:\work\EFM32\soc-empty\protocol\bluetooth\lib\EFR32BG1B\GCC\binapploader.o
LOAD C:\work\EFM32\soc-empty\platform\radio\rail_lib\autogen\librail_release\librail_config_bgm121a256v2_gcc.a
LOAD c:/siliconlabs/simplicitystudio/v4/developer/toolchains/gnu_arm/7.2_2017q4/bin/../lib/gcc/arm-none-eabi/7.2.1/../../../../arm-none-eabi/lib/thumb/v7e-m/fpv4-sp/softfp\libm.a
END GROUP
START GROUP
LOAD c:/siliconlabs/simplicitystudio/v4/developer/toolchains/gnu_arm/7.2_2017q4/bin/../lib/gcc/arm-none-eabi/7.2.1/thumb/v7e-m/fpv4-sp/softfp\libgcc.a
LOAD c:/siliconlabs/simplicitystudio/v4/developer/toolchains/gnu_arm/7.2_2017q4/bin/../lib/gcc/arm-none-eabi/7.2.1/../../../../arm-none-eabi/lib/thumb/v7e-m/fpv4-sp/softfp\libc_nano.a
LOAD c:/siliconlabs/simplicitystudio/v4/developer/toolchains/gnu_arm/7.2_2017q4/bin/../lib/gcc/arm-none-eabi/7.2.1/../../../../arm-none-eabi/lib/thumb/v7e-m/fpv4-sp/softfp\libnosys.a
END GROUP
START GROUP
LOAD c:/siliconlabs/simplicitystudio/v4/developer/toolchains/gnu_arm/7.2_2017q4/bin/../lib/gcc/arm-none-eabi/7.2.1/thumb/v7e-m/fpv4-sp/softfp\libgcc.a
LOAD c:/siliconlabs/simplicitystudio/v4/developer/toolchains/gnu_arm/7.2_2017q4/bin/../lib/gcc/arm-none-eabi/7.2.1/../../../../arm-none-eabi/lib/thumb/v7e-m/fpv4-sp/softfp\libg_nano.a
LOAD c:/siliconlabs/simplicitystudio/v4/developer/toolchains/gnu_arm/7.2_2017q4/bin/../lib/gcc/arm-none-eabi/7.2.1/../../../../arm-none-eabi/lib/thumb/v7e-m/fpv4-sp/softfp\libc_nano.a
END GROUP
START GROUP
LOAD c:/siliconlabs/simplicitystudio/v4/developer/toolchains/gnu_arm/7.2_2017q4/bin/../lib/gcc/arm-none-eabi/7.2.1/thumb/v7e-m/fpv4-sp/softfp\libgcc.a
LOAD c:/siliconlabs/simplicitystudio/v4/developer/toolchains/gnu_arm/7.2_2017q4/bin/../lib/gcc/arm-none-eabi/7.2.1/../../../../arm-none-eabi/lib/thumb/v7e-m/fpv4-sp/softfp\libc_nano.a
END GROUP
LOAD c:/siliconlabs/simplicitystudio/v4/developer/toolchains/gnu_arm/7.2_2017q4/bin/../lib/gcc/arm-none-eabi/7.2.1/thumb/v7e-m/fpv4-sp/softfp/crtend.o
LOAD c:/siliconlabs/simplicitystudio/v4/developer/toolchains/gnu_arm/7.2_2017q4/bin/../lib/gcc/arm-none-eabi/7.2.1/thumb/v7e-m/fpv4-sp/softfp/crtn.o

.text_bootloader
                0x00000000        0x0
 *(.binbootloader*)
                0x00000000                . = ALIGN (0x4000)

.text_apploader
                0x00004000     0x97c0
 *(.binapploader*)
 .binapploader  0x00004000     0x97c0 C:\work\EFM32\soc-empty\protocol\bluetooth\lib\EFR32BG1B\GCC\binapploader.o

.text_signature
                0x0000d7c0       0x40
                0x0000d800                . = ALIGN (0x800)
 *fill*         0x0000d7c0       0x40 
                0x0000d800                __text_start__ = .

.text_application
                0x0000d800    0x211a8
 *(.vectors)
 .vectors       0x0000d800       0xc8 ./platform/Device/SiliconLabs/BGM1/Source/GCC/startup_bgm1.o
                0x0000d800                __Vectors
                0x0000d8c8                __Vectors_End = .
                0x000000c8                __Vectors_Size = (__Vectors_End - __Vectors)
                0x0000d8c8                __end__ = .
 *(.application_properties)
 .application_properties
                0x0000d8c8       0x40 ./application_properties.o
                0x0000d8c8                applicationProperties
 *(.gecko_configuration)
 *(.xo_configuration)
 *(.gatt_header)
 .gatt_header   0x0000d908       0x34 ./gatt_db.o
                0x0000d908                bg_gattdb_data
 *(.gatt_data)
 .gatt_data     0x0000d93c      0x4c8 ./gatt_db.o
                0x0000d93c                bg_gattdb_data_adv_uuid128_map
                0x0000d940                bg_gattdb_data_adv_uuid16_map
                0x0000d944                bg_gattdb_data_attributes_dynamic_mapping_map
                0x0000d960                bg_gattdb_data_attributes_map
                0x0000dbdc                bg_gattdb_data_attribute_field_0
                0x0000dbe0                bg_gattdb_data_attribute_field_1
                0x0000dbe8                bg_gattdb_data_attribute_field_2
                0x0000dbf0                bg_gattdb_data_attribute_field_4
                0x0000dbf8                bg_gattdb_data_attribute_field_5
                0x0000dc00                bg_gattdb_data_attribute_field_6
                0x0000dc08                bg_gattdb_data_attribute_field_7
                0x0000dc10                bg_gattdb_data_attribute_field_8
                0x0000dc14                bg_gattdb_data_attribute_field_9
                0x0000dc1c                bg_gattdb_data_attribute_field_10
                0x0000dc24                bg_gattdb_data_attribute_field_11
                0x0000dc2c                bg_gattdb_data_attribute_field_12
                0x0000dc30                bg_gattdb_data_attribute_field_13
                0x0000dc34                bg_gattdb_data_attribute_field_14
                0x0000dc3c                bg_gattdb_data_attribute_field_15
                0x0000dc48                bg_gattdb_data_attribute_field_16
                0x0000dc50                bg_gattdb_data_attribute_field_17
                0x0000dc5c                bg_gattdb_data_attribute_field_18
                0x0000dc64                bg_gattdb_data_attribute_field_19
                0x0000dc70                bg_gattdb_data_attribute_field_20
                0x0000dc78                bg_gattdb_data_attribute_field_21
                0x0000dc80                bg_gattdb_data_attribute_field_22
                0x0000dc94                bg_gattdb_data_attribute_field_23
                0x0000dcac                bg_gattdb_data_attribute_field_24
                0x0000dcb4                bg_gattdb_data_attribute_field_25
                0x0000dcb8                bg_gattdb_data_attribute_field_26
                0x0000dcc0                bg_gattdb_data_attribute_field_27
                0x0000dcc8                bg_gattdb_data_attribute_field_28
                0x0000dccc                bg_gattdb_data_attribute_field_29
                0x0000dcd4                bg_gattdb_data_attribute_field_30
                0x0000dcdc                bg_gattdb_data_attribute_field_31
                0x0000dce4                bg_gattdb_data_attribute_field_32
                0x0000dcec                bg_gattdb_data_attribute_field_33
                0x0000dcf4                bg_gattdb_data_attribute_field_35
                0x0000dcf8                bg_gattdb_data_attribute_field_36
                0x0000dd00                bg_gattdb_data_attribute_field_37
                0x0000dd08                bg_gattdb_data_attribute_field_38
                0x0000dd0c                bg_gattdb_data_attribute_field_39
                0x0000dd14                bg_gattdb_data_attribute_field_40
                0x0000dd1c                bg_gattdb_data_attribute_field_41
                0x0000dd20                bg_gattdb_data_attribute_field_42
                0x0000dd28                bg_gattdb_data_attribute_field_43
                0x0000dd6c                bg_gattdb_data_attribute_field_44
                0x0000dd74                bg_gattdb_data_attribute_field_45
                0x0000dd7c                bg_gattdb_data_attribute_field_47
                0x0000dd84                bg_gattdb_data_attribute_field_48
                0x0000dd8c                bg_gattdb_data_attribute_field_49
                0x0000dd94                bg_gattdb_data_attribute_field_50
                0x0000dd9c                bg_gattdb_data_attribute_field_51
                0x0000dda4                bg_gattdb_data_attribute_field_52
                0x0000ddac                bg_gattdb_data_uuidtable_128_map
                0x0000ddcc                bg_gattdb_data_uuidtable_16_map
 *(.text*)
 .text          0x0000de04       0x40 c:/siliconlabs/simplicitystudio/v4/developer/toolchains/gnu_arm/7.2_2017q4/bin/../lib/gcc/arm-none-eabi/7.2.1/thumb/v7e-m/fpv4-sp/softfp/crtbegin.o
 .text          0x0000de44       0x74 c:/siliconlabs/simplicitystudio/v4/developer/toolchains/gnu_arm/7.2_2017q4/bin/../lib/gcc/arm-none-eabi/7.2.1/../../../../arm-none-eabi/lib/thumb/v7e-m/fpv4-sp/softfp/crt0.o
                0x0000de44                _start
                0x0000de44                _mainCRTStartup
 .text.appMain  0x0000deb8      0x664 ./app.o
                0x0000deb8                appMain
 .text.hidBootKeyInCharStatusChange
                0x0000e51c       0x50 ./hid.o
                0x0000e51c                hidBootKeyInCharStatusChange
 .text.hidKeyInCharStatusChange
                0x0000e56c        0x4 ./hid.o
                0x0000e56c                hidKeyInCharStatusChange
 .text.hidProtocolModeWrite
                0x0000e570       0x18 ./hid.o
                0x0000e570                hidProtocolModeWrite
 .text.initApp  0x0000e588       0x30 ./init_app.o
                0x0000e588                initApp
 .text.initBoard
                0x0000e5b8       0x44 ./init_board_efr32xg1.o
                0x0000e5b8                initBoard
 .text.initMcu  0x0000e5fc      0x1a4 ./init_mcu_efr32xg1.o
                0x0000e5fc                initMcu
 .text.startup.main
                0x0000e7a0       0x2c ./main.o
                0x0000e7a0                main
 .text.configEnablePti
                0x0000e7cc       0x30 ./pti.o
                0x0000e7cc                configEnablePti
 .text.isr_pb0  0x0000e7fc       0x18 ./user_pheri.o
                0x0000e7fc                isr_pb0
 .text.isr_pb1  0x0000e814       0x18 ./user_pheri.o
                0x0000e814                isr_pb1
 .text.init_pb  0x0000e82c       0x78 ./user_pheri.o
                0x0000e82c                init_pb
 .text.MX25_init
                0x0000e8a4       0xa4 ./hardware/kit/common/drivers/mx25flash_spi.o
                0x0000e8a4                MX25_init
 .text.MX25_deinit
                0x0000e948       0x54 ./hardware/kit/common/drivers/mx25flash_spi.o
                0x0000e948                MX25_deinit
 .text.MX25_DP  0x0000e99c       0x60 ./hardware/kit/common/drivers/mx25flash_spi.o
                0x0000e99c                MX25_DP
 .text._close   0x0000e9fc        0x4 ./hardware/kit/common/drivers/retargetio.o
                0x0000e9fc                _close
 .text._exit    0x0000ea00        0x4 ./hardware/kit/common/drivers/retargetio.o
                0x0000ea00                _exit
 .text._fstat   0x0000ea04        0xc ./hardware/kit/common/drivers/retargetio.o
                0x0000ea04                _fstat
 .text._isatty  0x0000ea10        0x4 ./hardware/kit/common/drivers/retargetio.o
                0x0000ea10                _isatty
 .text._lseek   0x0000ea14        0x4 ./hardware/kit/common/drivers/retargetio.o
                0x0000ea14                _lseek
 .text._read    0x0000ea18       0x2c ./hardware/kit/common/drivers/retargetio.o
                0x0000ea18                _read
 .text._sbrk    0x0000ea44       0x1c ./hardware/kit/common/drivers/retargetio.o
                0x0000ea44                _sbrk
 .text._write   0x0000ea60       0x1c ./hardware/kit/common/drivers/retargetio.o
                0x0000ea60                _write
 .text.USART0_RX_IRQHandler
                0x0000ea7c       0x54 ./hardware/kit/common/drivers/retargetserial.o
                0x0000ea7c                USART0_RX_IRQHandler
 .text.RETARGET_SerialCrLf
                0x0000ead0       0x14 ./hardware/kit/common/drivers/retargetserial.o
                0x0000ead0                RETARGET_SerialCrLf
 .text.RETARGET_SerialInit
                0x0000eae4       0xc8 ./hardware/kit/common/drivers/retargetserial.o
                0x0000eae4                RETARGET_SerialInit
 .text.RETARGET_ReadChar
                0x0000ebac       0x68 ./hardware/kit/common/drivers/retargetserial.o
                0x0000ebac                RETARGET_ReadChar
 .text.RETARGET_WriteChar
                0x0000ec14       0x48 ./hardware/kit/common/drivers/retargetserial.o
                0x0000ec14                RETARGET_WriteChar
 .text.RETARGET_SerialFlush
                0x0000ec5c       0x10 ./hardware/kit/common/drivers/retargetserial.o
                0x0000ec5c                RETARGET_SerialFlush
 .text.Default_Handler
                0x0000ec6c        0x4 ./platform/Device/SiliconLabs/BGM1/Source/GCC/startup_bgm1.o
                0x0000ec6c                DebugMon_Handler
                0x0000ec6c                USART0_TX_IRQHandler
                0x0000ec6c                I2C0_IRQHandler
                0x0000ec6c                HardFault_Handler
                0x0000ec6c                SysTick_Handler
                0x0000ec6c                USART1_RX_IRQHandler
                0x0000ec6c                PendSV_Handler
                0x0000ec6c                NMI_Handler
                0x0000ec6c                WDOG0_IRQHandler
                0x0000ec6c                USART1_TX_IRQHandler
                0x0000ec6c                MSC_IRQHandler
                0x0000ec6c                ADC0_IRQHandler
                0x0000ec6c                UsageFault_Handler
                0x0000ec6c                LEUART0_IRQHandler
                0x0000ec6c                FPUEH_IRQHandler
                0x0000ec6c                LDMA_IRQHandler
                0x0000ec6c                TIMER0_IRQHandler
                0x0000ec6c                LETIMER0_IRQHandler
                0x0000ec6c                TIMER1_IRQHandler
                0x0000ec6c                Default_Handler
                0x0000ec6c                CRYOTIMER_IRQHandler
                0x0000ec6c                PCNT0_IRQHandler
                0x0000ec6c                ACMP0_IRQHandler
                0x0000ec6c                MemManage_Handler
                0x0000ec6c                SVC_Handler
                0x0000ec6c                RTCC_IRQHandler
                0x0000ec6c                CRYPTO_IRQHandler
                0x0000ec6c                CMU_IRQHandler
                0x0000ec6c                BusFault_Handler
                0x0000ec6c                IDAC0_IRQHandler
 .text.Reset_Handler
                0x0000ec70       0x2c ./platform/Device/SiliconLabs/BGM1/Source/GCC/startup_bgm1.o
                0x0000ec70                Reset_Handler
 .text.SystemMaxCoreClockGet
                0x0000ec9c        0x8 ./platform/Device/SiliconLabs/BGM1/Source/system_bgm1.o
                0x0000ec9c                SystemMaxCoreClockGet
 .text.SystemHFClockGet
                0x0000eca4       0x50 ./platform/Device/SiliconLabs/BGM1/Source/system_bgm1.o
                0x0000eca4                SystemHFClockGet
 .text.SystemCoreClockGet
                0x0000ecf4       0x24 ./platform/Device/SiliconLabs/BGM1/Source/system_bgm1.o
                0x0000ecf4                SystemCoreClockGet
 .text.SystemHFXOClockGet
                0x0000ed18        0xc ./platform/Device/SiliconLabs/BGM1/Source/system_bgm1.o
                0x0000ed18                SystemHFXOClockGet
 .text.SystemHFXOClockSet
                0x0000ed24       0x3c ./platform/Device/SiliconLabs/BGM1/Source/system_bgm1.o
                0x0000ed24                SystemHFXOClockSet
 .text.SystemInit
                0x0000ed60       0x54 ./platform/Device/SiliconLabs/BGM1/Source/system_bgm1.o
                0x0000ed60                SystemInit
 .text.SystemLFRCOClockGet
                0x0000edb4        0x8 ./platform/Device/SiliconLabs/BGM1/Source/system_bgm1.o
                0x0000edb4                SystemLFRCOClockGet
 .text.SystemULFRCOClockGet
                0x0000edbc        0x8 ./platform/Device/SiliconLabs/BGM1/Source/system_bgm1.o
                0x0000edbc                SystemULFRCOClockGet
 .text.SystemLFXOClockGet
                0x0000edc4        0xc ./platform/Device/SiliconLabs/BGM1/Source/system_bgm1.o
                0x0000edc4                SystemLFXOClockGet
 .text.SystemLFXOClockSet
                0x0000edd0       0x3c ./platform/Device/SiliconLabs/BGM1/Source/system_bgm1.o
                0x0000edd0                SystemLFXOClockSet
 .text.GPIOINT_Init
                0x0000ee0c       0x1c ./platform/emdrv/gpiointerrupt/gpiointerrupt.o
                0x0000ee0c                GPIOINT_Init
 .text.GPIOINT_CallbackRegister
                0x0000ee28       0x1c ./platform/emdrv/gpiointerrupt/gpiointerrupt.o
                0x0000ee28                GPIOINT_CallbackRegister
 .text.GPIO_EVEN_IRQHandler
                0x0000ee44       0x44 ./platform/emdrv/gpiointerrupt/gpiointerrupt.o
                0x0000ee44                GPIO_EVEN_IRQHandler
 .text.GPIO_ODD_IRQHandler
                0x0000ee88       0x44 ./platform/emdrv/gpiointerrupt/gpiointerrupt.o
                0x0000ee88                GPIO_ODD_IRQHandler
 .text.sleepCallbackWrapper
                0x0000eecc       0x14 ./platform/emdrv/sleep/src/sleep.o
 .text.enterEMx
                0x0000eee0       0x54 ./platform/emdrv/sleep/src/sleep.o
 .text.SLEEP_Init
                0x0000ef34       0x40 ./platform/emdrv/sleep/src/sleep.o
                0x0000ef34                SLEEP_Init
 .text.SLEEP_Sleep
                0x0000ef74       0x70 ./platform/emdrv/sleep/src/sleep.o
                0x0000ef74                SLEEP_Sleep
 .text.SLEEP_SleepBlockBegin
                0x0000efe4       0x18 ./platform/emdrv/sleep/src/sleep.o
                0x0000efe4                SLEEP_SleepBlockBegin
 .text.SLEEP_SleepBlockEnd
                0x0000effc       0x1c ./platform/emdrv/sleep/src/sleep.o
                0x0000effc                SLEEP_SleepBlockEnd
 .text.SLEEP_LowestEnergyModeGet
                0x0000f018       0x1c ./platform/emdrv/sleep/src/sleep.o
                0x0000f018                SLEEP_LowestEnergyModeGet
 .text.updateInterrupts
                0x0000f034       0xcc ./platform/emdrv/tempdrv/src/tempdrv.o
 .text.errataStateUpdate
                0x0000f100       0xc0 ./platform/emdrv/tempdrv/src/tempdrv.o
 .text.errataCallback
                0x0000f1c0        0x4 ./platform/emdrv/tempdrv/src/tempdrv.o
 .text.TEMPDRV_IRQHandler
                0x0000f1c4       0x9c ./platform/emdrv/tempdrv/src/tempdrv.o
                0x0000f1c4                TEMPDRV_IRQHandler
 .text.EMU_IRQHandler
                0x0000f260        0x4 ./platform/emdrv/tempdrv/src/tempdrv.o
                0x0000f260                EMU_IRQHandler
 .text.TEMPDRV_Init
                0x0000f264      0x120 ./platform/emdrv/tempdrv/src/tempdrv.o
                0x0000f264                TEMPDRV_Init
 .text.flashWaitStateMax
                0x0000f384       0x48 ./platform/emlib/src/em_cmu.o
 .text.CMU_OscillatorTuningSet.part.3
                0x0000f3cc       0x3c ./platform/emlib/src/em_cmu.o
 .text.CMU_ClockEnable
                0x0000f408       0x94 ./platform/emlib/src/em_cmu.o
                0x0000f408                CMU_ClockEnable
 .text.CMU_ClockSelectGet
                0x0000f49c       0xc4 ./platform/emlib/src/em_cmu.o
                0x0000f49c                CMU_ClockSelectGet
 .text.lfClkGet
                0x0000f560       0x94 ./platform/emlib/src/em_cmu.o
 .text.CMU_ClockFreqGet
                0x0000f5f4      0x178 ./platform/emlib/src/em_cmu.o
                0x0000f5f4                CMU_ClockFreqGet
 .text.CMU_OscillatorTuningWait
                0x0000f76c       0x48 ./platform/emlib/src/em_cmu.o
                0x0000f76c                CMU_OscillatorTuningWait
 .text.CMU_OscillatorEnable
                0x0000f7b4      0x118 ./platform/emlib/src/em_cmu.o
                0x0000f7b4                CMU_OscillatorEnable
 .text.CMU_ClockSelectSet
                0x0000f8cc      0x240 ./platform/emlib/src/em_cmu.o
                0x0000f8cc                CMU_ClockSelectSet
 .text.CMU_HFXOAutostartEnable
                0x0000fb0c       0xc8 ./platform/emlib/src/em_cmu.o
                0x0000fb0c                CMU_HFXOAutostartEnable
 .text.CMU_HFXOInit
                0x0000fbd4       0x88 ./platform/emlib/src/em_cmu.o
                0x0000fbd4                CMU_HFXOInit
 .text.CMU_LFXOInit
                0x0000fc5c       0x44 ./platform/emlib/src/em_cmu.o
                0x0000fc5c                CMU_LFXOInit
 .text.CORE_EnterCritical
                0x0000fca0        0x8 ./platform/emlib/src/em_core.o
                0x0000fca0                CORE_EnterCritical
 .text.CORE_ExitCritical
                0x0000fca8        0x8 ./platform/emlib/src/em_core.o
                0x0000fca8                CORE_ExitCritical
 .text.CORE_EnterAtomic
                0x0000fcb0        0x8 ./platform/emlib/src/em_core.o
                0x0000fcb0                CORE_EnterAtomic
 .text.CORE_ExitAtomic
                0x0000fcb8        0x4 ./platform/emlib/src/em_core.o
                0x0000fcb8                CORE_ExitAtomic
 .text.CORE_SetNvicRamTableHandler
                0x0000fcbc       0x10 ./platform/emlib/src/em_core.o
                0x0000fcbc                CORE_SetNvicRamTableHandler
 .text.CORE_InitNvicVectorTable
                0x0000fccc       0x44 ./platform/emlib/src/em_core.o
                0x0000fccc                CORE_InitNvicVectorTable
 .text.CRYPTO_ModulusSet
                0x0000fd10       0x38 ./platform/emlib/src/em_crypto.o
                0x0000fd10                CRYPTO_ModulusSet
 .text.CRYPTO_KeyRead
                0x0000fd48       0x2c ./platform/emlib/src/em_crypto.o
                0x0000fd48                CRYPTO_KeyRead
 .text.currentLimitersUpdate
                0x0000fd74       0x74 ./platform/emlib/src/em_emu.o
 .text.dcdcHsFixLnBlock.part.0
                0x0000fde8       0x30 ./platform/emlib/src/em_emu.o
 .text.dcdcFetCntSet.part.1
                0x0000fe18       0x20 ./platform/emlib/src/em_emu.o
 .text.emState.part.2
                0x0000fe38       0x24 ./platform/emlib/src/em_emu.o
 .text.emState.constprop.5
                0x0000fe5c       0x50 ./platform/emlib/src/em_emu.o
 .text.EMU_EnterEM2
                0x0000feac       0x5c ./platform/emlib/src/em_emu.o
                0x0000feac                EMU_EnterEM2
 .text.EMU_EnterEM3
                0x0000ff08       0x80 ./platform/emlib/src/em_emu.o
                0x0000ff08                EMU_EnterEM3
 .text.EMU_Save
                0x0000ff88        0x4 ./platform/emlib/src/em_emu.o
                0x0000ff88                EMU_Save
 .text.EMU_Restore
                0x0000ff8c        0x4 ./platform/emlib/src/em_emu.o
                0x0000ff8c                EMU_Restore
 .text.EMU_DCDCModeSet
                0x0000ff90       0x64 ./platform/emlib/src/em_emu.o
                0x0000ff90                EMU_DCDCModeSet
 .text.EMU_EnterEM4
                0x0000fff4       0x98 ./platform/emlib/src/em_emu.o
                0x0000fff4                EMU_EnterEM4
 .text.EMU_DCDCOutputVoltageSet
                0x0001008c      0x1b8 ./platform/emlib/src/em_emu.o
                0x0001008c                EMU_DCDCOutputVoltageSet
 .text.EMU_DCDCOptimizeSlice
                0x00010244       0x94 ./platform/emlib/src/em_emu.o
                0x00010244                EMU_DCDCOptimizeSlice
 .text.EMU_DCDCInit
                0x000102d8      0x1a8 ./platform/emlib/src/em_emu.o
                0x000102d8                EMU_DCDCInit
 .text.EMU_DCDCLnRcoBandSet
                0x00010480       0x24 ./platform/emlib/src/em_emu.o
                0x00010480                EMU_DCDCLnRcoBandSet
 .text.EMU_SetBiasMode
                0x000104a4       0x7c ./platform/emlib/src/em_emu.o
                0x000104a4                EMU_SetBiasMode
 .text.GPIO_ExtIntConfig
                0x00010520       0xa8 ./platform/emlib/src/em_gpio.o
                0x00010520                GPIO_ExtIntConfig
 .text.GPIO_PinModeSet
                0x000105c8       0x94 ./platform/emlib/src/em_gpio.o
                0x000105c8                GPIO_PinModeSet
 .text.MSC_Init
                0x0001065c       0x18 ./platform/emlib/src/em_msc.o
                0x0001065c                MSC_Init
 .text.MSC_Deinit
                0x00010674       0x14 ./platform/emlib/src/em_msc.o
                0x00010674                MSC_Deinit
 .text.RMU_ResetCauseClear
                0x00010688        0xc ./platform/emlib/src/em_rmu.o
                0x00010688                RMU_ResetCauseClear
 .text.RMU_ResetCauseGet
                0x00010694       0x7c ./platform/emlib/src/em_rmu.o
                0x00010694                RMU_ResetCauseGet
 .text.RTCC_ChannelInit
                0x00010710       0x38 ./platform/emlib/src/em_rtcc.o
                0x00010710                RTCC_ChannelInit
 .text.RTCC_Init
                0x00010748       0x64 ./platform/emlib/src/em_rtcc.o
                0x00010748                RTCC_Init
 .text.SYSTEM_ChipRevisionGet
                0x000107ac       0x34 ./platform/emlib/src/em_system.o
                0x000107ac                SYSTEM_ChipRevisionGet
 .text.USART_BaudrateAsyncSet
                0x000107e0       0x68 ./platform/emlib/src/em_usart.o
                0x000107e0                USART_BaudrateAsyncSet
 .text.USART_Enable
                0x00010848       0x10 ./platform/emlib/src/em_usart.o
                0x00010848                USART_Enable
 .text.USART_InitAsync
                0x00010858       0xb4 ./platform/emlib/src/em_usart.o
                0x00010858                USART_InitAsync
 .text.USART_InitSync
                0x0001090c       0xd4 ./platform/emlib/src/em_usart.o
                0x0001090c                USART_InitSync
 .text.USART_Reset
                0x000109e0       0x50 ./platform/emlib/src/em_usart.o
                0x000109e0                USART_Reset
 .text.USART_Rx
                0x00010a30        0xc ./platform/emlib/src/em_usart.o
                0x00010a30                USART_Rx
 .text.USART_SpiTransfer
                0x00010a3c       0x14 ./platform/emlib/src/em_usart.o
                0x00010a3c                USART_SpiTransfer
 .text.USART_Tx
                0x00010a50        0xc ./platform/emlib/src/em_usart.o
                0x00010a50                USART_Tx
 .text.convert_scan_respone_packet_type.isra.0
                0x00010a5c       0x44 C:\work\EFM32\soc-empty\protocol\bluetooth\lib\EFR32BG1B\GCC\libbluetooth.a(bgapi.c.obj)
 .text.bgapi_ubt_listener
                0x00010aa0      0x37c C:\work\EFM32\soc-empty\protocol\bluetooth\lib\EFR32BG1B\GCC\libbluetooth.a(bgapi.c.obj)
                0x00010aa0                bgapi_ubt_listener
 .text.bgapi_init
                0x00010e1c        0x2 C:\work\EFM32\soc-empty\protocol\bluetooth\lib\EFR32BG1B\GCC\libbluetooth.a(bgapi.c.obj)
                0x00010e1c                bgapi_init
 *fill*         0x00010e1e        0x2 
 .text.bgapi_buffer_init
                0x00010e20       0x30 C:\work\EFM32\soc-empty\protocol\bluetooth\lib\EFR32BG1B\GCC\libbluetooth.a(bgapi.c.obj)
                0x00010e20                bgapi_buffer_init
 .text.gecko_init_alloc
                0x00010e50       0x38 C:\work\EFM32\soc-empty\protocol\bluetooth\lib\EFR32BG1B\GCC\libbluetooth.a(bglib.c.obj)
                0x00010e50                gecko_init_alloc
 .text.user_signal_message_handler
                0x00010e88       0x2c C:\work\EFM32\soc-empty\protocol\bluetooth\lib\EFR32BG1B\GCC\libbluetooth.a(bglib.c.obj)
 .text.gecko_process_event
                0x00010eb4       0x5c C:\work\EFM32\soc-empty\protocol\bluetooth\lib\EFR32BG1B\GCC\libbluetooth.a(bglib.c.obj)
 .text.check_ctune_override
                0x00010f10       0x1e C:\work\EFM32\soc-empty\protocol\bluetooth\lib\EFR32BG1B\GCC\libbluetooth.a(bglib.c.obj)
                0x00010f10                check_ctune_override
 .text.gecko_wait_event
                0x00010f2e        0x6 C:\work\EFM32\soc-empty\protocol\bluetooth\lib\EFR32BG1B\GCC\libbluetooth.a(bglib.c.obj)
                0x00010f2e                gecko_wait_event
 .text.gecko_event_pending
                0x00010f34       0x1c C:\work\EFM32\soc-empty\protocol\bluetooth\lib\EFR32BG1B\GCC\libbluetooth.a(bglib.c.obj)
                0x00010f34                gecko_event_pending
 .text.gecko_stack_update_callback
                0x00010f50       0x10 C:\work\EFM32\soc-empty\protocol\bluetooth\lib\EFR32BG1B\GCC\libbluetooth.a(bglib.c.obj)
                0x00010f50                gecko_stack_update_callback
 .text.gecko_stack_init
                0x00010f60      0x288 C:\work\EFM32\soc-empty\protocol\bluetooth\lib\EFR32BG1B\GCC\libbluetooth.a(bglib.c.obj)
                0x00010f60                gecko_stack_init
 .text.get_bgapi_library
                0x000111e8       0x18 C:\work\EFM32\soc-empty\protocol\bluetooth\lib\EFR32BG1B\GCC\libbluetooth.a(gecko_endpoints.c.obj)
 .text.handle_bgapi_output
                0x00011200       0x74 C:\work\EFM32\soc-empty\protocol\bluetooth\lib\EFR32BG1B\GCC\libbluetooth.a(gecko_endpoints.c.obj)
 .text.gecko_release_evt
                0x00011274       0x14 C:\work\EFM32\soc-empty\protocol\bluetooth\lib\EFR32BG1B\GCC\libbluetooth.a(gecko_endpoints.c.obj)
                0x00011274                gecko_release_evt
 .text.gecko_get_evt
                0x00011288       0x10 C:\work\EFM32\soc-empty\protocol\bluetooth\lib\EFR32BG1B\GCC\libbluetooth.a(gecko_endpoints.c.obj)
                0x00011288                gecko_get_evt
 .text.gecko_register_bgapi_library
                0x00011298       0x30 C:\work\EFM32\soc-empty\protocol\bluetooth\lib\EFR32BG1B\GCC\libbluetooth.a(gecko_endpoints.c.obj)
                0x00011298                gecko_register_bgapi_library
 .text.gecko_handle_library_packet
                0x000112c8       0x10 C:\work\EFM32\soc-empty\protocol\bluetooth\lib\EFR32BG1B\GCC\libbluetooth.a(gecko_endpoints.c.obj)
                0x000112c8                gecko_handle_library_packet
 .text.sli_bt_cmd_handler_delegate
                0x000112d8       0x5e C:\work\EFM32\soc-empty\protocol\bluetooth\lib\EFR32BG1B\GCC\libbluetooth.a(gecko_endpoints.c.obj)
                0x000112d8                sli_bt_cmd_handler_delegate
 .text.bg_pre_sleep
                0x00011336        0x2 C:\work\EFM32\soc-empty\protocol\bluetooth\lib\EFR32BG1B\GCC\libbluetooth.a(init.c.obj)
                0x00011336                bg_pre_sleep
 .text.bg_post_wakeup
                0x00011338        0x2 C:\work\EFM32\soc-empty\protocol\bluetooth\lib\EFR32BG1B\GCC\libbluetooth.a(init.c.obj)
                0x00011338                bg_post_wakeup
 *fill*         0x0001133a        0x2 
 .text.bg_radio_init
                0x0001133c       0xe4 C:\work\EFM32\soc-empty\protocol\bluetooth\lib\EFR32BG1B\GCC\libbluetooth.a(init.c.obj)
                0x0001133c                bg_radio_init
 .text.bg_low_init
                0x00011420       0x20 C:\work\EFM32\soc-empty\protocol\bluetooth\lib\EFR32BG1B\GCC\libbluetooth.a(init.c.obj)
                0x00011420                bg_low_init
 .text.ll_task_default_callback
                0x00011440       0x10 C:\work\EFM32\soc-empty\protocol\bluetooth\lib\EFR32BG1B\GCC\libbluetooth.a(ll_task.c.obj)
 .text.gecko_priority_handle
                0x00011450       0x18 C:\work\EFM32\soc-empty\protocol\bluetooth\lib\EFR32BG1B\GCC\libbluetooth.a(ll_task.c.obj)
                0x00011450                gecko_priority_handle
 .text.BTLE_LL_EventRaise
                0x00011468       0x20 C:\work\EFM32\soc-empty\protocol\bluetooth\lib\EFR32BG1B\GCC\libbluetooth.a(ll_task.c.obj)
                0x00011468                BTLE_LL_EventRaise
 .text.ll_task_init
                0x00011488       0x24 C:\work\EFM32\soc-empty\protocol\bluetooth\lib\EFR32BG1B\GCC\libbluetooth.a(ll_task.c.obj)
                0x00011488                ll_task_init
 .text.bgll_init
                0x000114ac       0x40 C:\work\EFM32\soc-empty\protocol\bluetooth\lib\EFR32BG1B\GCC\libbluetooth.a(ll_to_hci.c.obj)
                0x000114ac                bgll_init
 .text.ll_init_msg
                0x000114ec       0x1c C:\work\EFM32\soc-empty\protocol\bluetooth\lib\EFR32BG1B\GCC\libbluetooth.a(ll_to_hci.c.obj)
                0x000114ec                ll_init_msg
 .text.ll_to_hci_event_handler
                0x00011508       0x68 C:\work\EFM32\soc-empty\protocol\bluetooth\lib\EFR32BG1B\GCC\libbluetooth.a(ll_to_hci.c.obj)
 .text.BTLE_LLToHCIEventSAP
                0x00011570       0x38 C:\work\EFM32\soc-empty\protocol\bluetooth\lib\EFR32BG1B\GCC\libbluetooth.a(ll_to_hci.c.obj)
                0x00011570                BTLE_LLToHCIEventSAP
 .text.BTLE_LLToHCIDataSAP
                0x000115a8        0x4 C:\work\EFM32\soc-empty\protocol\bluetooth\lib\EFR32BG1B\GCC\libbluetooth.a(ll_to_hci.c.obj)
                0x000115a8                BTLE_LLToHCIDataSAP
 .text.ecode2bg
                0x000115ac       0x40 C:\work\EFM32\soc-empty\protocol\bluetooth\lib\EFR32BG1B\GCC\libbluetooth.a(pskeys.c.obj)
                0x000115ac                ecode2bg
 .text.ubt_pskey_write_callback
                0x000115ec       0x1c C:\work\EFM32\soc-empty\protocol\bluetooth\lib\EFR32BG1B\GCC\libbluetooth.a(pskeys.c.obj)
                0x000115ec                ubt_pskey_write_callback
 .text.ubt_pskey_read_callback
                0x00011608       0x1c C:\work\EFM32\soc-empty\protocol\bluetooth\lib\EFR32BG1B\GCC\libbluetooth.a(pskeys.c.obj)
                0x00011608                ubt_pskey_read_callback
 .text.nvm3_deleteObjects
                0x00011624       0x40 C:\work\EFM32\soc-empty\protocol\bluetooth\lib\EFR32BG1B\GCC\libbluetooth.a(pskeys.c.obj)
                0x00011624                nvm3_deleteObjects
 .text.ubt_pskey_delete_callback
                0x00011664       0x20 C:\work\EFM32\soc-empty\protocol\bluetooth\lib\EFR32BG1B\GCC\libbluetooth.a(pskeys.c.obj)
                0x00011664                ubt_pskey_delete_callback
 .text.ll_bgbuf_callback
                0x00011684       0x10 C:\work\EFM32\soc-empty\protocol\bluetooth\lib\EFR32BG1B\GCC\libbluetooth.a(ll_init.c.obj)
 .text.BTLE_LL_Process
                0x00011694       0xfc C:\work\EFM32\soc-empty\protocol\bluetooth\lib\EFR32BG1B\GCC\libbluetooth.a(ll_init.c.obj)
                0x00011694                BTLE_LL_Process
 .text.ll_initAllocMem
                0x00011790       0x1a C:\work\EFM32\soc-empty\protocol\bluetooth\lib\EFR32BG1B\GCC\libbluetooth.a(ll_init.c.obj)
                0x00011790                ll_initAllocMem
 *fill*         0x000117aa        0x2 
 .text.BTLE_LL_Init
                0x000117ac       0x78 C:\work\EFM32\soc-empty\protocol\bluetooth\lib\EFR32BG1B\GCC\libbluetooth.a(ll_init.c.obj)
                0x000117ac                BTLE_LL_Init
 .text.BTLE_LL_SetFlags
                0x00011824       0x18 C:\work\EFM32\soc-empty\protocol\bluetooth\lib\EFR32BG1B\GCC\libbluetooth.a(ll_init.c.obj)
                0x00011824                BTLE_LL_SetFlags
 .text.BTLE_LL_ClearFlags
                0x0001183c       0x18 C:\work\EFM32\soc-empty\protocol\bluetooth\lib\EFR32BG1B\GCC\libbluetooth.a(ll_init.c.obj)
                0x0001183c                BTLE_LL_ClearFlags
 .text.BTLE_LL_GetFlags
                0x00011854        0xc C:\work\EFM32\soc-empty\protocol\bluetooth\lib\EFR32BG1B\GCC\libbluetooth.a(ll_init.c.obj)
                0x00011854                BTLE_LL_GetFlags
 .text.BTLE_LL_SetMaxPower
                0x00011860       0x10 C:\work\EFM32\soc-empty\protocol\bluetooth\lib\EFR32BG1B\GCC\libbluetooth.a(ll_init.c.obj)
                0x00011860                BTLE_LL_SetMaxPower
 .text.BTLE_LL_GetRadioHandle
                0x00011870        0x4 C:\work\EFM32\soc-empty\protocol\bluetooth\lib\EFR32BG1B\GCC\libbluetooth.a(ll_init.c.obj)
                0x00011870                BTLE_LL_GetRadioHandle
 .text.ll_initSetRandomAddress
                0x00011874       0x14 C:\work\EFM32\soc-empty\protocol\bluetooth\lib\EFR32BG1B\GCC\libbluetooth.a(ll_init.c.obj)
                0x00011874                ll_initSetRandomAddress
 .text.ll_initGetRandomAddress
                0x00011888        0x8 C:\work\EFM32\soc-empty\protocol\bluetooth\lib\EFR32BG1B\GCC\libbluetooth.a(ll_init.c.obj)
                0x00011888                ll_initGetRandomAddress
 .text.ll_advExtTaskHandlerWaitTx
                0x00011890        0x2 C:\work\EFM32\soc-empty\protocol\bluetooth\lib\EFR32BG1B\GCC\libbluetooth.a(ll_adv.c.obj)
                0x00011890                ll_advExtTaskHandlerWaitTx
 .text.ll_advTaskHandlerWaitConnectRsp
                0x00011892        0x2 C:\work\EFM32\soc-empty\protocol\bluetooth\lib\EFR32BG1B\GCC\libbluetooth.a(ll_adv.c.obj)
                0x00011892                ll_advTaskHandlerWaitConnectRsp
 .text.ll_advGetByHandle
                0x00011894       0x48 C:\work\EFM32\soc-empty\protocol\bluetooth\lib\EFR32BG1B\GCC\libbluetooth.a(ll_adv.c.obj)
                0x00011894                ll_advGetByHandle
 .text.ll_advRaiseEvents
                0x000118dc       0x18 C:\work\EFM32\soc-empty\protocol\bluetooth\lib\EFR32BG1B\GCC\libbluetooth.a(ll_adv.c.obj)
                0x000118dc                ll_advRaiseEvents
 .text.ll_advTaskInitAdv
                0x000118f4       0x90 C:\work\EFM32\soc-empty\protocol\bluetooth\lib\EFR32BG1B\GCC\libbluetooth.a(ll_adv.c.obj)
                0x000118f4                ll_advTaskInitAdv
 .text.ll_advTaskStopHandle
                0x00011984       0x22 C:\work\EFM32\soc-empty\protocol\bluetooth\lib\EFR32BG1B\GCC\libbluetooth.a(ll_adv.c.obj)
                0x00011984                ll_advTaskStopHandle
 .text.ll_advTaskReschedule
                0x000119a6       0xb0 C:\work\EFM32\soc-empty\protocol\bluetooth\lib\EFR32BG1B\GCC\libbluetooth.a(ll_adv.c.obj)
                0x000119a6                ll_advTaskReschedule
 *fill*         0x00011a56        0x2 
 .text.ll_advTaskNextChannelOrReschedule
                0x00011a58       0x74 C:\work\EFM32\soc-empty\protocol\bluetooth\lib\EFR32BG1B\GCC\libbluetooth.a(ll_adv.c.obj)
 .text.ll_advAllocMem
                0x00011acc       0x38 C:\work\EFM32\soc-empty\protocol\bluetooth\lib\EFR32BG1B\GCC\libbluetooth.a(ll_adv.c.obj)
                0x00011acc                ll_advAllocMem
 .text.ll_advHandleEvent
                0x00011b04       0xcc C:\work\EFM32\soc-empty\protocol\bluetooth\lib\EFR32BG1B\GCC\libbluetooth.a(ll_adv.c.obj)
                0x00011b04                ll_advHandleEvent
 .text.ll_advEnable
                0x00011bd0       0xd8 C:\work\EFM32\soc-empty\protocol\bluetooth\lib\EFR32BG1B\GCC\libbluetooth.a(ll_adv.c.obj)
                0x00011bd0                ll_advEnable
 .text.ll_advCopyAddress
                0x00011ca8       0x34 C:\work\EFM32\soc-empty\protocol\bluetooth\lib\EFR32BG1B\GCC\libbluetooth.a(ll_adv.c.obj)
                0x00011ca8                ll_advCopyAddress
 .text.ll_advSetPacketHeader
                0x00011cdc       0xa8 C:\work\EFM32\soc-empty\protocol\bluetooth\lib\EFR32BG1B\GCC\libbluetooth.a(ll_adv.c.obj)
                0x00011cdc                ll_advSetPacketHeader
 .text.ll_advTaskHandlerCommon
                0x00011d84       0xd0 C:\work\EFM32\soc-empty\protocol\bluetooth\lib\EFR32BG1B\GCC\libbluetooth.a(ll_adv.c.obj)
                0x00011d84                ll_advTaskHandlerCommon
 .text.ll_advTaskHandlerWaitTx
                0x00011e54        0xe C:\work\EFM32\soc-empty\protocol\bluetooth\lib\EFR32BG1B\GCC\libbluetooth.a(ll_adv.c.obj)
                0x00011e54                ll_advTaskHandlerWaitTx
 *fill*         0x00011e62        0x2 
 .text.ll_advTaskHandlerScanRsp
                0x00011e64       0x34 C:\work\EFM32\soc-empty\protocol\bluetooth\lib\EFR32BG1B\GCC\libbluetooth.a(ll_adv.c.obj)
                0x00011e64                ll_advTaskHandlerScanRsp
 .text.ll_advValidatePacket
                0x00011e98       0xd8 C:\work\EFM32\soc-empty\protocol\bluetooth\lib\EFR32BG1B\GCC\libbluetooth.a(ll_adv.c.obj)
                0x00011e98                ll_advValidatePacket
 .text.ll_advSetRandomAddress
                0x00011f70        0xe C:\work\EFM32\soc-empty\protocol\bluetooth\lib\EFR32BG1B\GCC\libbluetooth.a(ll_adv.c.obj)
                0x00011f70                ll_advSetRandomAddress
 .text.ll_advExtUpdateMaxEventLength
                0x00011f7e        0x4 C:\work\EFM32\soc-empty\protocol\bluetooth\lib\EFR32BG1B\GCC\libbluetooth.a(ll_adv.c.obj)
                0x00011f7e                ll_advExtUpdateMaxEventLength
 *fill*         0x00011f82        0x2 
 .text.ll_advUpdateMaxEventLength
                0x00011f84       0x84 C:\work\EFM32\soc-empty\protocol\bluetooth\lib\EFR32BG1B\GCC\libbluetooth.a(ll_adv.c.obj)
                0x00011f84                ll_advUpdateMaxEventLength
 .text.ll_advSetParameters
                0x00012008      0x142 C:\work\EFM32\soc-empty\protocol\bluetooth\lib\EFR32BG1B\GCC\libbluetooth.a(ll_adv.c.obj)
                0x00012008                ll_advSetParameters
 .text.ll_advSetData
                0x0001214a       0xda C:\work\EFM32\soc-empty\protocol\bluetooth\lib\EFR32BG1B\GCC\libbluetooth.a(ll_adv.c.obj)
                0x0001214a                ll_advSetData
 .text.ll_advExtUpdateChannelMap
                0x00012224        0x2 C:\work\EFM32\soc-empty\protocol\bluetooth\lib\EFR32BG1B\GCC\libbluetooth.a(ll_adv.c.obj)
                0x00012224                ll_advExtUpdateChannelMap
 *fill*         0x00012226        0x2 
 .text.ll_advInit
                0x00012228       0x74 C:\work\EFM32\soc-empty\protocol\bluetooth\lib\EFR32BG1B\GCC\libbluetooth.a(ll_adv.c.obj)
                0x00012228                ll_advInit
 .text.ll_advExtCreateConnectRsp
                0x0001229c        0x2 C:\work\EFM32\soc-empty\protocol\bluetooth\lib\EFR32BG1B\GCC\libbluetooth.a(ll_adv.c.obj)
                0x0001229c                ll_advExtCreateConnectRsp
 *fill*         0x0001229e        0x2 
 .text.ll_advHandleConnectReq
                0x000122a0       0xec C:\work\EFM32\soc-empty\protocol\bluetooth\lib\EFR32BG1B\GCC\libbluetooth.a(ll_adv.c.obj)
                0x000122a0                ll_advHandleConnectReq
 .text.ll_advTaskRxHandle
                0x0001238c       0xc4 C:\work\EFM32\soc-empty\protocol\bluetooth\lib\EFR32BG1B\GCC\libbluetooth.a(ll_adv.c.obj)
                0x0001238c                ll_advTaskRxHandle
 .text.ll_advTaskHandlerWaitRx
                0x00012450       0x34 C:\work\EFM32\soc-empty\protocol\bluetooth\lib\EFR32BG1B\GCC\libbluetooth.a(ll_adv.c.obj)
                0x00012450                ll_advTaskHandlerWaitRx
 .text.ll_advExtSyncEventHandler
                0x00012484        0x2 C:\work\EFM32\soc-empty\protocol\bluetooth\lib\EFR32BG1B\GCC\libbluetooth.a(ll_adv_ext-stubs.c.obj)
                0x00012484                ll_advExtSyncEventHandler
 .text.ll_allocPeriodicAdv
                0x00012486        0x2 C:\work\EFM32\soc-empty\protocol\bluetooth\lib\EFR32BG1B\GCC\libbluetooth.a(ll_adv_sync-stubs.c.obj)
                0x00012486                ll_allocPeriodicAdv
 .text.ll_advSyncGetDataPtr
                0x00012488        0x4 C:\work\EFM32\soc-empty\protocol\bluetooth\lib\EFR32BG1B\GCC\libbluetooth.a(ll_adv_sync-stubs.c.obj)
                0x00012488                ll_advSyncGetDataPtr
 .text.ll_aoxConnectionEvent
                0x0001248c        0x2 C:\work\EFM32\soc-empty\protocol\bluetooth\lib\EFR32BG1B\GCC\libbluetooth.a(ll_aox-stubs.c.obj)
                0x0001248c                ll_aoxConnectionEvent
 .text.ll_aoxFetchCteRspPacketCteInfo
                0x0001248e        0x6 C:\work\EFM32\soc-empty\protocol\bluetooth\lib\EFR32BG1B\GCC\libbluetooth.a(ll_aox-stubs.c.obj)
                0x0001248e                ll_aoxFetchCteRspPacketCteInfo
 .text.ll_aoxRxPacketReceived
                0x00012494        0x4 C:\work\EFM32\soc-empty\protocol\bluetooth\lib\EFR32BG1B\GCC\libbluetooth.a(ll_aox-stubs.c.obj)
                0x00012494                ll_aoxRxPacketReceived
 .text.ll_aoxEvent
                0x00012498        0x2 C:\work\EFM32\soc-empty\protocol\bluetooth\lib\EFR32BG1B\GCC\libbluetooth.a(ll_aox-stubs.c.obj)
                0x00012498                ll_aoxEvent
 .text.ll_aoxLlcpPacket
                0x0001249a        0x4 C:\work\EFM32\soc-empty\protocol\bluetooth\lib\EFR32BG1B\GCC\libbluetooth.a(ll_aox-stubs.c.obj)
                0x0001249a                ll_aoxLlcpPacket
 .text.ll_aoxHciCommand
                0x0001249e        0x4 C:\work\EFM32\soc-empty\protocol\bluetooth\lib\EFR32BG1B\GCC\libbluetooth.a(ll_aox-stubs.c.obj)
                0x0001249e                ll_aoxHciCommand
 .text.ll_channelmapEvent
                0x000124a2        0x2 C:\work\EFM32\soc-empty\protocol\bluetooth\lib\EFR32BG1B\GCC\libbluetooth.a(ll_channelmap.c.obj)
                0x000124a2                ll_channelmapEvent
 .text.ll_channelmapSetChannelClassification
                0x000124a4       0x10 C:\work\EFM32\soc-empty\protocol\bluetooth\lib\EFR32BG1B\GCC\libbluetooth.a(ll_channelmap.c.obj)
                0x000124a4                ll_channelmapSetChannelClassification
 .text.ll_channelmapInit
                0x000124b4       0x14 C:\work\EFM32\soc-empty\protocol\bluetooth\lib\EFR32BG1B\GCC\libbluetooth.a(ll_channelmap.c.obj)
                0x000124b4                ll_channelmapInit
 .text.ll_channelmapQualityAdjust
                0x000124c8        0x2 C:\work\EFM32\soc-empty\protocol\bluetooth\lib\EFR32BG1B\GCC\libbluetooth.a(ll_channelmap.c.obj)
                0x000124c8                ll_channelmapQualityAdjust
 .text.ll_channelmapIsAdaptive
                0x000124ca        0x4 C:\work\EFM32\soc-empty\protocol\bluetooth\lib\EFR32BG1B\GCC\libbluetooth.a(ll_channelmap.c.obj)
                0x000124ca                ll_channelmapIsAdaptive
 *fill*         0x000124ce        0x2 
 .text.ll_channelmapIsBlocked
                0x000124d0       0x1c C:\work\EFM32\soc-empty\protocol\bluetooth\lib\EFR32BG1B\GCC\libbluetooth.a(ll_channelmap.c.obj)
                0x000124d0                ll_channelmapIsBlocked
 .text.ll_channelmapCanUseHighPower
                0x000124ec        0x4 C:\work\EFM32\soc-empty\protocol\bluetooth\lib\EFR32BG1B\GCC\libbluetooth.a(ll_channelmap.c.obj)
                0x000124ec                ll_channelmapCanUseHighPower
 .text.ll_channelmapUsedChannels
                0x000124f0       0x28 C:\work\EFM32\soc-empty\protocol\bluetooth\lib\EFR32BG1B\GCC\libbluetooth.a(ll_channelmap.c.obj)
                0x000124f0                ll_channelmapUsedChannels
 .text.ll_channelmapGetChannelMap
                0x00012518       0x18 C:\work\EFM32\soc-empty\protocol\bluetooth\lib\EFR32BG1B\GCC\libbluetooth.a(ll_channelmap.c.obj)
                0x00012518                ll_channelmapGetChannelMap
 .text.ll_channelmapUpdate
                0x00012530       0x7e C:\work\EFM32\soc-empty\protocol\bluetooth\lib\EFR32BG1B\GCC\libbluetooth.a(ll_channelmap.c.obj)
                0x00012530                ll_channelmapUpdate
 .text.ll_channelmapValidate
                0x000125ae        0x6 C:\work\EFM32\soc-empty\protocol\bluetooth\lib\EFR32BG1B\GCC\libbluetooth.a(ll_channelmap.c.obj)
                0x000125ae                ll_channelmapValidate
 .text.ll_channelmapAlgorithm1
                0x000125b4        0x6 C:\work\EFM32\soc-empty\protocol\bluetooth\lib\EFR32BG1B\GCC\libbluetooth.a(ll_channelmap.c.obj)
                0x000125b4                ll_channelmapAlgorithm1
 *fill*         0x000125ba        0x2 
 .text.ll_channelmapAlgorithm2
                0x000125bc       0x80 C:\work\EFM32\soc-empty\protocol\bluetooth\lib\EFR32BG1B\GCC\libbluetooth.a(ll_channelmap.c.obj)
                0x000125bc                ll_channelmapAlgorithm2
 .text.bg_bit_clr_atomic
                0x0001263c       0x18 C:\work\EFM32\soc-empty\protocol\bluetooth\lib\EFR32BG1B\GCC\libbluetooth.a(ll_conn.c.obj)
 .text.bg_bit_set_exclusive
                0x00012654       0x10 C:\work\EFM32\soc-empty\protocol\bluetooth\lib\EFR32BG1B\GCC\libbluetooth.a(ll_conn.c.obj)
 .text.bg_bit_clr_exclusive
                0x00012664       0x12 C:\work\EFM32\soc-empty\protocol\bluetooth\lib\EFR32BG1B\GCC\libbluetooth.a(ll_conn.c.obj)
 *fill*         0x00012676        0x2 
 .text.ll_connUpdatePriority.part.3
                0x00012678       0x44 C:\work\EFM32\soc-empty\protocol\bluetooth\lib\EFR32BG1B\GCC\libbluetooth.a(ll_conn.c.obj)
 .text.bg_bit_set_atomic.constprop.12
                0x000126bc       0x24 C:\work\EFM32\soc-empty\protocol\bluetooth\lib\EFR32BG1B\GCC\libbluetooth.a(ll_conn.c.obj)
 .text.ll_connCheckCloseEvent.part.6
                0x000126e0       0x50 C:\work\EFM32\soc-empty\protocol\bluetooth\lib\EFR32BG1B\GCC\libbluetooth.a(ll_conn.c.obj)
 .text.ll_connLLCPGetState
                0x00012730        0xe C:\work\EFM32\soc-empty\protocol\bluetooth\lib\EFR32BG1B\GCC\libbluetooth.a(ll_conn.c.obj)
                0x00012730                ll_connLLCPGetState
 .text.ll_connEncGetState
                0x0001273e        0x4 C:\work\EFM32\soc-empty\protocol\bluetooth\lib\EFR32BG1B\GCC\libbluetooth.a(ll_conn.c.obj)
                0x0001273e                ll_connEncGetState
 .text.ll_connGetFlags
                0x00012742        0x4 C:\work\EFM32\soc-empty\protocol\bluetooth\lib\EFR32BG1B\GCC\libbluetooth.a(ll_conn.c.obj)
                0x00012742                ll_connGetFlags
 .text.ll_connSetFlags
                0x00012746        0x6 C:\work\EFM32\soc-empty\protocol\bluetooth\lib\EFR32BG1B\GCC\libbluetooth.a(ll_conn.c.obj)
                0x00012746                ll_connSetFlags
 .text.ll_connClearFlags
                0x0001274c        0x6 C:\work\EFM32\soc-empty\protocol\bluetooth\lib\EFR32BG1B\GCC\libbluetooth.a(ll_conn.c.obj)
                0x0001274c                ll_connClearFlags
 .text.ll_connGetRSSI
                0x00012752        0x6 C:\work\EFM32\soc-empty\protocol\bluetooth\lib\EFR32BG1B\GCC\libbluetooth.a(ll_conn.c.obj)
                0x00012752                ll_connGetRSSI
 .text.ll_connTimerToEvent
                0x00012758       0x36 C:\work\EFM32\soc-empty\protocol\bluetooth\lib\EFR32BG1B\GCC\libbluetooth.a(ll_conn.c.obj)
                0x00012758                ll_connTimerToEvent
 .text.ll_connAddWindow
                0x0001278e       0x42 C:\work\EFM32\soc-empty\protocol\bluetooth\lib\EFR32BG1B\GCC\libbluetooth.a(ll_conn.c.obj)
                0x0001278e                ll_connAddWindow
 .text.ll_connControlPacketsQueued
                0x000127d0       0x22 C:\work\EFM32\soc-empty\protocol\bluetooth\lib\EFR32BG1B\GCC\libbluetooth.a(ll_conn.c.obj)
                0x000127d0                ll_connControlPacketsQueued
 .text.ll_connSetErrorReason
                0x000127f2        0x6 C:\work\EFM32\soc-empty\protocol\bluetooth\lib\EFR32BG1B\GCC\libbluetooth.a(ll_conn.c.obj)
                0x000127f2                ll_connSetErrorReason
 .text.ll_connGetByHandle
                0x000127f8       0x28 C:\work\EFM32\soc-empty\protocol\bluetooth\lib\EFR32BG1B\GCC\libbluetooth.a(ll_conn.c.obj)
                0x000127f8                ll_connGetByHandle
 .text.ll_connGetHandleByConn
                0x00012820       0x2c C:\work\EFM32\soc-empty\protocol\bluetooth\lib\EFR32BG1B\GCC\libbluetooth.a(ll_conn.c.obj)
                0x00012820                ll_connGetHandleByConn
 .text.ll_connRaiseEvents
                0x0001284c       0x1e C:\work\EFM32\soc-empty\protocol\bluetooth\lib\EFR32BG1B\GCC\libbluetooth.a(ll_conn.c.obj)
                0x0001284c                ll_connRaiseEvents
 *fill*         0x0001286a        0x2 
 .text.ll_connLoadTxPacket
                0x0001286c      0x104 C:\work\EFM32\soc-empty\protocol\bluetooth\lib\EFR32BG1B\GCC\libbluetooth.a(ll_conn.c.obj)
 .text.ll_connGetAnchor
                0x00012970       0x24 C:\work\EFM32\soc-empty\protocol\bluetooth\lib\EFR32BG1B\GCC\libbluetooth.a(ll_conn.c.obj)
                0x00012970                ll_connGetAnchor
 .text.ll_connCalcNextEvent
                0x00012994       0x78 C:\work\EFM32\soc-empty\protocol\bluetooth\lib\EFR32BG1B\GCC\libbluetooth.a(ll_conn.c.obj)
                0x00012994                ll_connCalcNextEvent
 .text.ll_connEndEvent
                0x00012a0c      0x16c C:\work\EFM32\soc-empty\protocol\bluetooth\lib\EFR32BG1B\GCC\libbluetooth.a(ll_conn.c.obj)
 .text.ll_connHandleRx
                0x00012b78      0x1e8 C:\work\EFM32\soc-empty\protocol\bluetooth\lib\EFR32BG1B\GCC\libbluetooth.a(ll_conn.c.obj)
                0x00012b78                ll_connHandleRx
 .text.ll_connHandleTx
                0x00012d60       0x54 C:\work\EFM32\soc-empty\protocol\bluetooth\lib\EFR32BG1B\GCC\libbluetooth.a(ll_conn.c.obj)
                0x00012d60                ll_connHandleTx
 .text.ll_connInitEvent
                0x00012db4       0x70 C:\work\EFM32\soc-empty\protocol\bluetooth\lib\EFR32BG1B\GCC\libbluetooth.a(ll_conn.c.obj)
                0x00012db4                ll_connInitEvent
 .text.ll_connMasterTaskHandler
                0x00012e24       0x7c C:\work\EFM32\soc-empty\protocol\bluetooth\lib\EFR32BG1B\GCC\libbluetooth.a(ll_conn.c.obj)
                0x00012e24                ll_connMasterTaskHandler
 .text.ll_connSlaveTaskHandler
                0x00012ea0       0x74 C:\work\EFM32\soc-empty\protocol\bluetooth\lib\EFR32BG1B\GCC\libbluetooth.a(ll_conn.c.obj)
                0x00012ea0                ll_connSlaveTaskHandler
 .text.ll_connAllocMem
                0x00012f14       0x5c C:\work\EFM32\soc-empty\protocol\bluetooth\lib\EFR32BG1B\GCC\libbluetooth.a(ll_conn.c.obj)
                0x00012f14                ll_connAllocMem
 .text.ll_connInit
                0x00012f70       0x60 C:\work\EFM32\soc-empty\protocol\bluetooth\lib\EFR32BG1B\GCC\libbluetooth.a(ll_conn.c.obj)
                0x00012f70                ll_connInit
 .text.ll_connAlloc
                0x00012fd0       0x58 C:\work\EFM32\soc-empty\protocol\bluetooth\lib\EFR32BG1B\GCC\libbluetooth.a(ll_conn.c.obj)
                0x00012fd0                ll_connAlloc
 .text.ll_connFree
                0x00013028       0x3c C:\work\EFM32\soc-empty\protocol\bluetooth\lib\EFR32BG1B\GCC\libbluetooth.a(ll_conn.c.obj)
                0x00013028                ll_connFree
 .text.ll_connUpdateChannelMap
                0x00013064       0x10 C:\work\EFM32\soc-empty\protocol\bluetooth\lib\EFR32BG1B\GCC\libbluetooth.a(ll_conn.c.obj)
                0x00013064                ll_connUpdateChannelMap
 .text.ll_connHandleRxData
                0x00013074      0x130 C:\work\EFM32\soc-empty\protocol\bluetooth\lib\EFR32BG1B\GCC\libbluetooth.a(ll_conn.c.obj)
                0x00013074                ll_connHandleRxData
 .text.ll_connSetDefaultPacketLength
                0x000131a4        0xc C:\work\EFM32\soc-empty\protocol\bluetooth\lib\EFR32BG1B\GCC\libbluetooth.a(ll_conn.c.obj)
                0x000131a4                ll_connSetDefaultPacketLength
 .text.ll_connUpdateMaxPacketLengths
                0x000131b0       0x56 C:\work\EFM32\soc-empty\protocol\bluetooth\lib\EFR32BG1B\GCC\libbluetooth.a(ll_conn.c.obj)
                0x000131b0                ll_connUpdateMaxPacketLengths
 .text.ll_connSetParameters
                0x00013206       0x80 C:\work\EFM32\soc-empty\protocol\bluetooth\lib\EFR32BG1B\GCC\libbluetooth.a(ll_conn.c.obj)
                0x00013206                ll_connSetParameters
 .text.ll_connSetMaxPacketLengths
                0x00013286       0x52 C:\work\EFM32\soc-empty\protocol\bluetooth\lib\EFR32BG1B\GCC\libbluetooth.a(ll_conn.c.obj)
                0x00013286                ll_connSetMaxPacketLengths
 .text.ll_connSetPhy
                0x000132d8       0x3a C:\work\EFM32\soc-empty\protocol\bluetooth\lib\EFR32BG1B\GCC\libbluetooth.a(ll_conn.c.obj)
                0x000132d8                ll_connSetPhy
 .text.ll_connSetRemoteFeatures
                0x00013312       0x28 C:\work\EFM32\soc-empty\protocol\bluetooth\lib\EFR32BG1B\GCC\libbluetooth.a(ll_conn.c.obj)
                0x00013312                ll_connSetRemoteFeatures
 .text.ll_connSetVersionInformation
                0x0001333a       0x36 C:\work\EFM32\soc-empty\protocol\bluetooth\lib\EFR32BG1B\GCC\libbluetooth.a(ll_conn.c.obj)
                0x0001333a                ll_connSetVersionInformation
 .text.ll_connSetConfig
                0x00013370       0x10 C:\work\EFM32\soc-empty\protocol\bluetooth\lib\EFR32BG1B\GCC\libbluetooth.a(ll_conn.c.obj)
                0x00013370                ll_connSetConfig
 .text.ll_connClearConfig
                0x00013380       0x10 C:\work\EFM32\soc-empty\protocol\bluetooth\lib\EFR32BG1B\GCC\libbluetooth.a(ll_conn.c.obj)
                0x00013380                ll_connClearConfig
 .text.ll_connEndEventAfterCtrl
                0x00013390        0xa C:\work\EFM32\soc-empty\protocol\bluetooth\lib\EFR32BG1B\GCC\libbluetooth.a(ll_conn.c.obj)
                0x00013390                ll_connEndEventAfterCtrl
 .text.ll_connGetPhyConfig
                0x0001339a        0x6 C:\work\EFM32\soc-empty\protocol\bluetooth\lib\EFR32BG1B\GCC\libbluetooth.a(ll_conn.c.obj)
                0x0001339a                ll_connGetPhyConfig
 .text.ll_connAbortSlaveLatency
                0x000133a0       0x86 C:\work\EFM32\soc-empty\protocol\bluetooth\lib\EFR32BG1B\GCC\libbluetooth.a(ll_conn.c.obj)
                0x000133a0                ll_connAbortSlaveLatency
 .text.ll_connCreateTxPacket
                0x00013426      0x10e C:\work\EFM32\soc-empty\protocol\bluetooth\lib\EFR32BG1B\GCC\libbluetooth.a(ll_conn.c.obj)
                0x00013426                ll_connCreateTxPacket
 .text.ll_connSendData
                0x00013534      0x1d4 C:\work\EFM32\soc-empty\protocol\bluetooth\lib\EFR32BG1B\GCC\libbluetooth.a(ll_conn.c.obj)
                0x00013534                ll_connSendData
 .text.ll_connHandleHostEvents
                0x00013708      0x2d0 C:\work\EFM32\soc-empty\protocol\bluetooth\lib\EFR32BG1B\GCC\libbluetooth.a(ll_conn.c.obj)
                0x00013708                ll_connHandleHostEvents
 .text.ll_connHandleNumberOfPackets
                0x000139d8       0x12 C:\work\EFM32\soc-empty\protocol\bluetooth\lib\EFR32BG1B\GCC\libbluetooth.a(ll_conn.c.obj)
                0x000139d8                ll_connHandleNumberOfPackets
 *fill*         0x000139ea        0x2 
 .text.ll_connGetNumberOfCompletedPackets
                0x000139ec       0x84 C:\work\EFM32\soc-empty\protocol\bluetooth\lib\EFR32BG1B\GCC\libbluetooth.a(ll_conn.c.obj)
                0x000139ec                ll_connGetNumberOfCompletedPackets
 .text.ll_connEnableDataFlow
                0x00013a70       0x1a C:\work\EFM32\soc-empty\protocol\bluetooth\lib\EFR32BG1B\GCC\libbluetooth.a(ll_conn.c.obj)
                0x00013a70                ll_connEnableDataFlow
 .text.ll_connIsFeatureSupported
                0x00013a8a       0x20 C:\work\EFM32\soc-empty\protocol\bluetooth\lib\EFR32BG1B\GCC\libbluetooth.a(ll_conn.c.obj)
                0x00013a8a                ll_connIsFeatureSupported
 *fill*         0x00013aaa        0x2 
 .text.ll_connUpdatedChannelClassification
                0x00013aac       0x64 C:\work\EFM32\soc-empty\protocol\bluetooth\lib\EFR32BG1B\GCC\libbluetooth.a(ll_conn.c.obj)
                0x00013aac                ll_connUpdatedChannelClassification
 .text.ll_connValidateParams
                0x00013b10       0x3a C:\work\EFM32\soc-empty\protocol\bluetooth\lib\EFR32BG1B\GCC\libbluetooth.a(ll_conn.c.obj)
                0x00013b10                ll_connValidateParams
 *fill*         0x00013b4a        0x2 
 .text.ll_connInitNew
                0x00013b4c      0x204 C:\work\EFM32\soc-empty\protocol\bluetooth\lib\EFR32BG1B\GCC\libbluetooth.a(ll_conn.c.obj)
                0x00013b4c                ll_connInitNew
 .text.ll_connEncryptionInit
                0x00013d50        0x4 C:\work\EFM32\soc-empty\protocol\bluetooth\lib\EFR32BG1B\GCC\libbluetooth.a(ll_conn_enc.c.obj)
                0x00013d50                ll_connEncryptionInit
 .text.ll_encrypt
                0x00013d54       0x48 C:\work\EFM32\soc-empty\protocol\bluetooth\lib\EFR32BG1B\GCC\libbluetooth.a(ll_conn_enc.c.obj)
                0x00013d54                ll_encrypt
 .text.ll_connEncryptSetParams
                0x00013d9c       0x38 C:\work\EFM32\soc-empty\protocol\bluetooth\lib\EFR32BG1B\GCC\libbluetooth.a(ll_conn_enc.c.obj)
                0x00013d9c                ll_connEncryptSetParams
 .text.ll_connEncryptionConnectionInit
                0x00013dd4       0x36 C:\work\EFM32\soc-empty\protocol\bluetooth\lib\EFR32BG1B\GCC\libbluetooth.a(ll_conn_enc.c.obj)
                0x00013dd4                ll_connEncryptionConnectionInit
 .text.ll_connEncrypted
                0x00013e0a       0x14 C:\work\EFM32\soc-empty\protocol\bluetooth\lib\EFR32BG1B\GCC\libbluetooth.a(ll_conn_enc.c.obj)
                0x00013e0a                ll_connEncrypted
 .text.ll_connEncryptionFail
                0x00013e1e       0x16 C:\work\EFM32\soc-empty\protocol\bluetooth\lib\EFR32BG1B\GCC\libbluetooth.a(ll_conn_enc.c.obj)
                0x00013e1e                ll_connEncryptionFail
 .text.ll_connEncryptionSetSessionKey
                0x00013e34       0x4e C:\work\EFM32\soc-empty\protocol\bluetooth\lib\EFR32BG1B\GCC\libbluetooth.a(ll_conn_enc.c.obj)
                0x00013e34                ll_connEncryptionSetSessionKey
 *fill*         0x00013e82        0x2 
 .text.ll_connEncBufferToData
                0x00013e84       0x2c C:\work\EFM32\soc-empty\protocol\bluetooth\lib\EFR32BG1B\GCC\libbluetooth.a(ll_conn_enc.c.obj)
                0x00013e84                ll_connEncBufferToData
 .text.ll_connEncDataToBuffer
                0x00013eb0       0x28 C:\work\EFM32\soc-empty\protocol\bluetooth\lib\EFR32BG1B\GCC\libbluetooth.a(ll_conn_enc.c.obj)
                0x00013eb0                ll_connEncDataToBuffer
 .text.ll_connDataTxEncrypt
                0x00013ed8       0x68 C:\work\EFM32\soc-empty\protocol\bluetooth\lib\EFR32BG1B\GCC\libbluetooth.a(ll_conn_enc.c.obj)
                0x00013ed8                ll_connDataTxEncrypt
 .text.ll_connDataRxDecrypt
                0x00013f40       0x6a C:\work\EFM32\soc-empty\protocol\bluetooth\lib\EFR32BG1B\GCC\libbluetooth.a(ll_conn_enc.c.obj)
                0x00013f40                ll_connDataRxDecrypt
 .text.ll_hciSetCommandCompleteHeader
                0x00013faa       0x22 C:\work\EFM32\soc-empty\protocol\bluetooth\lib\EFR32BG1B\GCC\libbluetooth.a(ll_hci.c.obj)
                0x00013faa                ll_hciSetCommandCompleteHeader
 .text.ll_hciSetMetaEventHeader
                0x00013fcc       0x1a C:\work\EFM32\soc-empty\protocol\bluetooth\lib\EFR32BG1B\GCC\libbluetooth.a(ll_hci.c.obj)
                0x00013fcc                ll_hciSetMetaEventHeader
 .text.ll_hciSetCommandStatusHeader
                0x00013fe6       0x22 C:\work\EFM32\soc-empty\protocol\bluetooth\lib\EFR32BG1B\GCC\libbluetooth.a(ll_hci.c.obj)
                0x00013fe6                ll_hciSetCommandStatusHeader
 .text.ll_hciSendHCIEvent
                0x00014008       0x1c C:\work\EFM32\soc-empty\protocol\bluetooth\lib\EFR32BG1B\GCC\libbluetooth.a(ll_hci.c.obj)
                0x00014008                ll_hciSendHCIEvent
 .text.ll_hciSendGenericCommandComplete
                0x00014024       0x10 C:\work\EFM32\soc-empty\protocol\bluetooth\lib\EFR32BG1B\GCC\libbluetooth.a(ll_hci.c.obj)
                0x00014024                ll_hciSendGenericCommandComplete
 .text.ll_hciInit
                0x00014034       0x34 C:\work\EFM32\soc-empty\protocol\bluetooth\lib\EFR32BG1B\GCC\libbluetooth.a(ll_hci.c.obj)
                0x00014034                ll_hciInit
 .text.ll_hciGetSharedCommand
                0x00014068        0xc C:\work\EFM32\soc-empty\protocol\bluetooth\lib\EFR32BG1B\GCC\libbluetooth.a(ll_hci.c.obj)
                0x00014068                ll_hciGetSharedCommand
 .text.ll_hciGetSharedResponse
                0x00014074        0xc C:\work\EFM32\soc-empty\protocol\bluetooth\lib\EFR32BG1B\GCC\libbluetooth.a(ll_hci.c.obj)
                0x00014074                ll_hciGetSharedResponse
 .text.ll_hciCall
                0x00014080       0x20 C:\work\EFM32\soc-empty\protocol\bluetooth\lib\EFR32BG1B\GCC\libbluetooth.a(ll_hci.c.obj)
                0x00014080                ll_hciCall
 .text.BTLE_HCIToLLCmdSAP
                0x000140a0       0x30 C:\work\EFM32\soc-empty\protocol\bluetooth\lib\EFR32BG1B\GCC\libbluetooth.a(ll_hci.c.obj)
                0x000140a0                BTLE_HCIToLLCmdSAP
 .text.BTLE_HCIToLLDataSAP
                0x000140d0       0x44 C:\work\EFM32\soc-empty\protocol\bluetooth\lib\EFR32BG1B\GCC\libbluetooth.a(ll_hci.c.obj)
                0x000140d0                BTLE_HCIToLLDataSAP
 .text.ll_hciHandleDisconnect
                0x00014114       0x46 C:\work\EFM32\soc-empty\protocol\bluetooth\lib\EFR32BG1B\GCC\libbluetooth.a(ll_hci.c.obj)
                0x00014114                ll_hciHandleDisconnect
 .text.ll_hciHandleUnknown
                0x0001415a        0xc C:\work\EFM32\soc-empty\protocol\bluetooth\lib\EFR32BG1B\GCC\libbluetooth.a(ll_hci.c.obj)
                0x0001415a                ll_hciHandleUnknown
 .text.ll_hciHandleReset
                0x00014166       0x18 C:\work\EFM32\soc-empty\protocol\bluetooth\lib\EFR32BG1B\GCC\libbluetooth.a(ll_hci.c.obj)
                0x00014166                ll_hciHandleReset
 *fill*         0x0001417e        0x2 
 .text.ll_hciHandleReadBDADDR
                0x00014180       0x2c C:\work\EFM32\soc-empty\protocol\bluetooth\lib\EFR32BG1B\GCC\libbluetooth.a(ll_hci.c.obj)
                0x00014180                ll_hciHandleReadBDADDR
 .text.ll_hciHandleSetHostChannelClassification
                0x000141ac       0x3e C:\work\EFM32\soc-empty\protocol\bluetooth\lib\EFR32BG1B\GCC\libbluetooth.a(ll_hci.c.obj)
                0x000141ac                ll_hciHandleSetHostChannelClassification
 .text.ll_hciHandleLeWriteRfPathCompensation
                0x000141ea       0x26 C:\work\EFM32\soc-empty\protocol\bluetooth\lib\EFR32BG1B\GCC\libbluetooth.a(ll_hci.c.obj)
                0x000141ea                ll_hciHandleLeWriteRfPathCompensation
 .text.ll_hciHandleLeStartEncryption
                0x00014210       0x50 C:\work\EFM32\soc-empty\protocol\bluetooth\lib\EFR32BG1B\GCC\libbluetooth.a(ll_hci.c.obj)
                0x00014210                ll_hciHandleLeStartEncryption
 .text.ll_hciHandleLeLtkNegReply
                0x00014260       0x3a C:\work\EFM32\soc-empty\protocol\bluetooth\lib\EFR32BG1B\GCC\libbluetooth.a(ll_hci.c.obj)
                0x00014260                ll_hciHandleLeLtkNegReply
 .text.ll_hciHandleLeLtkReply
                0x0001429a       0x44 C:\work\EFM32\soc-empty\protocol\bluetooth\lib\EFR32BG1B\GCC\libbluetooth.a(ll_hci.c.obj)
                0x0001429a                ll_hciHandleLeLtkReply
 .text.ll_hciHandleSiliconLabsSetConnectionConfigBits
                0x000142de       0x30 C:\work\EFM32\soc-empty\protocol\bluetooth\lib\EFR32BG1B\GCC\libbluetooth.a(ll_hci.c.obj)
                0x000142de                ll_hciHandleSiliconLabsSetConnectionConfigBits
 .text.ll_hciHandleSiliconLabsClearConnectionConfigBits
                0x0001430e       0x30 C:\work\EFM32\soc-empty\protocol\bluetooth\lib\EFR32BG1B\GCC\libbluetooth.a(ll_hci.c.obj)
                0x0001430e                ll_hciHandleSiliconLabsClearConnectionConfigBits
 .text.ll_hciHandleSiliconLabsConfigFlags
                0x0001433e       0x46 C:\work\EFM32\soc-empty\protocol\bluetooth\lib\EFR32BG1B\GCC\libbluetooth.a(ll_hci.c.obj)
                0x0001433e                ll_hciHandleSiliconLabsConfigFlags
 .text.ll_hciHandleSiliconLabsGetCounters
                0x00014384       0x56 C:\work\EFM32\soc-empty\protocol\bluetooth\lib\EFR32BG1B\GCC\libbluetooth.a(ll_hci.c.obj)
                0x00014384                ll_hciHandleSiliconLabsGetCounters
 .text.ll_hciHandleSiliconLabsGetTiming
                0x000143da       0x1e C:\work\EFM32\soc-empty\protocol\bluetooth\lib\EFR32BG1B\GCC\libbluetooth.a(ll_hci.c.obj)
                0x000143da                ll_hciHandleSiliconLabsGetTiming
 .text.ll_hciHandleSiliconLabsConfigure
                0x000143f8       0x98 C:\work\EFM32\soc-empty\protocol\bluetooth\lib\EFR32BG1B\GCC\libbluetooth.a(ll_hci.c.obj)
                0x000143f8                ll_hciHandleSiliconLabsConfigure
 .text.ll_hciHandleLeSetRandomAddress
                0x00014490       0x32 C:\work\EFM32\soc-empty\protocol\bluetooth\lib\EFR32BG1B\GCC\libbluetooth.a(ll_hci.c.obj)
                0x00014490                ll_hciHandleLeSetRandomAddress
 *fill*         0x000144c2        0x2 
 .text.ll_hciCmdSetExtendedAdvertisingParameters
                0x000144c4      0x10c C:\work\EFM32\soc-empty\protocol\bluetooth\lib\EFR32BG1B\GCC\libbluetooth.a(ll_hci.c.obj)
                0x000144c4                ll_hciCmdSetExtendedAdvertisingParameters
 .text.ll_hciHandleLeSetExtendedScanParameters
                0x000145d0       0x3a C:\work\EFM32\soc-empty\protocol\bluetooth\lib\EFR32BG1B\GCC\libbluetooth.a(ll_hci.c.obj)
                0x000145d0                ll_hciHandleLeSetExtendedScanParameters
 .text.ll_hciHandleLeSetScanParameters
                0x0001460a       0x3e C:\work\EFM32\soc-empty\protocol\bluetooth\lib\EFR32BG1B\GCC\libbluetooth.a(ll_hci.c.obj)
                0x0001460a                ll_hciHandleLeSetScanParameters
 .text.ll_hciHandleLeSetExtendedScanEnable
                0x00014648       0x36 C:\work\EFM32\soc-empty\protocol\bluetooth\lib\EFR32BG1B\GCC\libbluetooth.a(ll_hci.c.obj)
                0x00014648                ll_hciHandleLeSetExtendedScanEnable
 .text.ll_hciHandleLeConnectionUpdate
                0x0001467e       0x60 C:\work\EFM32\soc-empty\protocol\bluetooth\lib\EFR32BG1B\GCC\libbluetooth.a(ll_hci.c.obj)
                0x0001467e                ll_hciHandleLeConnectionUpdate
 .text.ll_hciHandleLeCreateConnectionCancel
                0x000146de       0x30 C:\work\EFM32\soc-empty\protocol\bluetooth\lib\EFR32BG1B\GCC\libbluetooth.a(ll_hci.c.obj)
                0x000146de                ll_hciHandleLeCreateConnectionCancel
 .text.ll_hciHandleLeCreateConnection
                0x0001470e       0x92 C:\work\EFM32\soc-empty\protocol\bluetooth\lib\EFR32BG1B\GCC\libbluetooth.a(ll_hci.c.obj)
                0x0001470e                ll_hciHandleLeCreateConnection
 .text.ll_hciHandleLeExtendedCreateConnection
                0x000147a0       0x96 C:\work\EFM32\soc-empty\protocol\bluetooth\lib\EFR32BG1B\GCC\libbluetooth.a(ll_hci.c.obj)
                0x000147a0                ll_hciHandleLeExtendedCreateConnection
 .text.ll_hciHandleLeWriteSuggestedDefaultDataLength
                0x00014836       0x28 C:\work\EFM32\soc-empty\protocol\bluetooth\lib\EFR32BG1B\GCC\libbluetooth.a(ll_hci.c.obj)
                0x00014836                ll_hciHandleLeWriteSuggestedDefaultDataLength
 .text.ll_hciHandleLeSetDataLength
                0x0001485e       0x5a C:\work\EFM32\soc-empty\protocol\bluetooth\lib\EFR32BG1B\GCC\libbluetooth.a(ll_hci.c.obj)
                0x0001485e                ll_hciHandleLeSetDataLength
 .text.ll_hciReadRemoteUsedFeatures
                0x000148b8       0x40 C:\work\EFM32\soc-empty\protocol\bluetooth\lib\EFR32BG1B\GCC\libbluetooth.a(ll_hci.c.obj)
                0x000148b8                ll_hciReadRemoteUsedFeatures
 .text.ll_hciReadRemoteVersionInformation
                0x000148f8       0x40 C:\work\EFM32\soc-empty\protocol\bluetooth\lib\EFR32BG1B\GCC\libbluetooth.a(ll_hci.c.obj)
                0x000148f8                ll_hciReadRemoteVersionInformation
 .text.ll_hciHandleReadRssi
                0x00014938       0x40 C:\work\EFM32\soc-empty\protocol\bluetooth\lib\EFR32BG1B\GCC\libbluetooth.a(ll_hci.c.obj)
                0x00014938                ll_hciHandleReadRssi
 .text.ll_hciSendLeConnectionUpdate
                0x00014978       0x3a C:\work\EFM32\soc-empty\protocol\bluetooth\lib\EFR32BG1B\GCC\libbluetooth.a(ll_hci.c.obj)
                0x00014978                ll_hciSendLeConnectionUpdate
 .text.ll_hciSendLeConnectionComplete
                0x000149b2       0x74 C:\work\EFM32\soc-empty\protocol\bluetooth\lib\EFR32BG1B\GCC\libbluetooth.a(ll_hci.c.obj)
                0x000149b2                ll_hciSendLeConnectionComplete
 .text.ll_hciSendVersionComplete
                0x00014a26       0x4a C:\work\EFM32\soc-empty\protocol\bluetooth\lib\EFR32BG1B\GCC\libbluetooth.a(ll_hci.c.obj)
                0x00014a26                ll_hciSendVersionComplete
 .text.ll_hciSendUsedFeaturesComplete
                0x00014a70       0x34 C:\work\EFM32\soc-empty\protocol\bluetooth\lib\EFR32BG1B\GCC\libbluetooth.a(ll_hci.c.obj)
                0x00014a70                ll_hciSendUsedFeaturesComplete
 .text.ll_hciSendEncryptionKeyRefreshComplete
                0x00014aa4       0x30 C:\work\EFM32\soc-empty\protocol\bluetooth\lib\EFR32BG1B\GCC\libbluetooth.a(ll_hci.c.obj)
                0x00014aa4                ll_hciSendEncryptionKeyRefreshComplete
 .text.ll_hciSendEncryptionChange
                0x00014ad4       0x38 C:\work\EFM32\soc-empty\protocol\bluetooth\lib\EFR32BG1B\GCC\libbluetooth.a(ll_hci.c.obj)
                0x00014ad4                ll_hciSendEncryptionChange
 .text.ll_hciSendLeDataLengthChanged
                0x00014b0c       0x44 C:\work\EFM32\soc-empty\protocol\bluetooth\lib\EFR32BG1B\GCC\libbluetooth.a(ll_hci.c.obj)
                0x00014b0c                ll_hciSendLeDataLengthChanged
 .text.ll_hciSendLeLtkRequest
                0x00014b50       0x3a C:\work\EFM32\soc-empty\protocol\bluetooth\lib\EFR32BG1B\GCC\libbluetooth.a(ll_hci.c.obj)
                0x00014b50                ll_hciSendLeLtkRequest
 .text.ll_hciSendScanTimeout
                0x00014b8a       0x1a C:\work\EFM32\soc-empty\protocol\bluetooth\lib\EFR32BG1B\GCC\libbluetooth.a(ll_hci.c.obj)
                0x00014b8a                ll_hciSendScanTimeout
 .text.ll_hciSendAdvSetTerminated
                0x00014ba4       0x40 C:\work\EFM32\soc-empty\protocol\bluetooth\lib\EFR32BG1B\GCC\libbluetooth.a(ll_hci.c.obj)
                0x00014ba4                ll_hciSendAdvSetTerminated
 .text.ll_hciSendScanRequestReceived
                0x00014be4       0x32 C:\work\EFM32\soc-empty\protocol\bluetooth\lib\EFR32BG1B\GCC\libbluetooth.a(ll_hci.c.obj)
                0x00014be4                ll_hciSendScanRequestReceived
 .text.ll_hciSendLeChannelSelectionAlgorithm
                0x00014c16       0x2e C:\work\EFM32\soc-empty\protocol\bluetooth\lib\EFR32BG1B\GCC\libbluetooth.a(ll_hci.c.obj)
                0x00014c16                ll_hciSendLeChannelSelectionAlgorithm
 .text.ll_hciSendNumberOfCompletedPackets
                0x00014c44       0x2e C:\work\EFM32\soc-empty\protocol\bluetooth\lib\EFR32BG1B\GCC\libbluetooth.a(ll_hci.c.obj)
                0x00014c44                ll_hciSendNumberOfCompletedPackets
 .text.ll_hciHandleCommand
                0x00014c72      0x202 C:\work\EFM32\soc-empty\protocol\bluetooth\lib\EFR32BG1B\GCC\libbluetooth.a(ll_hci.c.obj)
                0x00014c72                ll_hciHandleCommand
 .text.ll_hciSendDisconnection
                0x00014e74       0x34 C:\work\EFM32\soc-empty\protocol\bluetooth\lib\EFR32BG1B\GCC\libbluetooth.a(ll_hci.c.obj)
                0x00014e74                ll_hciSendDisconnection
 .text.ll_hciSendLeAdvertisingReport
                0x00014ea8       0x2a C:\work\EFM32\soc-empty\protocol\bluetooth\lib\EFR32BG1B\GCC\libbluetooth.a(ll_hci.c.obj)
                0x00014ea8                ll_hciSendLeAdvertisingReport
 .text.ll_hciHandleACL
                0x00014ed2       0x40 C:\work\EFM32\soc-empty\protocol\bluetooth\lib\EFR32BG1B\GCC\libbluetooth.a(ll_hci.c.obj)
                0x00014ed2                ll_hciHandleACL
 *fill*         0x00014f12        0x2 
 .text.ll_hciHandleMessage
                0x00014f14       0x48 C:\work\EFM32\soc-empty\protocol\bluetooth\lib\EFR32BG1B\GCC\libbluetooth.a(ll_hci.c.obj)
                0x00014f14                ll_hciHandleMessage
 .text.ll_hciAclPacketReceived
                0x00014f5c        0x4 C:\work\EFM32\soc-empty\protocol\bluetooth\lib\EFR32BG1B\GCC\libbluetooth.a(ll_hci.c.obj)
                0x00014f5c                ll_hciAclPacketReceived
 .text.ll_hciCmdSetExtendedAdvertisingData
                0x00014f60       0x40 C:\work\EFM32\soc-empty\protocol\bluetooth\lib\EFR32BG1B\GCC\libbluetooth.a(ll_hci.c.obj)
                0x00014f60                ll_hciCmdSetExtendedAdvertisingData
 .text.ll_hciCmdSetExtendedScanResponseData
                0x00014fa0       0x40 C:\work\EFM32\soc-empty\protocol\bluetooth\lib\EFR32BG1B\GCC\libbluetooth.a(ll_hci.c.obj)
                0x00014fa0                ll_hciCmdSetExtendedScanResponseData
 .text.ll_hciCmdSetExtendedAdvertisingEnable
                0x00014fe0       0x80 C:\work\EFM32\soc-empty\protocol\bluetooth\lib\EFR32BG1B\GCC\libbluetooth.a(ll_hci.c.obj)
                0x00014fe0                ll_hciCmdSetExtendedAdvertisingEnable
 .text.ll_hciCmdSetAdvertisingSetRandomAddress
                0x00015060       0x38 C:\work\EFM32\soc-empty\protocol\bluetooth\lib\EFR32BG1B\GCC\libbluetooth.a(ll_hci.c.obj)
                0x00015060                ll_hciCmdSetAdvertisingSetRandomAddress
 .text.ll_initPhy
                0x00015098        0x2 C:\work\EFM32\soc-empty\protocol\bluetooth\lib\EFR32BG1B\GCC\libbluetooth.a(ll_hci_phy.c.obj)
                0x00015098                ll_initPhy
 *fill*         0x0001509a        0x2 
 .text.ll_hciSendLePhyUpdateComplete
                0x0001509c       0x4c C:\work\EFM32\soc-empty\protocol\bluetooth\lib\EFR32BG1B\GCC\libbluetooth.a(ll_hci_phy.c.obj)
                0x0001509c                ll_hciSendLePhyUpdateComplete
 .text.ll_hciCmdLeReadPhy
                0x000150e8       0x60 C:\work\EFM32\soc-empty\protocol\bluetooth\lib\EFR32BG1B\GCC\libbluetooth.a(ll_hci_phy.c.obj)
                0x000150e8                ll_hciCmdLeReadPhy
 .text.ll_llcpCallbackLinkLost
                0x00015148        0x4 C:\work\EFM32\soc-empty\protocol\bluetooth\lib\EFR32BG1B\GCC\libbluetooth.a(ll_llcp.c.obj)
 .text.ll_connIsSlave
                0x0001514c        0xc C:\work\EFM32\soc-empty\protocol\bluetooth\lib\EFR32BG1B\GCC\libbluetooth.a(ll_llcp.c.obj)
 .text.ll_llcpCallbackRemoteTerminate
                0x00015158        0xc C:\work\EFM32\soc-empty\protocol\bluetooth\lib\EFR32BG1B\GCC\libbluetooth.a(ll_llcp.c.obj)
 .text.ll_llcpCallbackLocalTerminate
                0x00015164       0x18 C:\work\EFM32\soc-empty\protocol\bluetooth\lib\EFR32BG1B\GCC\libbluetooth.a(ll_llcp.c.obj)
 .text.ll_llcpHandleEvent
                0x0001517c       0x42 C:\work\EFM32\soc-empty\protocol\bluetooth\lib\EFR32BG1B\GCC\libbluetooth.a(ll_llcp.c.obj)
                0x0001517c                ll_llcpHandleEvent
 .text.ll_llcpSend
                0x000151be       0x1a C:\work\EFM32\soc-empty\protocol\bluetooth\lib\EFR32BG1B\GCC\libbluetooth.a(ll_llcp.c.obj)
                0x000151be                ll_llcpSend
 .text.ll_llcpSendVersionInd
                0x000151d8       0x40 C:\work\EFM32\soc-empty\protocol\bluetooth\lib\EFR32BG1B\GCC\libbluetooth.a(ll_llcp.c.obj)
 .text.ll_llcpHandleFeatureReq
                0x00015218       0x3e C:\work\EFM32\soc-empty\protocol\bluetooth\lib\EFR32BG1B\GCC\libbluetooth.a(ll_llcp.c.obj)
 .text.ll_llcpSendReject
                0x00015256       0x58 C:\work\EFM32\soc-empty\protocol\bluetooth\lib\EFR32BG1B\GCC\libbluetooth.a(ll_llcp.c.obj)
                0x00015256                ll_llcpSendReject
 *fill*         0x000152ae        0x2 
 .text.ll_llcpGenericValidation
                0x000152b0       0x78 C:\work\EFM32\soc-empty\protocol\bluetooth\lib\EFR32BG1B\GCC\libbluetooth.a(ll_llcp.c.obj)
                0x000152b0                ll_llcpGenericValidation
 .text.ll_llcpInitPacket
                0x00015328       0x14 C:\work\EFM32\soc-empty\protocol\bluetooth\lib\EFR32BG1B\GCC\libbluetooth.a(ll_llcp.c.obj)
                0x00015328                ll_llcpInitPacket
 .text.ll_llcpEventKeyRequest
                0x0001533c       0x24 C:\work\EFM32\soc-empty\protocol\bluetooth\lib\EFR32BG1B\GCC\libbluetooth.a(ll_llcp.c.obj)
                0x0001533c                ll_llcpEventKeyRequest
 .text.ll_connSetLlcpCallback
                0x00015360       0x88 C:\work\EFM32\soc-empty\protocol\bluetooth\lib\EFR32BG1B\GCC\libbluetooth.a(ll_llcp.c.obj)
                0x00015360                ll_connSetLlcpCallback
 .text.ll_llcpConnectionUpdate_sender
                0x000153e8       0xc0 C:\work\EFM32\soc-empty\protocol\bluetooth\lib\EFR32BG1B\GCC\libbluetooth.a(ll_llcp.c.obj)
 .text.ll_llcpUpdateChannelMap_sender
                0x000154a8       0x70 C:\work\EFM32\soc-empty\protocol\bluetooth\lib\EFR32BG1B\GCC\libbluetooth.a(ll_llcp.c.obj)
 .text.ll_llcpFeatureExchange_sender
                0x00015518       0x78 C:\work\EFM32\soc-empty\protocol\bluetooth\lib\EFR32BG1B\GCC\libbluetooth.a(ll_llcp.c.obj)
 .text.ll_llcpReadVersionInformation_sender
                0x00015590       0x2c C:\work\EFM32\soc-empty\protocol\bluetooth\lib\EFR32BG1B\GCC\libbluetooth.a(ll_llcp.c.obj)
 .text.ll_llcpSendLengthReq_sender
                0x000155bc       0x6c C:\work\EFM32\soc-empty\protocol\bluetooth\lib\EFR32BG1B\GCC\libbluetooth.a(ll_llcp.c.obj)
 .text.ll_llcpStartEncryption_sender
                0x00015628      0x100 C:\work\EFM32\soc-empty\protocol\bluetooth\lib\EFR32BG1B\GCC\libbluetooth.a(ll_llcp.c.obj)
 .text.ll_connClearLlcpCallback
                0x00015728       0x3e C:\work\EFM32\soc-empty\protocol\bluetooth\lib\EFR32BG1B\GCC\libbluetooth.a(ll_llcp.c.obj)
                0x00015728                ll_connClearLlcpCallback
 .text.ll_llcpCallbackConnectionUpdateParams
                0x00015766       0x68 C:\work\EFM32\soc-empty\protocol\bluetooth\lib\EFR32BG1B\GCC\libbluetooth.a(ll_llcp.c.obj)
 *fill*         0x000157ce        0x2 
 .text.ll_llcpCallbackConnectionUpdatePreListen
                0x000157d0       0x4c C:\work\EFM32\soc-empty\protocol\bluetooth\lib\EFR32BG1B\GCC\libbluetooth.a(ll_llcp.c.obj)
 .text.ll_llcpCallbackChannelMapUpdate
                0x0001581c       0x48 C:\work\EFM32\soc-empty\protocol\bluetooth\lib\EFR32BG1B\GCC\libbluetooth.a(ll_llcp.c.obj)
 .text.ll_llcpCallbackChannelMapUpdateMaster
                0x00015864       0x28 C:\work\EFM32\soc-empty\protocol\bluetooth\lib\EFR32BG1B\GCC\libbluetooth.a(ll_llcp.c.obj)
 .text.ll_connAbortLlcp
                0x0001588c       0x24 C:\work\EFM32\soc-empty\protocol\bluetooth\lib\EFR32BG1B\GCC\libbluetooth.a(ll_llcp.c.obj)
                0x0001588c                ll_connAbortLlcp
 .text.ll_llcpCommonTimeout.isra.1
                0x000158b0       0x32 C:\work\EFM32\soc-empty\protocol\bluetooth\lib\EFR32BG1B\GCC\libbluetooth.a(ll_llcp.c.obj)
 .text.ll_llcpCallbackLengthReqSent
                0x000158e2        0x4 C:\work\EFM32\soc-empty\protocol\bluetooth\lib\EFR32BG1B\GCC\libbluetooth.a(ll_llcp.c.obj)
 .text.ll_llcpCallbackFeatureReqSent
                0x000158e6       0x26 C:\work\EFM32\soc-empty\protocol\bluetooth\lib\EFR32BG1B\GCC\libbluetooth.a(ll_llcp.c.obj)
 .text.ll_llcpVersionExchange
                0x0001590c        0x4 C:\work\EFM32\soc-empty\protocol\bluetooth\lib\EFR32BG1B\GCC\libbluetooth.a(ll_llcp.c.obj)
 .text.ll_llcpCallbackEncryption
                0x00015910       0x72 C:\work\EFM32\soc-empty\protocol\bluetooth\lib\EFR32BG1B\GCC\libbluetooth.a(ll_llcp.c.obj)
 .text.ll_llcpLtkReply
                0x00015982       0x72 C:\work\EFM32\soc-empty\protocol\bluetooth\lib\EFR32BG1B\GCC\libbluetooth.a(ll_llcp.c.obj)
                0x00015982                ll_llcpLtkReply
 .text.ll_llcpDisconnect
                0x000159f4       0x80 C:\work\EFM32\soc-empty\protocol\bluetooth\lib\EFR32BG1B\GCC\libbluetooth.a(ll_llcp.c.obj)
                0x000159f4                ll_llcpDisconnect
 .text.ll_llcpLinkLost
                0x00015a74       0x3c C:\work\EFM32\soc-empty\protocol\bluetooth\lib\EFR32BG1B\GCC\libbluetooth.a(ll_llcp.c.obj)
                0x00015a74                ll_llcpLinkLost
 .text.ll_llcpCheckInstant
                0x00015ab0       0x22 C:\work\EFM32\soc-empty\protocol\bluetooth\lib\EFR32BG1B\GCC\libbluetooth.a(ll_llcp.c.obj)
                0x00015ab0                ll_llcpCheckInstant
 *fill*         0x00015ad2        0x2 
 .text.ll_llcpHandlePacketCommon
                0x00015ad4      0x280 C:\work\EFM32\soc-empty\protocol\bluetooth\lib\EFR32BG1B\GCC\libbluetooth.a(ll_llcp.c.obj)
                0x00015ad4                ll_llcpHandlePacketCommon
 .text.ll_llcpHandlePacketMaster
                0x00015d54      0x104 C:\work\EFM32\soc-empty\protocol\bluetooth\lib\EFR32BG1B\GCC\libbluetooth.a(ll_llcp.c.obj)
                0x00015d54                ll_llcpHandlePacketMaster
 .text.ll_llcpHandlePacketSlave
                0x00015e58      0x214 C:\work\EFM32\soc-empty\protocol\bluetooth\lib\EFR32BG1B\GCC\libbluetooth.a(ll_llcp.c.obj)
                0x00015e58                ll_llcpHandlePacketSlave
 .text.ll_llcpHandlePacket
                0x0001606c       0x2c C:\work\EFM32\soc-empty\protocol\bluetooth\lib\EFR32BG1B\GCC\libbluetooth.a(ll_llcp.c.obj)
                0x0001606c                ll_llcpHandlePacket
 .text.ll_llcpGetInstantProcedure
                0x00016098       0x28 C:\work\EFM32\soc-empty\protocol\bluetooth\lib\EFR32BG1B\GCC\libbluetooth.a(ll_llcp.c.obj)
                0x00016098                ll_llcpGetInstantProcedure
 .text.ll_llcpGetNextEvent
                0x000160c0       0x58 C:\work\EFM32\soc-empty\protocol\bluetooth\lib\EFR32BG1B\GCC\libbluetooth.a(ll_llcp.c.obj)
                0x000160c0                ll_llcpGetNextEvent
 .text.ll_startOrQueueProcedure
                0x00016118       0x5a C:\work\EFM32\soc-empty\protocol\bluetooth\lib\EFR32BG1B\GCC\libbluetooth.a(ll_llcp.c.obj)
                0x00016118                ll_startOrQueueProcedure
 *fill*         0x00016172        0x2 
 .text.ll_llcpConnectionUpdate
                0x00016174       0x30 C:\work\EFM32\soc-empty\protocol\bluetooth\lib\EFR32BG1B\GCC\libbluetooth.a(ll_llcp.c.obj)
                0x00016174                ll_llcpConnectionUpdate
 .text.ll_llcpUpdateChannelMap
                0x000161a4        0xc C:\work\EFM32\soc-empty\protocol\bluetooth\lib\EFR32BG1B\GCC\libbluetooth.a(ll_llcp.c.obj)
                0x000161a4                ll_llcpUpdateChannelMap
 .text.ll_llcpFeatureExchange
                0x000161b0       0x4c C:\work\EFM32\soc-empty\protocol\bluetooth\lib\EFR32BG1B\GCC\libbluetooth.a(ll_llcp.c.obj)
                0x000161b0                ll_llcpFeatureExchange
 .text.ll_llcpReadVersionInformation
                0x000161fc       0x48 C:\work\EFM32\soc-empty\protocol\bluetooth\lib\EFR32BG1B\GCC\libbluetooth.a(ll_llcp.c.obj)
                0x000161fc                ll_llcpReadVersionInformation
 .text.ll_llcpSendLengthReq
                0x00016244       0x34 C:\work\EFM32\soc-empty\protocol\bluetooth\lib\EFR32BG1B\GCC\libbluetooth.a(ll_llcp.c.obj)
                0x00016244                ll_llcpSendLengthReq
 .text.ll_llcpStartEncryption
                0x00016278       0x30 C:\work\EFM32\soc-empty\protocol\bluetooth\lib\EFR32BG1B\GCC\libbluetooth.a(ll_llcp.c.obj)
                0x00016278                ll_llcpStartEncryption
 .text.ll_llcpClean
                0x000162a8       0x34 C:\work\EFM32\soc-empty\protocol\bluetooth\lib\EFR32BG1B\GCC\libbluetooth.a(ll_llcp.c.obj)
                0x000162a8                ll_llcpClean
 .text.llcp_HandleQueue
                0x000162dc       0x40 C:\work\EFM32\soc-empty\protocol\bluetooth\lib\EFR32BG1B\GCC\libbluetooth.a(ll_llcp.c.obj)
                0x000162dc                llcp_HandleQueue
 .text.getSupportedPhys
                0x0001631c       0x24 C:\work\EFM32\soc-empty\protocol\bluetooth\lib\EFR32BG1B\GCC\libbluetooth.a(ll_llcp_phy.c.obj)
 .text.phyUpdateComplete.isra.0
                0x00016340       0x62 C:\work\EFM32\soc-empty\protocol\bluetooth\lib\EFR32BG1B\GCC\libbluetooth.a(ll_llcp_phy.c.obj)
 .text.ll_llcpCallbackPhyUpdate
                0x000163a2       0x4a C:\work\EFM32\soc-empty\protocol\bluetooth\lib\EFR32BG1B\GCC\libbluetooth.a(ll_llcp_phy.c.obj)
                0x000163a2                ll_llcpCallbackPhyUpdate
 .text.ll_llcpUpdatePhyAtInstant
                0x000163ec       0x54 C:\work\EFM32\soc-empty\protocol\bluetooth\lib\EFR32BG1B\GCC\libbluetooth.a(ll_llcp_phy.c.obj)
 .text.ll_llcpCallbackPhyUpdateInstant
                0x00016440       0x24 C:\work\EFM32\soc-empty\protocol\bluetooth\lib\EFR32BG1B\GCC\libbluetooth.a(ll_llcp_phy.c.obj)
 .text.ll_llcpMasterUpdatePhy
                0x00016464       0xd8 C:\work\EFM32\soc-empty\protocol\bluetooth\lib\EFR32BG1B\GCC\libbluetooth.a(ll_llcp_phy.c.obj)
 .text.ll_llcpMasterHandlePhyReq
                0x0001653c       0x30 C:\work\EFM32\soc-empty\protocol\bluetooth\lib\EFR32BG1B\GCC\libbluetooth.a(ll_llcp_phy.c.obj)
                0x0001653c                ll_llcpMasterHandlePhyReq
 .text.ll_llcpMasterHandlePhyRsp
                0x0001656c       0x24 C:\work\EFM32\soc-empty\protocol\bluetooth\lib\EFR32BG1B\GCC\libbluetooth.a(ll_llcp_phy.c.obj)
                0x0001656c                ll_llcpMasterHandlePhyRsp
 .text.ll_llcpSlaveHandlePhyReq
                0x00016590       0xcc C:\work\EFM32\soc-empty\protocol\bluetooth\lib\EFR32BG1B\GCC\libbluetooth.a(ll_llcp_phy.c.obj)
                0x00016590                ll_llcpSlaveHandlePhyReq
 .text.ll_llcpSlaveHandlePhyUpdateInd
                0x0001665c       0x30 C:\work\EFM32\soc-empty\protocol\bluetooth\lib\EFR32BG1B\GCC\libbluetooth.a(ll_llcp_phy.c.obj)
                0x0001665c                ll_llcpSlaveHandlePhyUpdateInd
 .text.ll_llcpHandlePacketPhyMaster
                0x0001668c       0x22 C:\work\EFM32\soc-empty\protocol\bluetooth\lib\EFR32BG1B\GCC\libbluetooth.a(ll_llcp_phy.c.obj)
                0x0001668c                ll_llcpHandlePacketPhyMaster
 .text.ll_llcpHandlePacketPhySlave
                0x000166ae       0x22 C:\work\EFM32\soc-empty\protocol\bluetooth\lib\EFR32BG1B\GCC\libbluetooth.a(ll_llcp_phy.c.obj)
                0x000166ae                ll_llcpHandlePacketPhySlave
 .text.ll_radioTimerExpired
                0x000166d0        0x4 C:\work\EFM32\soc-empty\protocol\bluetooth\lib\EFR32BG1B\GCC\libbluetooth.a(ll_radio.c.obj)
 .text.ll_radioAllocatePacket
                0x000166d4       0x6c C:\work\EFM32\soc-empty\protocol\bluetooth\lib\EFR32BG1B\GCC\libbluetooth.a(ll_radio.c.obj)
 .text.toPhysChannel
                0x00016740       0x2c C:\work\EFM32\soc-empty\protocol\bluetooth\lib\EFR32BG1B\GCC\libbluetooth.a(ll_radio.c.obj)
 .text.ll_radioRaiseLLEvents
                0x0001676c       0x28 C:\work\EFM32\soc-empty\protocol\bluetooth\lib\EFR32BG1B\GCC\libbluetooth.a(ll_radio.c.obj)
 .text.commandError.isra.3
                0x00016794        0x6 C:\work\EFM32\soc-empty\protocol\bluetooth\lib\EFR32BG1B\GCC\libbluetooth.a(ll_radio.c.obj)
 *fill*         0x0001679a        0x2 
 .text.enableRx2Tx
                0x0001679c       0x70 C:\work\EFM32\soc-empty\protocol\bluetooth\lib\EFR32BG1B\GCC\libbluetooth.a(ll_radio.c.obj)
 .text.enableTx2Rx
                0x0001680c       0x54 C:\work\EFM32\soc-empty\protocol\bluetooth\lib\EFR32BG1B\GCC\libbluetooth.a(ll_radio.c.obj)
 .text.ll_radioRxFilter
                0x00016860        0x4 C:\work\EFM32\soc-empty\protocol\bluetooth\lib\EFR32BG1B\GCC\libbluetooth.a(ll_radio.c.obj)
                0x00016860                ll_radioRxFilter
 .text.ll_radioGetContextHandle
                0x00016864        0xc C:\work\EFM32\soc-empty\protocol\bluetooth\lib\EFR32BG1B\GCC\libbluetooth.a(ll_radio.c.obj)
                0x00016864                ll_radioGetContextHandle
 .text.ll_radioHalt
                0x00016870       0x48 C:\work\EFM32\soc-empty\protocol\bluetooth\lib\EFR32BG1B\GCC\libbluetooth.a(ll_radio.c.obj)
                0x00016870                ll_radioHalt
 .text.ll_radioReadRxPacket
                0x000168b8      0x100 C:\work\EFM32\soc-empty\protocol\bluetooth\lib\EFR32BG1B\GCC\libbluetooth.a(ll_radio.c.obj)
                0x000168b8                ll_radioReadRxPacket
 .text.ll_radioReadRxPacketDetails
                0x000169b8       0x54 C:\work\EFM32\soc-empty\protocol\bluetooth\lib\EFR32BG1B\GCC\libbluetooth.a(ll_radio.c.obj)
                0x000169b8                ll_radioReadRxPacketDetails
 .text.ll_radioStop