Archive member included to satisfy reference by file (symbol)

C:\work\EFM32\soc-empty\protocol\bluetooth\lib\EFR32BG1B\GCC\libbluetooth.a(bgapi.c.obj)
                              ./app.o (gecko_rsp_msg_buf)
C:\work\EFM32\soc-empty\protocol\bluetooth\lib\EFR32BG1B\GCC\libbluetooth.a(bglib.c.obj)
                              ./app.o (gecko_wait_event)
C:\work\EFM32\soc-empty\protocol\bluetooth\lib\EFR32BG1B\GCC\libbluetooth.a(gecko_endpoints.c.obj)
                              C:\work\EFM32\soc-empty\protocol\bluetooth\lib\EFR32BG1B\GCC\libbluetooth.a(bglib.c.obj) (gecko_release_evt)
C:\work\EFM32\soc-empty\protocol\bluetooth\lib\EFR32BG1B\GCC\libbluetooth.a(init.c.obj)
                              C:\work\EFM32\soc-empty\protocol\bluetooth\lib\EFR32BG1B\GCC\libbluetooth.a(bglib.c.obj) (bg_radio_init)
C:\work\EFM32\soc-empty\protocol\bluetooth\lib\EFR32BG1B\GCC\libbluetooth.a(ll_task.c.obj)
                              C:\work\EFM32\soc-empty\protocol\bluetooth\lib\EFR32BG1B\GCC\libbluetooth.a(bglib.c.obj) (ll_task_init)
C:\work\EFM32\soc-empty\protocol\bluetooth\lib\EFR32BG1B\GCC\libbluetooth.a(ll_to_hci.c.obj)
                              C:\work\EFM32\soc-empty\protocol\bluetooth\lib\EFR32BG1B\GCC\libbluetooth.a(init.c.obj) (bgll_init)
C:\work\EFM32\soc-empty\protocol\bluetooth\lib\EFR32BG1B\GCC\libbluetooth.a(pskeys.c.obj)
                              C:\work\EFM32\soc-empty\protocol\bluetooth\lib\EFR32BG1B\GCC\libbluetooth.a(bglib.c.obj) (ecode2bg)
C:\work\EFM32\soc-empty\protocol\bluetooth\lib\EFR32BG1B\GCC\libbluetooth.a(ll_init.c.obj)
                              C:\work\EFM32\soc-empty\protocol\bluetooth\lib\EFR32BG1B\GCC\libbluetooth.a(ll_task.c.obj) (BTLE_LL_Process)
C:\work\EFM32\soc-empty\protocol\bluetooth\lib\EFR32BG1B\GCC\libbluetooth.a(ll_adv.c.obj)
                              C:\work\EFM32\soc-empty\protocol\bluetooth\lib\EFR32BG1B\GCC\libbluetooth.a(ll_init.c.obj) (ll_advAllocMem)
C:\work\EFM32\soc-empty\protocol\bluetooth\lib\EFR32BG1B\GCC\libbluetooth.a(ll_adv_ext-stubs.c.obj)
                              C:\work\EFM32\soc-empty\protocol\bluetooth\lib\EFR32BG1B\GCC\libbluetooth.a(ll_init.c.obj) (ll_advExtSyncEventHandler)
C:\work\EFM32\soc-empty\protocol\bluetooth\lib\EFR32BG1B\GCC\libbluetooth.a(ll_adv_sync-stubs.c.obj)
                              C:\work\EFM32\soc-empty\protocol\bluetooth\lib\EFR32BG1B\GCC\libbluetooth.a(bglib.c.obj) (ll_allocPeriodicAdv)
C:\work\EFM32\soc-empty\protocol\bluetooth\lib\EFR32BG1B\GCC\libbluetooth.a(ll_aox-stubs.c.obj)
                              C:\work\EFM32\soc-empty\protocol\bluetooth\lib\EFR32BG1B\GCC\libbluetooth.a(ll_init.c.obj) (ll_aoxEvent)
C:\work\EFM32\soc-empty\protocol\bluetooth\lib\EFR32BG1B\GCC\libbluetooth.a(ll_channelmap.c.obj)
                              C:\work\EFM32\soc-empty\protocol\bluetooth\lib\EFR32BG1B\GCC\libbluetooth.a(ll_init.c.obj) (ll_channelmapEvent)
C:\work\EFM32\soc-empty\protocol\bluetooth\lib\EFR32BG1B\GCC\libbluetooth.a(ll_conn.c.obj)
                              C:\work\EFM32\soc-empty\protocol\bluetooth\lib\EFR32BG1B\GCC\libbluetooth.a(ll_init.c.obj) (ll_connGetByHandle)
C:\work\EFM32\soc-empty\protocol\bluetooth\lib\EFR32BG1B\GCC\libbluetooth.a(ll_conn_enc.c.obj)
                              C:\work\EFM32\soc-empty\protocol\bluetooth\lib\EFR32BG1B\GCC\libbluetooth.a(ll_init.c.obj) (ll_connEncryptionInit)
C:\work\EFM32\soc-empty\protocol\bluetooth\lib\EFR32BG1B\GCC\libbluetooth.a(ll_hci.c.obj)
                              C:\work\EFM32\soc-empty\protocol\bluetooth\lib\EFR32BG1B\GCC\libbluetooth.a(ll_init.c.obj) (ll_hciInit)
C:\work\EFM32\soc-empty\protocol\bluetooth\lib\EFR32BG1B\GCC\libbluetooth.a(ll_hci_phy.c.obj)
                              C:\work\EFM32\soc-empty\protocol\bluetooth\lib\EFR32BG1B\GCC\libbluetooth.a(init.c.obj) (ll_initPhy)
C:\work\EFM32\soc-empty\protocol\bluetooth\lib\EFR32BG1B\GCC\libbluetooth.a(ll_llcp.c.obj)
                              C:\work\EFM32\soc-empty\protocol\bluetooth\lib\EFR32BG1B\GCC\libbluetooth.a(ll_conn.c.obj) (ll_llcpHandleEvent)
C:\work\EFM32\soc-empty\protocol\bluetooth\lib\EFR32BG1B\GCC\libbluetooth.a(ll_llcp_phy.c.obj)
                              C:\work\EFM32\soc-empty\protocol\bluetooth\lib\EFR32BG1B\GCC\libbluetooth.a(ll_hci_phy.c.obj) (ll_llcpPhyUpdate)
C:\work\EFM32\soc-empty\protocol\bluetooth\lib\EFR32BG1B\GCC\libbluetooth.a(ll_radio.c.obj)
                              C:\work\EFM32\soc-empty\protocol\bluetooth\lib\EFR32BG1B\GCC\libbluetooth.a(ll_init.c.obj) (ll_radioGetContextHandle)
C:\work\EFM32\soc-empty\protocol\bluetooth\lib\EFR32BG1B\GCC\libbluetooth.a(ll_radio_pa.c.obj)
                              C:\work\EFM32\soc-empty\protocol\bluetooth\lib\EFR32BG1B\GCC\libbluetooth.a(ll_init.c.obj) (ll_radioGetMaxTxPower)
C:\work\EFM32\soc-empty\protocol\bluetooth\lib\EFR32BG1B\GCC\libbluetooth.a(ll_radio_multiprotocol.c.obj)
[...]
Memory Configuration

Name             Origin             Length             Attributes
FLASH_BOOTLOADER 0x00000000         0x00004000         xr
FLASH            0x00004000         0x0003c000         xr
RAM              0x20000000         0x00007c00         xrw
*default*        0x00000000         0xffffffff

Linker script and memory map

LOAD c:/siliconlabs/simplicitystudio/v4/developer/toolchains/gnu_arm/7.2_2017q4/bin/../lib/gcc/arm-none-eabi/7.2.1/thumb/v7e-m/fpv4-sp/softfp/crti.o
LOAD c:/siliconlabs/simplicitystudio/v4/developer/toolchains/gnu_arm/7.2_2017q4/bin/../lib/gcc/arm-none-eabi/7.2.1/thumb/v7e-m/fpv4-sp/softfp/crtbegin.o
LOAD c:/siliconlabs/simplicitystudio/v4/developer/toolchains/gnu_arm/7.2_2017q4/bin/../lib/gcc/arm-none-eabi/7.2.1/../../../../arm-none-eabi/lib/thumb/v7e-m/fpv4-sp/softfp/crt0.o
START GROUP
LOAD ./app/bluetooth/common/util/infrastructure.o
LOAD ./app.o
LOAD ./application_properties.o
LOAD ./gatt_db.o
LOAD ./hid.o
LOAD ./init_app.o
LOAD ./init_board_efr32xg1.o
LOAD ./init_mcu_efr32xg1.o
LOAD ./main.o
LOAD ./pti.o
LOAD ./user_pheri.o
LOAD ./hardware/kit/common/bsp/bsp_stk.o
LOAD ./hardware/kit/common/drivers/mx25flash_spi.o
LOAD ./hardware/kit/common/drivers/retargetio.o
LOAD ./hardware/kit/common/drivers/retargetserial.o
LOAD ./platform/Device/SiliconLabs/BGM1/Source/GCC/startup_bgm1.o
LOAD ./platform/Device/SiliconLabs/BGM1/Source/system_bgm1.o
LOAD ./platform/emdrv/gpiointerrupt/gpiointerrupt.o
LOAD ./platform/emdrv/sleep/src/sleep.o
LOAD ./platform/emdrv/tempdrv/src/tempdrv.o
LOAD ./platform/emlib/src/em_assert.o
LOAD ./platform/emlib/src/em_burtc.o
LOAD ./platform/emlib/src/em_cmu.o
LOAD ./platform/emlib/src/em_core.o
LOAD ./platform/emlib/src/em_cryotimer.o
LOAD ./platform/emlib/src/em_crypto.o
LOAD ./platform/emlib/src/em_emu.o
LOAD ./platform/emlib/src/em_gpio.o
LOAD ./platform/emlib/src/em_i2c.o
LOAD ./platform/emlib/src/em_msc.o
LOAD ./platform/emlib/src/em_rmu.o
LOAD ./platform/emlib/src/em_rtcc.o
LOAD ./platform/emlib/src/em_se.o
LOAD ./platform/emlib/src/em_system.o
LOAD ./platform/emlib/src/em_timer.o
LOAD ./platform/emlib/src/em_usart.o
LOAD C:\work\EFM32\soc-empty\protocol\bluetooth\lib\EFR32BG1B\GCC\libbluetooth.a
LOAD C:\work\EFM32\soc-empty\platform\radio\rail_lib\autogen\librail_release\librail_module_efr32xg1_gcc_release.a
LOAD C:\work\EFM32\soc-empty\protocol\bluetooth\lib\EFR32BG1B\GCC\libpsstore.a
LOAD C:\work\EFM32\soc-empty\protocol\bluetooth\lib\EFR32BG1B\GCC\libmbedtls.a
LOAD C:\work\EFM32\soc-empty\protocol\bluetooth\lib\EFR32BG1B\GCC\binapploader.o
LOAD C:\work\EFM32\soc-empty\platform\radio\rail_lib\autogen\librail_release\librail_config_bgm121a256v2_gcc.a
LOAD c:/siliconlabs/simplicitystudio/v4/developer/toolchains/gnu_arm/7.2_2017q4/bin/../lib/gcc/arm-none-eabi/7.2.1/../../../../arm-none-eabi/lib/thumb/v7e-m/fpv4-sp/softfp\libm.a
END GROUP
START GROUP
LOAD c:/siliconlabs/simplicitystudio/v4/developer/toolchains/gnu_arm/7.2_2017q4/bin/../lib/gcc/arm-none-eabi/7.2.1/thumb/v7e-m/fpv4-sp/softfp\libgcc.a
LOAD c:/siliconlabs/simplicitystudio/v4/developer/toolchains/gnu_arm/7.2_2017q4/bin/../lib/gcc/arm-none-eabi/7.2.1/../../../../arm-none-eabi/lib/thumb/v7e-m/fpv4-sp/softfp\libc_nano.a
LOAD c:/siliconlabs/simplicitystudio/v4/developer/toolchains/gnu_arm/7.2_2017q4/bin/../lib/gcc/arm-none-eabi/7.2.1/../../../../arm-none-eabi/lib/thumb/v7e-m/fpv4-sp/softfp\libnosys.a
END GROUP
START GROUP
LOAD c:/siliconlabs/simplicitystudio/v4/developer/toolchains/gnu_arm/7.2_2017q4/bin/../lib/gcc/arm-none-eabi/7.2.1/thumb/v7e-m/fpv4-sp/softfp\libgcc.a
LOAD c:/siliconlabs/simplicitystudio/v4/developer/toolchains/gnu_arm/7.2_2017q4/bin/../lib/gcc/arm-none-eabi/7.2.1/../../../../arm-none-eabi/lib/thumb/v7e-m/fpv4-sp/softfp\libg_nano.a
LOAD c:/siliconlabs/simplicitystudio/v4/developer/toolchains/gnu_arm/7.2_2017q4/bin/../lib/gcc/arm-none-eabi/7.2.1/../../../../arm-none-eabi/lib/thumb/v7e-m/fpv4-sp/softfp\libc_nano.a
END GROUP
START GROUP
LOAD c:/siliconlabs/simplicitystudio/v4/developer/toolchains/gnu_arm/7.2_2017q4/bin/../lib/gcc/arm-none-eabi/7.2.1/thumb/v7e-m/fpv4-sp/softfp\libgcc.a
LOAD c:/siliconlabs/simplicitystudio/v4/developer/toolchains/gnu_arm/7.2_2017q4/bin/../lib/gcc/arm-none-eabi/7.2.1/../../../../arm-none-eabi/lib/thumb/v7e-m/fpv4-sp/softfp\libc_nano.a
END GROUP
LOAD c:/siliconlabs/simplicitystudio/v4/developer/toolchains/gnu_arm/7.2_2017q4/bin/../lib/gcc/arm-none-eabi/7.2.1/thumb/v7e-m/fpv4-sp/softfp/crtend.o
LOAD c:/siliconlabs/simplicitystudio/v4/developer/toolchains/gnu_arm/7.2_2017q4/bin/../lib/gcc/arm-none-eabi/7.2.1/thumb/v7e-m/fpv4-sp/softfp/crtn.o

.text_bootloader
                0x00000000        0x0
 *(.binbootloader*)
                0x00000000                . = ALIGN (0x4000)

.text_apploader
                0x00004000     0x97c0
 *(.binapploader*)
 .binapploader  0x00004000     0x97c0 C:\work\EFM32\soc-empty\protocol\bluetooth\lib\EFR32BG1B\GCC\binapploader.o

.text_signature
                0x0000d7c0       0x40
                0x0000d800                . = ALIGN (0x800)
 *fill*         0x0000d7c0       0x40 
                0x0000d800                __text_start__ = .

.text_application
                0x0000d800    0x2136c
 *(.vectors)
 .vectors       0x0000d800       0xc8 ./platform/Device/SiliconLabs/BGM1/Source/GCC/startup_bgm1.o
                0x0000d800                __Vectors
                0x0000d8c8                __Vectors_End = .
                0x000000c8                __Vectors_Size = (__Vectors_End - __Vectors)
                0x0000d8c8                __end__ = .
 *(.application_properties)
 .application_properties
                0x0000d8c8       0x40 ./application_properties.o
                0x0000d8c8                applicationProperties
 *(.gecko_configuration)
 *(.xo_configuration)
 *(.gatt_header)
 .gatt_header   0x0000d908       0x34 ./gatt_db.o
                0x0000d908                bg_gattdb_data
 *(.gatt_data)
 .gatt_data     0x0000d93c      0x4c8 ./gatt_db.o
                0x0000d93c                bg_gattdb_data_adv_uuid128_map
                0x0000d940                bg_gattdb_data_adv_uuid16_map
                0x0000d944                bg_gattdb_data_attributes_dynamic_mapping_map
                0x0000d960                bg_gattdb_data_attributes_map
                0x0000dbdc                bg_gattdb_data_attribute_field_0
                0x0000dbe0                bg_gattdb_data_attribute_field_1
                0x0000dbe8                bg_gattdb_data_attribute_field_2
                0x0000dbf0                bg_gattdb_data_attribute_field_4
                0x0000dbf8                bg_gattdb_data_attribute_field_5
                0x0000dc00                bg_gattdb_data_attribute_field_6
                0x0000dc08                bg_gattdb_data_attribute_field_7
                0x0000dc10                bg_gattdb_data_attribute_field_8
                0x0000dc14                bg_gattdb_data_attribute_field_9
                0x0000dc1c                bg_gattdb_data_attribute_field_10
                0x0000dc24                bg_gattdb_data_attribute_field_11
                0x0000dc2c                bg_gattdb_data_attribute_field_12
                0x0000dc30                bg_gattdb_data_attribute_field_13
                0x0000dc34                bg_gattdb_data_attribute_field_14
                0x0000dc3c                bg_gattdb_data_attribute_field_15
                0x0000dc48                bg_gattdb_data_attribute_field_16
                0x0000dc50                bg_gattdb_data_attribute_field_17
                0x0000dc5c                bg_gattdb_data_attribute_field_18
                0x0000dc64                bg_gattdb_data_attribute_field_19
                0x0000dc70                bg_gattdb_data_attribute_field_20
                0x0000dc78                bg_gattdb_data_attribute_field_21
                0x0000dc80                bg_gattdb_data_attribute_field_22
                0x0000dc94                bg_gattdb_data_attribute_field_23
                0x0000dcac                bg_gattdb_data_attribute_field_24
                0x0000dcb4                bg_gattdb_data_attribute_field_25
                0x0000dcb8                bg_gattdb_data_attribute_field_26
                0x0000dcc0                bg_gattdb_data_attribute_field_27
                0x0000dcc8                bg_gattdb_data_attribute_field_28
                0x0000dccc                bg_gattdb_data_attribute_field_29
                0x0000dcd4                bg_gattdb_data_attribute_field_30
                0x0000dcdc                bg_gattdb_data_attribute_field_31
                0x0000dce4                bg_gattdb_data_attribute_field_32
                0x0000dcec                bg_gattdb_data_attribute_field_33
                0x0000dcf4                bg_gattdb_data_attribute_field_35
                0x0000dcf8                bg_gattdb_data_attribute_field_36
                0x0000dd00                bg_gattdb_data_attribute_field_37
                0x0000dd08                bg_gattdb_data_attribute_field_38
                0x0000dd0c                bg_gattdb_data_attribute_field_39
                0x0000dd14                bg_gattdb_data_attribute_field_40
                0x0000dd1c                bg_gattdb_data_attribute_field_41
                0x0000dd20                bg_gattdb_data_attribute_field_42
                0x0000dd28                bg_gattdb_data_attribute_field_43
                0x0000dd6c                bg_gattdb_data_attribute_field_44
                0x0000dd74                bg_gattdb_data_attribute_field_45
                0x0000dd7c                bg_gattdb_data_attribute_field_47
                0x0000dd84                bg_gattdb_data_attribute_field_48
                0x0000dd8c                bg_gattdb_data_attribute_field_49
                0x0000dd94                bg_gattdb_data_attribute_field_50
                0x0000dd9c                bg_gattdb_data_attribute_field_51
                0x0000dda4                bg_gattdb_data_attribute_field_52
                0x0000ddac                bg_gattdb_data_uuidtable_128_map
                0x0000ddcc                bg_gattdb_data_uuidtable_16_map
 *(.text*)
 .text          0x0000de04       0x40 c:/siliconlabs/simplicitystudio/v4/developer/toolchains/gnu_arm/7.2_2017q4/bin/../lib/gcc/arm-none-eabi/7.2.1/thumb/v7e-m/fpv4-sp/softfp/crtbegin.o
 .text          0x0000de44       0x74 c:/siliconlabs/simplicitystudio/v4/developer/toolchains/gnu_arm/7.2_2017q4/bin/../lib/gcc/arm-none-eabi/7.2.1/../../../../arm-none-eabi/lib/thumb/v7e-m/fpv4-sp/softfp/crt0.o
                0x0000de44                _start
                0x0000de44                _mainCRTStartup
 .text.appMain  0x0000deb8      0x5b8 ./app.o
                0x0000deb8                appMain
 .text.hidBootKeyInCharStatusChange
                0x0000e470       0x50 ./hid.o
                0x0000e470                hidBootKeyInCharStatusChange
 .text.hidKeyInCharStatusChange
                0x0000e4c0        0x4 ./hid.o
                0x0000e4c0                hidKeyInCharStatusChange
 .text.hidProtocolModeWrite
                0x0000e4c4       0x18 ./hid.o
                0x0000e4c4                hidProtocolModeWrite
 .text.initApp  0x0000e4dc       0x30 ./init_app.o
                0x0000e4dc                initApp
 .text.initBoard
                0x0000e50c       0x44 ./init_board_efr32xg1.o
                0x0000e50c                initBoard
 .text.initMcu  0x0000e550      0x1a4 ./init_mcu_efr32xg1.o
                0x0000e550                initMcu
 .text.startup.main
                0x0000e6f4      0x15c ./main.o
                0x0000e6f4                main
 .text.configEnablePti
                0x0000e850       0x30 ./pti.o
                0x0000e850                configEnablePti
 .text.isr_pb0  0x0000e880       0x18 ./user_pheri.o
                0x0000e880                isr_pb0
 .text.isr_pb1  0x0000e898       0x18 ./user_pheri.o
                0x0000e898                isr_pb1
 .text.init_pb  0x0000e8b0       0x78 ./user_pheri.o
                0x0000e8b0                init_pb
 .text.get_key_value
                0x0000e928       0x10 ./user_pheri.o
                0x0000e928                get_key_value
 .text.MX25_init
                0x0000e938       0xa4 ./hardware/kit/common/drivers/mx25flash_spi.o
                0x0000e938                MX25_init
 .text.MX25_deinit
                0x0000e9dc       0x54 ./hardware/kit/common/drivers/mx25flash_spi.o
                0x0000e9dc                MX25_deinit
 .text.MX25_DP  0x0000ea30       0x60 ./hardware/kit/common/drivers/mx25flash_spi.o
                0x0000ea30                MX25_DP
 .text._close   0x0000ea90        0x4 ./hardware/kit/common/drivers/retargetio.o
                0x0000ea90                _close
 .text._exit    0x0000ea94        0x4 ./hardware/kit/common/drivers/retargetio.o
                0x0000ea94                _exit
 .text._fstat   0x0000ea98        0xc ./hardware/kit/common/drivers/retargetio.o
                0x0000ea98                _fstat
 .text._isatty  0x0000eaa4        0x4 ./hardware/kit/common/drivers/retargetio.o
                0x0000eaa4                _isatty
 .text._lseek   0x0000eaa8        0x4 ./hardware/kit/common/drivers/retargetio.o
                0x0000eaa8                _lseek
 .text._read    0x0000eaac       0x2c ./hardware/kit/common/drivers/retargetio.o
                0x0000eaac                _read
 .text._sbrk    0x0000ead8       0x1c ./hardware/kit/common/drivers/retargetio.o
                0x0000ead8                _sbrk
 .text._write   0x0000eaf4       0x1c ./hardware/kit/common/drivers/retargetio.o
                0x0000eaf4                _write
 .text.USART0_RX_IRQHandler
                0x0000eb10       0x54 ./hardware/kit/common/drivers/retargetserial.o
                0x0000eb10                USART0_RX_IRQHandler
 .text.RETARGET_SerialCrLf
                0x0000eb64       0x14 ./hardware/kit/common/drivers/retargetserial.o
                0x0000eb64                RETARGET_SerialCrLf
 .text.RETARGET_SerialInit
                0x0000eb78       0xc8 ./hardware/kit/common/drivers/retargetserial.o
                0x0000eb78                RETARGET_SerialInit
 .text.RETARGET_ReadChar
                0x0000ec40       0x68 ./hardware/kit/common/drivers/retargetserial.o
                0x0000ec40                RETARGET_ReadChar
 .text.RETARGET_WriteChar
                0x0000eca8       0x48 ./hardware/kit/common/drivers/retargetserial.o
                0x0000eca8                RETARGET_WriteChar
 .text.RETARGET_SerialFlush
                0x0000ecf0       0x10 ./hardware/kit/common/drivers/retargetserial.o
                0x0000ecf0                RETARGET_SerialFlush
 .text.Default_Handler
                0x0000ed00        0x4 ./platform/Device/SiliconLabs/BGM1/Source/GCC/startup_bgm1.o
                0x0000ed00                DebugMon_Handler
                0x0000ed00                USART0_TX_IRQHandler
                0x0000ed00                I2C0_IRQHandler
                0x0000ed00                HardFault_Handler
                0x0000ed00                SysTick_Handler
                0x0000ed00                USART1_RX_IRQHandler
                0x0000ed00                PendSV_Handler
                0x0000ed00                NMI_Handler
                0x0000ed00                WDOG0_IRQHandler
                0x0000ed00                USART1_TX_IRQHandler
                0x0000ed00                MSC_IRQHandler
                0x0000ed00                ADC0_IRQHandler
                0x0000ed00                UsageFault_Handler
                0x0000ed00                LEUART0_IRQHandler
                0x0000ed00                FPUEH_IRQHandler
                0x0000ed00                LDMA_IRQHandler
                0x0000ed00                TIMER0_IRQHandler
                0x0000ed00                LETIMER0_IRQHandler
                0x0000ed00                TIMER1_IRQHandler
                0x0000ed00                Default_Handler
                0x0000ed00                CRYOTIMER_IRQHandler
                0x0000ed00                PCNT0_IRQHandler
                0x0000ed00                ACMP0_IRQHandler
                0x0000ed00                MemManage_Handler
                0x0000ed00                SVC_Handler
                0x0000ed00                RTCC_IRQHandler
                0x0000ed00                CRYPTO_IRQHandler
                0x0000ed00                CMU_IRQHandler
                0x0000ed00                BusFault_Handler
                0x0000ed00                IDAC0_IRQHandler
 .text.Reset_Handler
                0x0000ed04       0x2c ./platform/Device/SiliconLabs/BGM1/Source/GCC/startup_bgm1.o
                0x0000ed04                Reset_Handler
 .text.SystemMaxCoreClockGet
                0x0000ed30        0x8 ./platform/Device/SiliconLabs/BGM1/Source/system_bgm1.o
                0x0000ed30                SystemMaxCoreClockGet
 .text.SystemHFClockGet
                0x0000ed38       0x50 ./platform/Device/SiliconLabs/BGM1/Source/system_bgm1.o
                0x0000ed38                SystemHFClockGet
 .text.SystemCoreClockGet
                0x0000ed88       0x24 ./platform/Device/SiliconLabs/BGM1/Source/system_bgm1.o
                0x0000ed88                SystemCoreClockGet
 .text.SystemHFXOClockGet
                0x0000edac        0xc ./platform/Device/SiliconLabs/BGM1/Source/system_bgm1.o
                0x0000edac                SystemHFXOClockGet
 .text.SystemHFXOClockSet
                0x0000edb8       0x3c ./platform/Device/SiliconLabs/BGM1/Source/system_bgm1.o
                0x0000edb8                SystemHFXOClockSet
 .text.SystemInit
                0x0000edf4       0x54 ./platform/Device/SiliconLabs/BGM1/Source/system_bgm1.o
                0x0000edf4                SystemInit
 .text.SystemLFRCOClockGet
                0x0000ee48        0x8 ./platform/Device/SiliconLabs/BGM1/Source/system_bgm1.o
                0x0000ee48                SystemLFRCOClockGet
 .text.SystemULFRCOClockGet
                0x0000ee50        0x8 ./platform/Device/SiliconLabs/BGM1/Source/system_bgm1.o
                0x0000ee50                SystemULFRCOClockGet
 .text.SystemLFXOClockGet
                0x0000ee58        0xc ./platform/Device/SiliconLabs/BGM1/Source/system_bgm1.o
                0x0000ee58                SystemLFXOClockGet
 .text.SystemLFXOClockSet
                0x0000ee64       0x3c ./platform/Device/SiliconLabs/BGM1/Source/system_bgm1.o
                0x0000ee64                SystemLFXOClockSet
 .text.GPIOINT_Init
                0x0000eea0       0x1c ./platform/emdrv/gpiointerrupt/gpiointerrupt.o
                0x0000eea0                GPIOINT_Init
 .text.GPIOINT_CallbackRegister
                0x0000eebc       0x1c ./platform/emdrv/gpiointerrupt/gpiointerrupt.o
                0x0000eebc                GPIOINT_CallbackRegister
 .text.GPIO_EVEN_IRQHandler
                0x0000eed8       0x44 ./platform/emdrv/gpiointerrupt/gpiointerrupt.o
                0x0000eed8                GPIO_EVEN_IRQHandler
 .text.GPIO_ODD_IRQHandler
                0x0000ef1c       0x44 ./platform/emdrv/gpiointerrupt/gpiointerrupt.o
                0x0000ef1c                GPIO_ODD_IRQHandler
 .text.sleepCallbackWrapper
                0x0000ef60       0x14 ./platform/emdrv/sleep/src/sleep.o
 .text.enterEMx
                0x0000ef74       0x54 ./platform/emdrv/sleep/src/sleep.o
 .text.SLEEP_Init
                0x0000efc8       0x40 ./platform/emdrv/sleep/src/sleep.o
                0x0000efc8                SLEEP_Init
 .text.SLEEP_Sleep
                0x0000f008       0x70 ./platform/emdrv/sleep/src/sleep.o
                0x0000f008                SLEEP_Sleep
 .text.SLEEP_SleepBlockBegin
                0x0000f078       0x18 ./platform/emdrv/sleep/src/sleep.o
                0x0000f078                SLEEP_SleepBlockBegin
 .text.SLEEP_SleepBlockEnd
                0x0000f090       0x1c ./platform/emdrv/sleep/src/sleep.o
                0x0000f090                SLEEP_SleepBlockEnd
 .text.SLEEP_LowestEnergyModeGet
                0x0000f0ac       0x1c ./platform/emdrv/sleep/src/sleep.o
                0x0000f0ac                SLEEP_LowestEnergyModeGet
 .text.updateInterrupts
                0x0000f0c8       0xcc ./platform/emdrv/tempdrv/src/tempdrv.o
 .text.errataStateUpdate
                0x0000f194       0xc0 ./platform/emdrv/tempdrv/src/tempdrv.o
 .text.errataCallback
                0x0000f254        0x4 ./platform/emdrv/tempdrv/src/tempdrv.o
 .text.TEMPDRV_IRQHandler
                0x0000f258       0x9c ./platform/emdrv/tempdrv/src/tempdrv.o
                0x0000f258                TEMPDRV_IRQHandler
 .text.EMU_IRQHandler
                0x0000f2f4        0x4 ./platform/emdrv/tempdrv/src/tempdrv.o
                0x0000f2f4                EMU_IRQHandler
 .text.TEMPDRV_Init
                0x0000f2f8      0x120 ./platform/emdrv/tempdrv/src/tempdrv.o
                0x0000f2f8                TEMPDRV_Init
 .text.flashWaitStateMax
                0x0000f418       0x48 ./platform/emlib/src/em_cmu.o
 .text.CMU_OscillatorTuningSet.part.3
                0x0000f460       0x3c ./platform/emlib/src/em_cmu.o
 .text.CMU_ClockEnable
                0x0000f49c       0x94 ./platform/emlib/src/em_cmu.o
                0x0000f49c                CMU_ClockEnable
 .text.CMU_ClockSelectGet
                0x0000f530       0xc4 ./platform/emlib/src/em_cmu.o
                0x0000f530                CMU_ClockSelectGet
 .text.lfClkGet
                0x0000f5f4       0x94 ./platform/emlib/src/em_cmu.o
 .text.CMU_ClockFreqGet
                0x0000f688      0x178 ./platform/emlib/src/em_cmu.o
                0x0000f688                CMU_ClockFreqGet
 .text.CMU_OscillatorTuningWait
                0x0000f800       0x48 ./platform/emlib/src/em_cmu.o
                0x0000f800                CMU_OscillatorTuningWait
 .text.CMU_OscillatorEnable
                0x0000f848      0x118 ./platform/emlib/src/em_cmu.o
                0x0000f848                CMU_OscillatorEnable
 .text.CMU_ClockSelectSet
                0x0000f960      0x240 ./platform/emlib/src/em_cmu.o
                0x0000f960                CMU_ClockSelectSet
 .text.CMU_HFXOAutostartEnable
                0x0000fba0       0xc8 ./platform/emlib/src/em_cmu.o
                0x0000fba0                CMU_HFXOAutostartEnable
 .text.CMU_HFXOInit
                0x0000fc68       0x88 ./platform/emlib/src/em_cmu.o
                0x0000fc68                CMU_HFXOInit
 .text.CMU_LFXOInit
                0x0000fcf0       0x44 ./platform/emlib/src/em_cmu.o
                0x0000fcf0                CMU_LFXOInit
 .text.CORE_EnterCritical
                0x0000fd34        0x8 ./platform/emlib/src/em_core.o
                0x0000fd34                CORE_EnterCritical
 .text.CORE_ExitCritical
                0x0000fd3c        0x8 ./platform/emlib/src/em_core.o
                0x0000fd3c                CORE_ExitCritical
 .text.CORE_EnterAtomic
                0x0000fd44        0x8 ./platform/emlib/src/em_core.o
                0x0000fd44                CORE_EnterAtomic
 .text.CORE_ExitAtomic
                0x0000fd4c        0x4 ./platform/emlib/src/em_core.o
                0x0000fd4c                CORE_ExitAtomic
 .text.CORE_SetNvicRamTableHandler
                0x0000fd50       0x10 ./platform/emlib/src/em_core.o
                0x0000fd50                CORE_SetNvicRamTableHandler
 .text.CORE_InitNvicVectorTable
                0x0000fd60       0x44 ./platform/emlib/src/em_core.o
                0x0000fd60                CORE_InitNvicVectorTable
 .text.CRYPTO_ModulusSet
                0x0000fda4       0x38 ./platform/emlib/src/em_crypto.o
                0x0000fda4                CRYPTO_ModulusSet
 .text.CRYPTO_KeyRead
                0x0000fddc       0x2c ./platform/emlib/src/em_crypto.o
                0x0000fddc                CRYPTO_KeyRead
 .text.currentLimitersUpdate
                0x0000fe08       0x74 ./platform/emlib/src/em_emu.o
 .text.dcdcHsFixLnBlock.part.0
                0x0000fe7c       0x30 ./platform/emlib/src/em_emu.o
 .text.dcdcFetCntSet.part.1
                0x0000feac       0x20 ./platform/emlib/src/em_emu.o
 .text.emState.part.2
                0x0000fecc       0x24 ./platform/emlib/src/em_emu.o
 .text.emState.constprop.5
                0x0000fef0       0x50 ./platform/emlib/src/em_emu.o
 .text.EMU_EnterEM2
                0x0000ff40       0x5c ./platform/emlib/src/em_emu.o
                0x0000ff40                EMU_EnterEM2
 .text.EMU_EnterEM3
                0x0000ff9c       0x80 ./platform/emlib/src/em_emu.o
                0x0000ff9c                EMU_EnterEM3
 .text.EMU_Save
                0x0001001c        0x4 ./platform/emlib/src/em_emu.o
                0x0001001c                EMU_Save
 .text.EMU_Restore
                0x00010020        0x4 ./platform/emlib/src/em_emu.o
                0x00010020                EMU_Restore
 .text.EMU_DCDCModeSet
                0x00010024       0x64 ./platform/emlib/src/em_emu.o
                0x00010024                EMU_DCDCModeSet
 .text.EMU_EnterEM4
                0x00010088       0x98 ./platform/emlib/src/em_emu.o
                0x00010088                EMU_EnterEM4
 .text.EMU_DCDCOutputVoltageSet
                0x00010120      0x1b8 ./platform/emlib/src/em_emu.o
                0x00010120                EMU_DCDCOutputVoltageSet
 .text.EMU_DCDCOptimizeSlice
                0x000102d8       0x94 ./platform/emlib/src/em_emu.o
                0x000102d8                EMU_DCDCOptimizeSlice
 .text.EMU_DCDCInit
                0x0001036c      0x1a8 ./platform/emlib/src/em_emu.o
                0x0001036c                EMU_DCDCInit
 .text.EMU_DCDCLnRcoBandSet
                0x00010514       0x24 ./platform/emlib/src/em_emu.o
                0x00010514                EMU_DCDCLnRcoBandSet
 .text.EMU_SetBiasMode
                0x00010538       0x7c ./platform/emlib/src/em_emu.o
                0x00010538                EMU_SetBiasMode
 .text.GPIO_ExtIntConfig
                0x000105b4       0xa8 ./platform/emlib/src/em_gpio.o
                0x000105b4                GPIO_ExtIntConfig
 .text.GPIO_PinModeSet
                0x0001065c       0x94 ./platform/emlib/src/em_gpio.o
                0x0001065c                GPIO_PinModeSet
 .text.MSC_Init
                0x000106f0       0x18 ./platform/emlib/src/em_msc.o
                0x000106f0                MSC_Init
 .text.MSC_Deinit
                0x00010708       0x14 ./platform/emlib/src/em_msc.o
                0x00010708                MSC_Deinit
 .text.RMU_ResetCauseClear
                0x0001071c        0xc ./platform/emlib/src/em_rmu.o
                0x0001071c                RMU_ResetCauseClear
 .text.RMU_ResetCauseGet
                0x00010728       0x7c ./platform/emlib/src/em_rmu.o
                0x00010728                RMU_ResetCauseGet
 .text.RTCC_ChannelInit
                0x000107a4       0x38 ./platform/emlib/src/em_rtcc.o
                0x000107a4                RTCC_ChannelInit
 .text.RTCC_Init
                0x000107dc       0x64 ./platform/emlib/src/em_rtcc.o
                0x000107dc                RTCC_Init
 .text.SYSTEM_ChipRevisionGet
                0x00010840       0x34 ./platform/emlib/src/em_system.o
                0x00010840                SYSTEM_ChipRevisionGet
 .text.USART_BaudrateAsyncSet
                0x00010874       0x68 ./platform/emlib/src/em_usart.o
                0x00010874                USART_BaudrateAsyncSet
 .text.USART_Enable
                0x000108dc       0x10 ./platform/emlib/src/em_usart.o
                0x000108dc                USART_Enable
 .text.USART_InitAsync
                0x000108ec       0xb4 ./platform/emlib/src/em_usart.o
                0x000108ec                USART_InitAsync
 .text.USART_InitSync
                0x000109a0       0xd4 ./platform/emlib/src/em_usart.o
                0x000109a0                USART_InitSync
 .text.USART_Reset
                0x00010a74       0x50 ./platform/emlib/src/em_usart.o
                0x00010a74                USART_Reset
 .text.USART_Rx
                0x00010ac4        0xc ./platform/emlib/src/em_usart.o
                0x00010ac4                USART_Rx
 .text.USART_SpiTransfer
                0x00010ad0       0x14 ./platform/emlib/src/em_usart.o
                0x00010ad0                USART_SpiTransfer
 .text.USART_Tx
                0x00010ae4        0xc ./platform/emlib/src/em_usart.o
                0x00010ae4                USART_Tx
 .text.convert_scan_respone_packet_type.isra.0
                0x00010af0       0x44 C:\work\EFM32\soc-empty\protocol\bluetooth\lib\EFR32BG1B\GCC\libbluetooth.a(bgapi.c.obj)
 .text.bgapi_ubt_listener
                0x00010b34      0x37c C:\work\EFM32\soc-empty\protocol\bluetooth\lib\EFR32BG1B\GCC\libbluetooth.a(bgapi.c.obj)
                0x00010b34                bgapi_ubt_listener
 .text.bgapi_init
                0x00010eb0        0x2 C:\work\EFM32\soc-empty\protocol\bluetooth\lib\EFR32BG1B\GCC\libbluetooth.a(bgapi.c.obj)
                0x00010eb0                bgapi_init
 *fill*         0x00010eb2        0x2 
 .text.bgapi_buffer_init
                0x00010eb4       0x30 C:\work\EFM32\soc-empty\protocol\bluetooth\lib\EFR32BG1B\GCC\libbluetooth.a(bgapi.c.obj)
                0x00010eb4                bgapi_buffer_init
 .text.gecko_init_alloc
                0x00010ee4       0x38 C:\work\EFM32\soc-empty\protocol\bluetooth\lib\EFR32BG1B\GCC\libbluetooth.a(bglib.c.obj)
                0x00010ee4                gecko_init_alloc
 .text.user_signal_message_handler
                0x00010f1c       0x2c C:\work\EFM32\soc-empty\protocol\bluetooth\lib\EFR32BG1B\GCC\libbluetooth.a(bglib.c.obj)
 .text.gecko_process_event
                0x00010f48       0x5c C:\work\EFM32\soc-empty\protocol\bluetooth\lib\EFR32BG1B\GCC\libbluetooth.a(bglib.c.obj)
 .text.check_ctune_override
                0x00010fa4       0x1e C:\work\EFM32\soc-empty\protocol\bluetooth\lib\EFR32BG1B\GCC\libbluetooth.a(bglib.c.obj)
                0x00010fa4                check_ctune_override
 .text.gecko_wait_event
                0x00010fc2        0x6 C:\work\EFM32\soc-empty\protocol\bluetooth\lib\EFR32BG1B\GCC\libbluetooth.a(bglib.c.obj)
                0x00010fc2                gecko_wait_event
 .text.gecko_event_pending
                0x00010fc8       0x1c C:\work\EFM32\soc-empty\protocol\bluetooth\lib\EFR32BG1B\GCC\libbluetooth.a(bglib.c.obj)
                0x00010fc8                gecko_event_pending
 .text.gecko_stack_update_callback
                0x00010fe4       0x10 C:\work\EFM32\soc-empty\protocol\bluetooth\lib\EFR32BG1B\GCC\libbluetooth.a(bglib.c.obj)
                0x00010fe4                gecko_stack_update_callback
 .text.gecko_stack_init
                0x00010ff4      0x288 C:\work\EFM32\soc-empty\protocol\bluetooth\lib\EFR32BG1B\GCC\libbluetooth.a(bglib.c.obj)
                0x00010ff4                gecko_stack_init
 .text.get_bgapi_library
                0x0001127c       0x18 C:\work\EFM32\soc-empty\protocol\bluetooth\lib\EFR32BG1B\GCC\libbluetooth.a(gecko_endpoints.c.obj)
 .text.handle_bgapi_output
                0x00011294       0x74 C:\work\EFM32\soc-empty\protocol\bluetooth\lib\EFR32BG1B\GCC\libbluetooth.a(gecko_endpoints.c.obj)
 .text.gecko_release_evt
                0x00011308       0x14 C:\work\EFM32\soc-empty\protocol\bluetooth\lib\EFR32BG1B\GCC\libbluetooth.a(gecko_endpoints.c.obj)
                0x00011308                gecko_release_evt
 .text.gecko_get_evt
                0x0001131c       0x10 C:\work\EFM32\soc-empty\protocol\bluetooth\lib\EFR32BG1B\GCC\libbluetooth.a(gecko_endpoints.c.obj)
                0x0001131c                gecko_get_evt
 .text.gecko_register_bgapi_library
                0x0001132c       0x30 C:\work\EFM32\soc-empty\protocol\bluetooth\lib\EFR32BG1B\GCC\libbluetooth.a(gecko_endpoints.c.obj)
                0x0001132c                gecko_register_bgapi_library
 .text.gecko_handle_library_packet
                0x0001135c       0x10 C:\work\EFM32\soc-empty\protocol\bluetooth\lib\EFR32BG1B\GCC\libbluetooth.a(gecko_endpoints.c.obj)
                0x0001135c                gecko_handle_library_packet
 .text.sli_bt_cmd_handler_delegate
                0x0001136c       0x5e C:\work\EFM32\soc-empty\protocol\bluetooth\lib\EFR32BG1B\GCC\libbluetooth.a(gecko_endpoints.c.obj)
                0x0001136c                sli_bt_cmd_handler_delegate
 .text.bg_pre_sleep
                0x000113ca        0x2 C:\work\EFM32\soc-empty\protocol\bluetooth\lib\EFR32BG1B\GCC\libbluetooth.a(init.c.obj)
                0x000113ca                bg_pre_sleep
 .text.bg_post_wakeup
                0x000113cc        0x2 C:\work\EFM32\soc-empty\protocol\bluetooth\lib\EFR32BG1B\GCC\libbluetooth.a(init.c.obj)
                0x000113cc                bg_post_wakeup
 *fill*         0x000113ce        0x2 
 .text.bg_radio_init
                0x000113d0       0xe4 C:\work\EFM32\soc-empty\protocol\bluetooth\lib\EFR32BG1B\GCC\libbluetooth.a(init.c.obj)
                0x000113d0                bg_radio_init
 .text.bg_low_init
                0x000114b4       0x20 C:\work\EFM32\soc-empty\protocol\bluetooth\lib\EFR32BG1B\GCC\libbluetooth.a(init.c.obj)
                0x000114b4                bg_low_init
 .text.ll_task_default_callback
                0x000114d4       0x10 C:\work\EFM32\soc-empty\protocol\bluetooth\lib\EFR32BG1B\GCC\libbluetooth.a(ll_task.c.obj)
 .text.gecko_priority_handle
                0x000114e4       0x18 C:\work\EFM32\soc-empty\protocol\bluetooth\lib\EFR32BG1B\GCC\libbluetooth.a(ll_task.c.obj)
                0x000114e4                gecko_priority_handle
 .text.BTLE_LL_EventRaise
                0x000114fc       0x20 C:\work\EFM32\soc-empty\protocol\bluetooth\lib\EFR32BG1B\GCC\libbluetooth.a(ll_task.c.obj)
                0x000114fc                BTLE_LL_EventRaise
 .text.ll_task_init
                0x0001151c       0x24 C:\work\EFM32\soc-empty\protocol\bluetooth\lib\EFR32BG1B\GCC\libbluetooth.a(ll_task.c.obj)
                0x0001151c                ll_task_init
 .text.bgll_init
                0x00011540       0x40 C:\work\EFM32\soc-empty\protocol\bluetooth\lib\EFR32BG1B\GCC\libbluetooth.a(ll_to_hci.c.obj)
                0x00011540                bgll_init
 .text.ll_init_msg
                0x00011580       0x1c C:\work\EFM32\soc-empty\protocol\bluetooth\lib\EFR32BG1B\GCC\libbluetooth.a(ll_to_hci.c.obj)
                0x00011580                ll_init_msg
 .text.ll_to_hci_event_handler
                0x0001159c       0x68 C:\work\EFM32\soc-empty\protocol\bluetooth\lib\EFR32BG1B\GCC\libbluetooth.a(ll_to_hci.c.obj)
 .text.BTLE_LLToHCIEventSAP
                0x00011604       0x38 C:\work\EFM32\soc-empty\protocol\bluetooth\lib\EFR32BG1B\GCC\libbluetooth.a(ll_to_hci.c.obj)
                0x00011604                BTLE_LLToHCIEventSAP
 .text.BTLE_LLToHCIDataSAP
                0x0001163c        0x4 C:\work\EFM32\soc-empty\protocol\bluetooth\lib\EFR32BG1B\GCC\libbluetooth.a(ll_to_hci.c.obj)
                0x0001163c                BTLE_LLToHCIDataSAP
 .text.ecode2bg
                0x00011640       0x40 C:\work\EFM32\soc-empty\protocol\bluetooth\lib\EFR32BG1B\GCC\libbluetooth.a(pskeys.c.obj)
                0x00011640                ecode2bg
 .text.ubt_pskey_write_callback
                0x00011680       0x1c C:\work\EFM32\soc-empty\protocol\bluetooth\lib\EFR32BG1B\GCC\libbluetooth.a(pskeys.c.obj)
                0x00011680                ubt_pskey_write_callback
 .text.ubt_pskey_read_callback
                0x0001169c       0x1c C:\work\EFM32\soc-empty\protocol\bluetooth\lib\EFR32BG1B\GCC\libbluetooth.a(pskeys.c.obj)
                0x0001169c                ubt_pskey_read_callback
 .text.nvm3_deleteObjects
                0x000116b8       0x40 C:\work\EFM32\soc-empty\protocol\bluetooth\lib\EFR32BG1B\GCC\libbluetooth.a(pskeys.c.obj)
                0x000116b8                nvm3_deleteObjects
 .text.ubt_pskey_delete_callback
                0x000116f8       0x20 C:\work\EFM32\soc-empty\protocol\bluetooth\lib\EFR32BG1B\GCC\libbluetooth.a(pskeys.c.obj)
                0x000116f8                ubt_pskey_delete_callback
 .text.ll_bgbuf_callback
                0x00011718       0x10 C:\work\EFM32\soc-empty\protocol\bluetooth\lib\EFR32BG1B\GCC\libbluetooth.a(ll_init.c.obj)
 .text.BTLE_LL_Process
                0x00011728       0xfc C:\work\EFM32\soc-empty\protocol\bluetooth\lib\EFR32BG1B\GCC\libbluetooth.a(ll_init.c.obj)
                0x00011728                BTLE_LL_Process
 .text.ll_initAllocMem
                0x00011824       0x1a C:\work\EFM32\soc-empty\protocol\bluetooth\lib\EFR32BG1B\GCC\libbluetooth.a(ll_init.c.obj)
                0x00011824                ll_initAllocMem
 *fill*         0x0001183e        0x2 
 .text.BTLE_LL_Init
                0x00011840       0x78 C:\work\EFM32\soc-empty\protocol\bluetooth\lib\EFR32BG1B\GCC\libbluetooth.a(ll_init.c.obj)
                0x00011840                BTLE_LL_Init
 .text.BTLE_LL_SetFlags
                0x000118b8       0x18 C:\work\EFM32\soc-empty\protocol\bluetooth\lib\EFR32BG1B\GCC\libbluetooth.a(ll_init.c.obj)
                0x000118b8                BTLE_LL_SetFlags
 .text.BTLE_LL_ClearFlags
                0x000118d0       0x18 C:\work\EFM32\soc-empty\protocol\bluetooth\lib\EFR32BG1B\GCC\libbluetooth.a(ll_init.c.obj)
                0x000118d0                BTLE_LL_ClearFlags
 .text.BTLE_LL_GetFlags
                0x000118e8        0xc C:\work\EFM32\soc-empty\protocol\bluetooth\lib\EFR32BG1B\GCC\libbluetooth.a(ll_init.c.obj)
                0x000118e8                BTLE_LL_GetFlags
 .text.BTLE_LL_SetMaxPower
                0x000118f4       0x10 C:\work\EFM32\soc-empty\protocol\bluetooth\lib\EFR32BG1B\GCC\libbluetooth.a(ll_init.c.obj)
                0x000118f4                BTLE_LL_SetMaxPower
 .text.BTLE_LL_GetRadioHandle
                0x00011904        0x4 C:\work\EFM32\soc-empty\protocol\bluetooth\lib\EFR32BG1B\GCC\libbluetooth.a(ll_init.c.obj)
                0x00011904                BTLE_LL_GetRadioHandle
 .text.ll_initSetRandomAddress
                0x00011908       0x14 C:\work\EFM32\soc-empty\protocol\bluetooth\lib\EFR32BG1B\GCC\libbluetooth.a(ll_init.c.obj)
                0x00011908                ll_initSetRandomAddress
 .text.ll_initGetRandomAddress
                0x0001191c        0x8 C:\work\EFM32\soc-empty\protocol\bluetooth\lib\EFR32BG1B\GCC\libbluetooth.a(ll_init.c.obj)
                0x0001191c                ll_initGetRandomAddress
 .text.ll_advExtTaskHandlerWaitTx
                0x00011924        0x2 C:\work\EFM32\soc-empty\protocol\bluetooth\lib\EFR32BG1B\GCC\libbluetooth.a(ll_adv.c.obj)
                0x00011924                ll_advExtTaskHandlerWaitTx
 .text.ll_advTaskHandlerWaitConnectRsp
                0x00011926        0x2 C:\work\EFM32\soc-empty\protocol\bluetooth\lib\EFR32BG1B\GCC\libbluetooth.a(ll_adv.c.obj)
                0x00011926                ll_advTaskHandlerWaitConnectRsp
 .text.ll_advGetByHandle
                0x00011928       0x48 C:\work\EFM32\soc-empty\protocol\bluetooth\lib\EFR32BG1B\GCC\libbluetooth.a(ll_adv.c.obj)
                0x00011928                ll_advGetByHandle
 .text.ll_advRaiseEvents
                0x00011970       0x18 C:\work\EFM32\soc-empty\protocol\bluetooth\lib\EFR32BG1B\GCC\libbluetooth.a(ll_adv.c.obj)
                0x00011970                ll_advRaiseEvents
 .text.ll_advTaskInitAdv
                0x00011988       0x90 C:\work\EFM32\soc-empty\protocol\bluetooth\lib\EFR32BG1B\GCC\libbluetooth.a(ll_adv.c.obj)
                0x00011988                ll_advTaskInitAdv
 .text.ll_advTaskStopHandle
                0x00011a18       0x22 C:\work\EFM32\soc-empty\protocol\bluetooth\lib\EFR32BG1B\GCC\libbluetooth.a(ll_adv.c.obj)
                0x00011a18                ll_advTaskStopHandle
 .text.ll_advTaskReschedule
                0x00011a3a       0xb0 C:\work\EFM32\soc-empty\protocol\bluetooth\lib\EFR32BG1B\GCC\libbluetooth.a(ll_adv.c.obj)
                0x00011a3a                ll_advTaskReschedule
 *fill*         0x00011aea        0x2 
 .text.ll_advTaskNextChannelOrReschedule
                0x00011aec       0x74 C:\work\EFM32\soc-empty\protocol\bluetooth\lib\EFR32BG1B\GCC\libbluetooth.a(ll_adv.c.obj)
 .text.ll_advAllocMem
                0x00011b60       0x38 C:\work\EFM32\soc-empty\protocol\bluetooth\lib\EFR32BG1B\GCC\libbluetooth.a(ll_adv.c.obj)
                0x00011b60                ll_advAllocMem
 .text.ll_advHandleEvent
                0x00011b98       0xcc C:\work\EFM32\soc-empty\protocol\bluetooth\lib\EFR32BG1B\GCC\libbluetooth.a(ll_adv.c.obj)
                0x00011b98                ll_advHandleEvent
 .text.ll_advEnable
                0x00011c64       0xd8 C:\work\EFM32\soc-empty\protocol\bluetooth\lib\EFR32BG1B\GCC\libbluetooth.a(ll_adv.c.obj)
                0x00011c64                ll_advEnable
 .text.ll_advCopyAddress
                0x00011d3c       0x34 C:\work\EFM32\soc-empty\protocol\bluetooth\lib\EFR32BG1B\GCC\libbluetooth.a(ll_adv.c.obj)
                0x00011d3c                ll_advCopyAddress
 .text.ll_advSetPacketHeader
                0x00011d70       0xa8 C:\work\EFM32\soc-empty\protocol\bluetooth\lib\EFR32BG1B\GCC\libbluetooth.a(ll_adv.c.obj)
                0x00011d70                ll_advSetPacketHeader
 .text.ll_advTaskHandlerCommon
                0x00011e18       0xd0 C:\work\EFM32\soc-empty\protocol\bluetooth\lib\EFR32BG1B\GCC\libbluetooth.a(ll_adv.c.obj)
                0x00011e18                ll_advTaskHandlerCommon
 .text.ll_advTaskHandlerWaitTx
                0x00011ee8        0xe C:\work\EFM32\soc-empty\protocol\bluetooth\lib\EFR32BG1B\GCC\libbluetooth.a(ll_adv.c.obj)
                0x00011ee8                ll_advTaskHandlerWaitTx
 *fill*         0x00011ef6        0x2 
 .text.ll_advTaskHandlerScanRsp
                0x00011ef8       0x34 C:\work\EFM32\soc-empty\protocol\bluetooth\lib\EFR32BG1B\GCC\libbluetooth.a(ll_adv.c.obj)
                0x00011ef8                ll_advTaskHandlerScanRsp
 .text.ll_advValidatePacket
                0x00011f2c       0xd8 C:\work\EFM32\soc-empty\protocol\bluetooth\lib\EFR32BG1B\GCC\libbluetooth.a(ll_adv.c.obj)
                0x00011f2c                ll_advValidatePacket
 .text.ll_advSetRandomAddress
                0x00012004        0xe C:\work\EFM32\soc-empty\protocol\bluetooth\lib\EFR32BG1B\GCC\libbluetooth.a(ll_adv.c.obj)
                0x00012004                ll_advSetRandomAddress
 .text.ll_advExtUpdateMaxEventLength
                0x00012012        0x4 C:\work\EFM32\soc-empty\protocol\bluetooth\lib\EFR32BG1B\GCC\libbluetooth.a(ll_adv.c.obj)
                0x00012012                ll_advExtUpdateMaxEventLength
 *fill*         0x00012016        0x2 
 .text.ll_advUpdateMaxEventLength
                0x00012018       0x84 C:\work\EFM32\soc-empty\protocol\bluetooth\lib\EFR32BG1B\GCC\libbluetooth.a(ll_adv.c.obj)
                0x00012018                ll_advUpdateMaxEventLength
 .text.ll_advSetParameters
                0x0001209c      0x142 C:\work\EFM32\soc-empty\protocol\bluetooth\lib\EFR32BG1B\GCC\libbluetooth.a(ll_adv.c.obj)
                0x0001209c                ll_advSetParameters
 .text.ll_advSetData
                0x000121de       0xda C:\work\EFM32\soc-empty\protocol\bluetooth\lib\EFR32BG1B\GCC\libbluetooth.a(ll_adv.c.obj)
                0x000121de                ll_advSetData
 .text.ll_advExtUpdateChannelMap
                0x000122b8        0x2 C:\work\EFM32\soc-empty\protocol\bluetooth\lib\EFR32BG1B\GCC\libbluetooth.a(ll_adv.c.obj)
                0x000122b8                ll_advExtUpdateChannelMap
 *fill*         0x000122ba        0x2 
 .text.ll_advInit
                0x000122bc       0x74 C:\work\EFM32\soc-empty\protocol\bluetooth\lib\EFR32BG1B\GCC\libbluetooth.a(ll_adv.c.obj)
                0x000122bc                ll_advInit
 .text.ll_advExtCreateConnectRsp
                0x00012330        0x2 C:\work\EFM32\soc-empty\protocol\bluetooth\lib\EFR32BG1B\GCC\libbluetooth.a(ll_adv.c.obj)
                0x00012330                ll_advExtCreateConnectRsp
 *fill*         0x00012332        0x2 
 .text.ll_advHandleConnectReq
                0x00012334       0xec C:\work\EFM32\soc-empty\protocol\bluetooth\lib\EFR32BG1B\GCC\libbluetooth.a(ll_adv.c.obj)
                0x00012334                ll_advHandleConnectReq
 .text.ll_advTaskRxHandle
                0x00012420       0xc4 C:\work\EFM32\soc-empty\protocol\bluetooth\lib\EFR32BG1B\GCC\libbluetooth.a(ll_adv.c.obj)
                0x00012420                ll_advTaskRxHandle
 .text.ll_advTaskHandlerWaitRx
                0x000124e4       0x34 C:\work\EFM32\soc-empty\protocol\bluetooth\lib\EFR32BG1B\GCC\libbluetooth.a(ll_adv.c.obj)
                0x000124e4                ll_advTaskHandlerWaitRx
 .text.ll_advExtSyncEventHandler
                0x00012518        0x2 C:\work\EFM32\soc-empty\protocol\bluetooth\lib\EFR32BG1B\GCC\libbluetooth.a(ll_adv_ext-stubs.c.obj)
                0x00012518                ll_advExtSyncEventHandler
 .text.ll_allocPeriodicAdv
                0x0001251a        0x2 C:\work\EFM32\soc-empty\protocol\bluetooth\lib\EFR32BG1B\GCC\libbluetooth.a(ll_adv_sync-stubs.c.obj)
                0x0001251a                ll_allocPeriodicAdv
 .text.ll_advSyncGetDataPtr
                0x0001251c        0x4 C:\work\EFM32\soc-empty\protocol\bluetooth\lib\EFR32BG1B\GCC\libbluetooth.a(ll_adv_sync-stubs.c.obj)
                0x0001251c                ll_advSyncGetDataPtr
 .text.ll_aoxConnectionEvent
                0x00012520        0x2 C:\work\EFM32\soc-empty\protocol\bluetooth\lib\EFR32BG1B\GCC\libbluetooth.a(ll_aox-stubs.c.obj)
                0x00012520                ll_aoxConnectionEvent
 .text.ll_aoxFetchCteRspPacketCteInfo
                0x00012522        0x6 C:\work\EFM32\soc-empty\protocol\bluetooth\lib\EFR32BG1B\GCC\libbluetooth.a(ll_aox-stubs.c.obj)
                0x00012522                ll_aoxFetchCteRspPacketCteInfo
 .text.ll_aoxRxPacketReceived
                0x00012528        0x4 C:\work\EFM32\soc-empty\protocol\bluetooth\lib\EFR32BG1B\GCC\libbluetooth.a(ll_aox-stubs.c.obj)
                0x00012528                ll_aoxRxPacketReceived
 .text.ll_aoxEvent
                0x0001252c        0x2 C:\work\EFM32\soc-empty\protocol\bluetooth\lib\EFR32BG1B\GCC\libbluetooth.a(ll_aox-stubs.c.obj)
                0x0001252c                ll_aoxEvent
 .text.ll_aoxLlcpPacket
                0x0001252e        0x4 C:\work\EFM32\soc-empty\protocol\bluetooth\lib\EFR32BG1B\GCC\libbluetooth.a(ll_aox-stubs.c.obj)
                0x0001252e                ll_aoxLlcpPacket
 .text.ll_aoxHciCommand
                0x00012532        0x4 C:\work\EFM32\soc-empty\protocol\bluetooth\lib\EFR32BG1B\GCC\libbluetooth.a(ll_aox-stubs.c.obj)
                0x00012532                ll_aoxHciCommand
 .text.ll_channelmapEvent
                0x00012536        0x2 C:\work\EFM32\soc-empty\protocol\bluetooth\lib\EFR32BG1B\GCC\libbluetooth.a(ll_channelmap.c.obj)
                0x00012536                ll_channelmapEvent
 .text.ll_channelmapSetChannelClassification
                0x00012538       0x10 C:\work\EFM32\soc-empty\protocol\bluetooth\lib\EFR32BG1B\GCC\libbluetooth.a(ll_channelmap.c.obj)
                0x00012538                ll_channelmapSetChannelClassification
 .text.ll_channelmapInit
                0x00012548       0x14 C:\work\EFM32\soc-empty\protocol\bluetooth\lib\EFR32BG1B\GCC\libbluetooth.a(ll_channelmap.c.obj)
                0x00012548                ll_channelmapInit
 .text.ll_channelmapQualityAdjust
                0x0001255c        0x2 C:\work\EFM32\soc-empty\protocol\bluetooth\lib\EFR32BG1B\GCC\libbluetooth.a(ll_channelmap.c.obj)
                0x0001255c                ll_channelmapQualityAdjust
 .text.ll_channelmapIsAdaptive
                0x0001255e        0x4 C:\work\EFM32\soc-empty\protocol\bluetooth\lib\EFR32BG1B\GCC\libbluetooth.a(ll_channelmap.c.obj)
                0x0001255e                ll_channelmapIsAdaptive
 *fill*         0x00012562        0x2 
 .text.ll_channelmapIsBlocked
                0x00012564       0x1c C:\work\EFM32\soc-empty\protocol\bluetooth\lib\EFR32BG1B\GCC\libbluetooth.a(ll_channelmap.c.obj)
                0x00012564                ll_channelmapIsBlocked
 .text.ll_channelmapCanUseHighPower
                0x00012580        0x4 C:\work\EFM32\soc-empty\protocol\bluetooth\lib\EFR32BG1B\GCC\libbluetooth.a(ll_channelmap.c.obj)
                0x00012580                ll_channelmapCanUseHighPower
 .text.ll_channelmapUsedChannels
                0x00012584       0x28 C:\work\EFM32\soc-empty\protocol\bluetooth\lib\EFR32BG1B\GCC\libbluetooth.a(ll_channelmap.c.obj)
                0x00012584                ll_channelmapUsedChannels
 .text.ll_channelmapGetChannelMap
                0x000125ac       0x18 C:\work\EFM32\soc-empty\protocol\bluetooth\lib\EFR32BG1B\GCC\libbluetooth.a(ll_channelmap.c.obj)
                0x000125ac                ll_channelmapGetChannelMap
 .text.ll_channelmapUpdate
                0x000125c4       0x7e C:\work\EFM32\soc-empty\protocol\bluetooth\lib\EFR32BG1B\GCC\libbluetooth.a(ll_channelmap.c.obj)
                0x000125c4                ll_channelmapUpdate
 .text.ll_channelmapValidate
                0x00012642        0x6 C:\work\EFM32\soc-empty\protocol\bluetooth\lib\EFR32BG1B\GCC\libbluetooth.a(ll_channelmap.c.obj)
                0x00012642                ll_channelmapValidate
 .text.ll_channelmapAlgorithm1
                0x00012648        0x6 C:\work\EFM32\soc-empty\protocol\bluetooth\lib\EFR32BG1B\GCC\libbluetooth.a(ll_channelmap.c.obj)
                0x00012648                ll_channelmapAlgorithm1
 *fill*         0x0001264e        0x2 
 .text.ll_channelmapAlgorithm2
                0x00012650       0x80 C:\work\EFM32\soc-empty\protocol\bluetooth\lib\EFR32BG1B\GCC\libbluetooth.a(ll_channelmap.c.obj)
                0x00012650                ll_channelmapAlgorithm2
 .text.bg_bit_clr_atomic
                0x000126d0       0x18 C:\work\EFM32\soc-empty\protocol\bluetooth\lib\EFR32BG1B\GCC\libbluetooth.a(ll_conn.c.obj)
 .text.bg_bit_set_exclusive
                0x000126e8       0x10 C:\work\EFM32\soc-empty\protocol\bluetooth\lib\EFR32BG1B\GCC\libbluetooth.a(ll_conn.c.obj)
 .text.bg_bit_clr_exclusive
                0x000126f8       0x12 C:\work\EFM32\soc-empty\protocol\bluetooth\lib\EFR32BG1B\GCC\libbluetooth.a(ll_conn.c.obj)
 *fill*         0x0001270a        0x2 
 .text.ll_connUpdatePriority.part.3
                0x0001270c       0x44 C:\work\EFM32\soc-empty\protocol\bluetooth\lib\EFR32BG1B\GCC\libbluetooth.a(ll_conn.c.obj)
 .text.bg_bit_set_atomic.constprop.12
                0x00012750       0x24 C:\work\EFM32\soc-empty\protocol\bluetooth\lib\EFR32BG1B\GCC\libbluetooth.a(ll_conn.c.obj)
 .text.ll_connCheckCloseEvent.part.6
                0x00012774       0x50 C:\work\EFM32\soc-empty\protocol\bluetooth\lib\EFR32BG1B\GCC\libbluetooth.a(ll_conn.c.obj)
 .text.ll_connLLCPGetState
                0x000127c4        0xe C:\work\EFM32\soc-empty\protocol\bluetooth\lib\EFR32BG1B\GCC\libbluetooth.a(ll_conn.c.obj)
                0x000127c4                ll_connLLCPGetState
 .text.ll_connEncGetState
                0x000127d2        0x4 C:\work\EFM32\soc-empty\protocol\bluetooth\lib\EFR32BG1B\GCC\libbluetooth.a(ll_conn.c.obj)
                0x000127d2                ll_connEncGetState
 .text.ll_connGetFlags
                0x000127d6        0x4 C:\work\EFM32\soc-empty\protocol\bluetooth\lib\EFR32BG1B\GCC\libbluetooth.a(ll_conn.c.obj)
                0x000127d6                ll_connGetFlags
 .text.ll_connSetFlags
                0x000127da        0x6 C:\work\EFM32\soc-empty\protocol\bluetooth\lib\EFR32BG1B\GCC\libbluetooth.a(ll_conn.c.obj)
                0x000127da                ll_connSetFlags
 .text.ll_connClearFlags
                0x000127e0        0x6 C:\work\EFM32\soc-empty\protocol\bluetooth\lib\EFR32BG1B\GCC\libbluetooth.a(ll_conn.c.obj)
                0x000127e0                ll_connClearFlags
 .text.ll_connGetRSSI
                0x000127e6        0x6 C:\work\EFM32\soc-empty\protocol\bluetooth\lib\EFR32BG1B\GCC\libbluetooth.a(ll_conn.c.obj)
                0x000127e6                ll_connGetRSSI
 .text.ll_connTimerToEvent
                0x000127ec       0x36 C:\work\EFM32\soc-empty\protocol\bluetooth\lib\EFR32BG1B\GCC\libbluetooth.a(ll_conn.c.obj)
                0x000127ec                ll_connTimerToEvent
 .text.ll_connAddWindow
                0x00012822       0x42 C:\work\EFM32\soc-empty\protocol\bluetooth\lib\EFR32BG1B\GCC\libbluetooth.a(ll_conn.c.obj)
                0x00012822                ll_connAddWindow
 .text.ll_connControlPacketsQueued
                0x00012864       0x22 C:\work\EFM32\soc-empty\protocol\bluetooth\lib\EFR32BG1B\GCC\libbluetooth.a(ll_conn.c.obj)
                0x00012864                ll_connControlPacketsQueued
 .text.ll_connSetErrorReason
                0x00012886        0x6 C:\work\EFM32\soc-empty\protocol\bluetooth\lib\EFR32BG1B\GCC\libbluetooth.a(ll_conn.c.obj)
                0x00012886                ll_connSetErrorReason
 .text.ll_connGetByHandle
                0x0001288c       0x28 C:\work\EFM32\soc-empty\protocol\bluetooth\lib\EFR32BG1B\GCC\libbluetooth.a(ll_conn.c.obj)
                0x0001288c                ll_connGetByHandle
 .text.ll_connGetHandleByConn
                0x000128b4       0x2c C:\work\EFM32\soc-empty\protocol\bluetooth\lib\EFR32BG1B\GCC\libbluetooth.a(ll_conn.c.obj)
                0x000128b4                ll_connGetHandleByConn
 .text.ll_connRaiseEvents
                0x000128e0       0x1e C:\work\EFM32\soc-empty\protocol\bluetooth\lib\EFR32BG1B\GCC\libbluetooth.a(ll_conn.c.obj)
                0x000128e0                ll_connRaiseEvents
 *fill*         0x000128fe        0x2 
 .text.ll_connLoadTxPacket
                0x00012900      0x104 C:\work\EFM32\soc-empty\protocol\bluetooth\lib\EFR32BG1B\GCC\libbluetooth.a(ll_conn.c.obj)
 .text.ll_connGetAnchor
                0x00012a04       0x24 C:\work\EFM32\soc-empty\protocol\bluetooth\lib\EFR32BG1B\GCC\libbluetooth.a(ll_conn.c.obj)
                0x00012a04                ll_connGetAnchor
 .text.ll_connCalcNextEvent
                0x00012a28       0x78 C:\work\EFM32\soc-empty\protocol\bluetooth\lib\EFR32BG1B\GCC\libbluetooth.a(ll_conn.c.obj)
                0x00012a28                ll_connCalcNextEvent
 .text.ll_connEndEvent
                0x00012aa0      0x16c C:\work\EFM32\soc-empty\protocol\bluetooth\lib\EFR32BG1B\GCC\libbluetooth.a(ll_conn.c.obj)
 .text.ll_connHandleRx
                0x00012c0c      0x1e8 C:\work\EFM32\soc-empty\protocol\bluetooth\lib\EFR32BG1B\GCC\libbluetooth.a(ll_conn.c.obj)
                0x00012c0c                ll_connHandleRx
 .text.ll_connHandleTx
                0x00012df4       0x54 C:\work\EFM32\soc-empty\protocol\bluetooth\lib\EFR32BG1B\GCC\libbluetooth.a(ll_conn.c.obj)
                0x00012df4                ll_connHandleTx
 .text.ll_connInitEvent
                0x00012e48       0x70 C:\work\EFM32\soc-empty\protocol\bluetooth\lib\EFR32BG1B\GCC\libbluetooth.a(ll_conn.c.obj)
                0x00012e48                ll_connInitEvent
 .text.ll_connMasterTaskHandler
                0x00012eb8       0x7c C:\work\EFM32\soc-empty\protocol\bluetooth\lib\EFR32BG1B\GCC\libbluetooth.a(ll_conn.c.obj)
                0x00012eb8                ll_connMasterTaskHandler
 .text.ll_connSlaveTaskHandler
                0x00012f34       0x74 C:\work\EFM32\soc-empty\protocol\bluetooth\lib\EFR32BG1B\GCC\libbluetooth.a(ll_conn.c.obj)
                0x00012f34                ll_connSlaveTaskHandler
 .text.ll_connAllocMem
                0x00012fa8       0x5c C:\work\EFM32\soc-empty\protocol\bluetooth\lib\EFR32BG1B\GCC\libbluetooth.a(ll_conn.c.obj)
                0x00012fa8                ll_connAllocMem
 .text.ll_connInit
                0x00013004       0x60 C:\work\EFM32\soc-empty\protocol\bluetooth\lib\EFR32BG1B\GCC\libbluetooth.a(ll_conn.c.obj)
                0x00013004                ll_connInit
 .text.ll_connAlloc
                0x00013064       0x58 C:\work\EFM32\soc-empty\protocol\bluetooth\lib\EFR32BG1B\GCC\libbluetooth.a(ll_conn.c.obj)
                0x00013064                ll_connAlloc
 .text.ll_connFree
                0x000130bc       0x3c C:\work\EFM32\soc-empty\protocol\bluetooth\lib\EFR32BG1B\GCC\libbluetooth.a(ll_conn.c.obj)
                0x000130bc                ll_connFree
 .text.ll_connUpdateChannelMap
                0x000130f8       0x10 C:\work\EFM32\soc-empty\protocol\bluetooth\lib\EFR32BG1B\GCC\libbluetooth.a(ll_conn.c.obj)
                0x000130f8                ll_connUpdateChannelMap
 .text.ll_connHandleRxData
                0x00013108      0x130 C:\work\EFM32\soc-empty\protocol\bluetooth\lib\EFR32BG1B\GCC\libbluetooth.a(ll_conn.c.obj)
                0x00013108                ll_connHandleRxData
 .text.ll_connSetDefaultPacketLength
                0x00013238        0xc C:\work\EFM32\soc-empty\protocol\bluetooth\lib\EFR32BG1B\GCC\libbluetooth.a(ll_conn.c.obj)
                0x00013238                ll_connSetDefaultPacketLength
 .text.ll_connUpdateMaxPacketLengths
                0x00013244       0x56 C:\work\EFM32\soc-empty\protocol\bluetooth\lib\EFR32BG1B\GCC\libbluetooth.a(ll_conn.c.obj)
                0x00013244                ll_connUpdateMaxPacketLengths
 .text.ll_connSetParameters
                0x0001329a       0x80 C:\work\EFM32\soc-empty\protocol\bluetooth\lib\EFR32BG1B\GCC\libbluetooth.a(ll_conn.c.obj)
                0x0001329a                ll_connSetParameters
 .text.ll_connSetMaxPacketLengths
                0x0001331a       0x52 C:\work\EFM32\soc-empty\protocol\bluetooth\lib\EFR32BG1B\GCC\libbluetooth.a(ll_conn.c.obj)
                0x0001331a                ll_connSetMaxPacketLengths
 .text.ll_connSetPhy
                0x0001336c       0x3a C:\work\EFM32\soc-empty\protocol\bluetooth\lib\EFR32BG1B\GCC\libbluetooth.a(ll_conn.c.obj)
                0x0001336c                ll_connSetPhy
 .text.ll_connSetRemoteFeatures
                0x000133a6       0x28 C:\work\EFM32\soc-empty\protocol\bluetooth\lib\EFR32BG1B\GCC\libbluetooth.a(ll_conn.c.obj)
                0x000133a6                ll_connSetRemoteFeatures
 .text.ll_connSetVersionInformation
                0x000133ce       0x36 C:\work\EFM32\soc-empty\protocol\bluetooth\lib\EFR32BG1B\GCC\libbluetooth.a(ll_conn.c.obj)
                0x000133ce                ll_connSetVersionInformation
 .text.ll_connSetConfig
                0x00013404       0x10 C:\work\EFM32\soc-empty\protocol\bluetooth\lib\EFR32BG1B\GCC\libbluetooth.a(ll_conn.c.obj)
                0x00013404                ll_connSetConfig
 .text.ll_connClearConfig
                0x00013414       0x10 C:\work\EFM32\soc-empty\protocol\bluetooth\lib\EFR32BG1B\GCC\libbluetooth.a(ll_conn.c.obj)
                0x00013414                ll_connClearConfig
 .text.ll_connEndEventAfterCtrl
                0x00013424        0xa C:\work\EFM32\soc-empty\protocol\bluetooth\lib\EFR32BG1B\GCC\libbluetooth.a(ll_conn.c.obj)
                0x00013424                ll_connEndEventAfterCtrl
 .text.ll_connGetPhyConfig
                0x0001342e        0x6 C:\work\EFM32\soc-empty\protocol\bluetooth\lib\EFR32BG1B\GCC\libbluetooth.a(ll_conn.c.obj)
                0x0001342e                ll_connGetPhyConfig
 .text.ll_connAbortSlaveLatency
                0x00013434       0x86 C:\work\EFM32\soc-empty\protocol\bluetooth\lib\EFR32BG1B\GCC\libbluetooth.a(ll_conn.c.obj)
                0x00013434                ll_connAbortSlaveLatency
 .text.ll_connCreateTxPacket
                0x000134ba      0x10e C:\work\EFM32\soc-empty\protocol\bluetooth\lib\EFR32BG1B\GCC\libbluetooth.a(ll_conn.c.obj)
                0x000134ba                ll_connCreateTxPacket
 .text.ll_connSendData
                0x000135c8      0x1d4 C:\work\EFM32\soc-empty\protocol\bluetooth\lib\EFR32BG1B\GCC\libbluetooth.a(ll_conn.c.obj)
                0x000135c8                ll_connSendData
 .text.ll_connHandleHostEvents
                0x0001379c      0x2d0 C:\work\EFM32\soc-empty\protocol\bluetooth\lib\EFR32BG1B\GCC\libbluetooth.a(ll_conn.c.obj)
                0x0001379c                ll_connHandleHostEvents
 .text.ll_connHandleNumberOfPackets
                0x00013a6c       0x12 C:\work\EFM32\soc-empty\protocol\bluetooth\lib\EFR32BG1B\GCC\libbluetooth.a(ll_conn.c.obj)
                0x00013a6c                ll_connHandleNumberOfPackets
 *fill*         0x00013a7e        0x2 
 .text.ll_connGetNumberOfCompletedPackets
                0x00013a80       0x84 C:\work\EFM32\soc-empty\protocol\bluetooth\lib\EFR32BG1B\GCC\libbluetooth.a(ll_conn.c.obj)
                0x00013a80                ll_connGetNumberOfCompletedPackets
 .text.ll_connEnableDataFlow
                0x00013b04       0x1a C:\work\EFM32\soc-empty\protocol\bluetooth\lib\EFR32BG1B\GCC\libbluetooth.a(ll_conn.c.obj)
                0x00013b04                ll_connEnableDataFlow
 .text.ll_connIsFeatureSupported
                0x00013b1e       0x20 C:\work\EFM32\soc-empty\protocol\bluetooth\lib\EFR32BG1B\GCC\libbluetooth.a(ll_conn.c.obj)
                0x00013b1e                ll_connIsFeatureSupported
 *fill*         0x00013b3e        0x2 
 .text.ll_connUpdatedChannelClassification
                0x00013b40       0x64 C:\work\EFM32\soc-empty\protocol\bluetooth\lib\EFR32BG1B\GCC\libbluetooth.a(ll_conn.c.obj)
                0x00013b40                ll_connUpdatedChannelClassification
 .text.ll_connValidateParams
                0x00013ba4       0x3a C:\work\EFM32\soc-empty\protocol\bluetooth\lib\EFR32BG1B\GCC\libbluetooth.a(ll_conn.c.obj)
                0x00013ba4                ll_connValidateParams
 *fill*         0x00013bde        0x2 
 .text.ll_connInitNew
                0x00013be0      0x204 C:\work\EFM32\soc-empty\protocol\bluetooth\lib\EFR32BG1B\GCC\libbluetooth.a(ll_conn.c.obj)
                0x00013be0                ll_connInitNew
 .text.ll_connEncryptionInit
                0x00013de4        0x4 C:\work\EFM32\soc-empty\protocol\bluetooth\lib\EFR32BG1B\GCC\libbluetooth.a(ll_conn_enc.c.obj)
                0x00013de4                ll_connEncryptionInit
 .text.ll_encrypt
                0x00013de8       0x48 C:\work\EFM32\soc-empty\protocol\bluetooth\lib\EFR32BG1B\GCC\libbluetooth.a(ll_conn_enc.c.obj)
                0x00013de8                ll_encrypt
 .text.ll_connEncryptSetParams
                0x00013e30       0x38 C:\work\EFM32\soc-empty\protocol\bluetooth\lib\EFR32BG1B\GCC\libbluetooth.a(ll_conn_enc.c.obj)
                0x00013e30                ll_connEncryptSetParams
 .text.ll_connEncryptionConnectionInit
                0x00013e68       0x36 C:\work\EFM32\soc-empty\protocol\bluetooth\lib\EFR32BG1B\GCC\libbluetooth.a(ll_conn_enc.c.obj)
                0x00013e68                ll_connEncryptionConnectionInit
 .text.ll_connEncrypted
                0x00013e9e       0x14 C:\work\EFM32\soc-empty\protocol\bluetooth\lib\EFR32BG1B\GCC\libbluetooth.a(ll_conn_enc.c.obj)
                0x00013e9e                ll_connEncrypted
 .text.ll_connEncryptionFail
                0x00013eb2       0x16 C:\work\EFM32\soc-empty\protocol\bluetooth\lib\EFR32BG1B\GCC\libbluetooth.a(ll_conn_enc.c.obj)
                0x00013eb2                ll_connEncryptionFail
 .text.ll_connEncryptionSetSessionKey
                0x00013ec8       0x4e C:\work\EFM32\soc-empty\protocol\bluetooth\lib\EFR32BG1B\GCC\libbluetooth.a(ll_conn_enc.c.obj)
                0x00013ec8                ll_connEncryptionSetSessionKey
 *fill*         0x00013f16        0x2 
 .text.ll_connEncBufferToData
                0x00013f18       0x2c C:\work\EFM32\soc-empty\protocol\bluetooth\lib\EFR32BG1B\GCC\libbluetooth.a(ll_conn_enc.c.obj)
                0x00013f18                ll_connEncBufferToData
 .text.ll_connEncDataToBuffer
                0x00013f44       0x28 C:\work\EFM32\soc-empty\protocol\bluetooth\lib\EFR32BG1B\GCC\libbluetooth.a(ll_conn_enc.c.obj)
                0x00013f44                ll_connEncDataToBuffer
 .text.ll_connDataTxEncrypt
                0x00013f6c       0x68 C:\work\EFM32\soc-empty\protocol\bluetooth\lib\EFR32BG1B\GCC\libbluetooth.a(ll_conn_enc.c.obj)
                0x00013f6c                ll_connDataTxEncrypt
 .text.ll_connDataRxDecrypt
                0x00013fd4       0x6a C:\work\EFM32\soc-empty\protocol\bluetooth\lib\EFR32BG1B\GCC\libbluetooth.a(ll_conn_enc.c.obj)
                0x00013fd4                ll_connDataRxDecrypt
 .text.ll_hciSetCommandCompleteHeader
                0x0001403e       0x22 C:\work\EFM32\soc-empty\protocol\bluetooth\lib\EFR32BG1B\GCC\libbluetooth.a(ll_hci.c.obj)
                0x0001403e                ll_hciSetCommandCompleteHeader
 .text.ll_hciSetMetaEventHeader
                0x00014060       0x1a C:\work\EFM32\soc-empty\protocol\bluetooth\lib\EFR32BG1B\GCC\libbluetooth.a(ll_hci.c.obj)
                0x00014060                ll_hciSetMetaEventHeader
 .text.ll_hciSetCommandStatusHeader
                0x0001407a       0x22 C:\work\EFM32\soc-empty\protocol\bluetooth\lib\EFR32BG1B\GCC\libbluetooth.a(ll_hci.c.obj)
                0x0001407a                ll_hciSetCommandStatusHeader
 .text.ll_hciSendHCIEvent
                0x0001409c       0x1c C:\work\EFM32\soc-empty\protocol\bluetooth\lib\EFR32BG1B\GCC\libbluetooth.a(ll_hci.c.obj)
                0x0001409c                ll_hciSendHCIEvent
 .text.ll_hciSendGenericCommandComplete
                0x000140b8       0x10 C:\work\EFM32\soc-empty\protocol\bluetooth\lib\EFR32BG1B\GCC\libbluetooth.a(ll_hci.c.obj)
                0x000140b8                ll_hciSendGenericCommandComplete
 .text.ll_hciInit
                0x000140c8       0x34 C:\work\EFM32\soc-empty\protocol\bluetooth\lib\EFR32BG1B\GCC\libbluetooth.a(ll_hci.c.obj)
                0x000140c8                ll_hciInit
 .text.ll_hciGetSharedCommand
                0x000140fc        0xc C:\work\EFM32\soc-empty\protocol\bluetooth\lib\EFR32BG1B\GCC\libbluetooth.a(ll_hci.c.obj)
                0x000140fc                ll_hciGetSharedCommand
 .text.ll_hciGetSharedResponse
                0x00014108        0xc C:\work\EFM32\soc-empty\protocol\bluetooth\lib\EFR32BG1B\GCC\libbluetooth.a(ll_hci.c.obj)
                0x00014108                ll_hciGetSharedResponse
 .text.ll_hciCall
                0x00014114       0x20 C:\work\EFM32\soc-empty\protocol\bluetooth\lib\EFR32BG1B\GCC\libbluetooth.a(ll_hci.c.obj)
                0x00014114                ll_hciCall
 .text.BTLE_HCIToLLCmdSAP
                0x00014134       0x30 C:\work\EFM32\soc-empty\protocol\bluetooth\lib\EFR32BG1B\GCC\libbluetooth.a(ll_hci.c.obj)
                0x00014134                BTLE_HCIToLLCmdSAP
 .text.BTLE_HCIToLLDataSAP
                0x00014164       0x44 C:\work\EFM32\soc-empty\protocol\bluetooth\lib\EFR32BG1B\GCC\libbluetooth.a(ll_hci.c.obj)
                0x00014164                BTLE_HCIToLLDataSAP
 .text.ll_hciHandleDisconnect
                0x000141a8       0x46 C:\work\EFM32\soc-empty\protocol\bluetooth\lib\EFR32BG1B\GCC\libbluetooth.a(ll_hci.c.obj)
                0x000141a8                ll_hciHandleDisconnect
 .text.ll_hciHandleUnknown
                0x000141ee        0xc C:\work\EFM32\soc-empty\protocol\bluetooth\lib\EFR32BG1B\GCC\libbluetooth.a(ll_hci.c.obj)
                0x000141ee                ll_hciHandleUnknown
 .text.ll_hciHandleReset
                0x000141fa       0x18 C:\work\EFM32\soc-empty\protocol\bluetooth\lib\EFR32BG1B\GCC\libbluetooth.a(ll_hci.c.obj)
                0x000141fa                ll_hciHandleReset
 *fill*         0x00014212        0x2 
 .text.ll_hciHandleReadBDADDR
                0x00014214       0x2c C:\work\EFM32\soc-empty\protocol\bluetooth\lib\EFR32BG1B\GCC\libbluetooth.a(ll_hci.c.obj)
                0x00014214                ll_hciHandleReadBDADDR
 .text.ll_hciHandleSetHostChannelClassification
                0x00014240       0x3e C:\work\EFM32\soc-empty\protocol\bluetooth\lib\EFR32BG1B\GCC\libbluetooth.a(ll_hci.c.obj)
                0x00014240                ll_hciHandleSetHostChannelClassification
 .text.ll_hciHandleLeWriteRfPathCompensation
                0x0001427e       0x26 C:\work\EFM32\soc-empty\protocol\bluetooth\lib\EFR32BG1B\GCC\libbluetooth.a(ll_hci.c.obj)
                0x0001427e                ll_hciHandleLeWriteRfPathCompensation
 .text.ll_hciHandleLeStartEncryption
                0x000142a4       0x50 C:\work\EFM32\soc-empty\protocol\bluetooth\lib\EFR32BG1B\GCC\libbluetooth.a(ll_hci.c.obj)
                0x000142a4                ll_hciHandleLeStartEncryption
 .text.ll_hciHandleLeLtkNegReply
                0x000142f4       0x3a C:\work\EFM32\soc-empty\protocol\bluetooth\lib\EFR32BG1B\GCC\libbluetooth.a(ll_hci.c.obj)
                0x000142f4                ll_hciHandleLeLtkNegReply
 .text.ll_hciHandleLeLtkReply
                0x0001432e       0x44 C:\work\EFM32\soc-empty\protocol\bluetooth\lib\EFR32BG1B\GCC\libbluetooth.a(ll_hci.c.obj)
                0x0001432e                ll_hciHandleLeLtkReply
 .text.ll_hciHandleSiliconLabsSetConnectionConfigBits
                0x00014372       0x30 C:\work\EFM32\soc-empty\protocol\bluetooth\lib\EFR32BG1B\GCC\libbluetooth.a(ll_hci.c.obj)
                0x00014372                ll_hciHandleSiliconLabsSetConnectionConfigBits
 .text.ll_hciHandleSiliconLabsClearConnectionConfigBits
                0x000143a2       0x30 C:\work\EFM32\soc-empty\protocol\bluetooth\lib\EFR32BG1B\GCC\libbluetooth.a(ll_hci.c.obj)
                0x000143a2                ll_hciHandleSiliconLabsClearConnectionConfigBits
 .text.ll_hciHandleSiliconLabsConfigFlags
                0x000143d2       0x46 C:\work\EFM32\soc-empty\protocol\bluetooth\lib\EFR32BG1B\GCC\libbluetooth.a(ll_hci.c.obj)
                0x000143d2                ll_hciHandleSiliconLabsConfigFlags
 .text.ll_hciHandleSiliconLabsGetCounters
                0x00014418       0x56 C:\work\EFM32\soc-empty\protocol\bluetooth\lib\EFR32BG1B\GCC\libbluetooth.a(ll_hci.c.obj)
                0x00014418                ll_hciHandleSiliconLabsGetCounters
 .text.ll_hciHandleSiliconLabsGetTiming
                0x0001446e       0x1e C:\work\EFM32\soc-empty\protocol\bluetooth\lib\EFR32BG1B\GCC\libbluetooth.a(ll_hci.c.obj)
                0x0001446e                ll_hciHandleSiliconLabsGetTiming
 .text.ll_hciHandleSiliconLabsConfigure
                0x0001448c       0x98 C:\work\EFM32\soc-empty\protocol\bluetooth\lib\EFR32BG1B\GCC\libbluetooth.a(ll_hci.c.obj)
                0x0001448c                ll_hciHandleSiliconLabsConfigure
 .text.ll_hciHandleLeSetRandomAddress
                0x00014524       0x32 C:\work\EFM32\soc-empty\protocol\bluetooth\lib\EFR32BG1B\GCC\libbluetooth.a(ll_hci.c.obj)
                0x00014524                ll_hciHandleLeSetRandomAddress
 *fill*         0x00014556        0x2 
 .text.ll_hciCmdSetExtendedAdvertisingParameters
                0x00014558      0x10c C:\work\EFM32\soc-empty\protocol\bluetooth\lib\EFR32BG1B\GCC\libbluetooth.a(ll_hci.c.obj)
                0x00014558                ll_hciCmdSetExtendedAdvertisingParameters
 .text.ll_hciHandleLeSetExtendedScanParameters
                0x00014664       0x3a C:\work\EFM32\soc-empty\protocol\bluetooth\lib\EFR32BG1B\GCC\libbluetooth.a(ll_hci.c.obj)
                0x00014664                ll_hciHandleLeSetExtendedScanParameters
 .text.ll_hciHandleLeSetScanParameters
                0x0001469e       0x3e C:\work\EFM32\soc-empty\protocol\bluetooth\lib\EFR32BG1B\GCC\libbluetooth.a(ll_hci.c.obj)
                0x0001469e                ll_hciHandleLeSetScanParameters
 .text.ll_hciHandleLeSetExtendedScanEnable
                0x000146dc       0x36 C:\work\EFM32\soc-empty\protocol\bluetooth\lib\EFR32BG1B\GCC\libbluetooth.a(ll_hci.c.obj)
                0x000146dc                ll_hciHandleLeSetExtendedScanEnable
 .text.ll_hciHandleLeConnectionUpdate
                0x00014712       0x60 C:\work\EFM32\soc-empty\protocol\bluetooth\lib\EFR32BG1B\GCC\libbluetooth.a(ll_hci.c.obj)
                0x00014712                ll_hciHandleLeConnectionUpdate
 .text.ll_hciHandleLeCreateConnectionCancel
                0x00014772       0x30 C:\work\EFM32\soc-empty\protocol\bluetooth\lib\EFR32BG1B\GCC\libbluetooth.a(ll_hci.c.obj)
                0x00014772                ll_hciHandleLeCreateConnectionCancel
 .text.ll_hciHandleLeCreateConnection
                0x000147a2       0x92 C:\work\EFM32\soc-empty\protocol\bluetooth\lib\EFR32BG1B\GCC\libbluetooth.a(ll_hci.c.obj)
                0x000147a2                ll_hciHandleLeCreateConnection
 .text.ll_hciHandleLeExtendedCreateConnection
                0x00014834       0x96 C:\work\EFM32\soc-empty\protocol\bluetooth\lib\EFR32BG1B\GCC\libbluetooth.a(ll_hci.c.obj)
                0x00014834                ll_hciHandleLeExtendedCreateConnection
 .text.ll_hciHandleLeWriteSuggestedDefaultDataLength
                0x000148ca       0x28 C:\work\EFM32\soc-empty\protocol\bluetooth\lib\EFR32BG1B\GCC\libbluetooth.a(ll_hci.c.obj)
                0x000148ca                ll_hciHandleLeWriteSuggestedDefaultDataLength
 .text.ll_hciHandleLeSetDataLength
                0x000148f2       0x5a C:\work\EFM32\soc-empty\protocol\bluetooth\lib\EFR32BG1B\GCC\libbluetooth.a(ll_hci.c.obj)
                0x000148f2                ll_hciHandleLeSetDataLength
 .text.ll_hciReadRemoteUsedFeatures
                0x0001494c       0x40 C:\work\EFM32\soc-empty\protocol\bluetooth\lib\EFR32BG1B\GCC\libbluetooth.a(ll_hci.c.obj)
                0x0001494c                ll_hciReadRemoteUsedFeatures
 .text.ll_hciReadRemoteVersionInformation
                0x0001498c       0x40 C:\work\EFM32\soc-empty\protocol\bluetooth\lib\EFR32BG1B\GCC\libbluetooth.a(ll_hci.c.obj)
                0x0001498c                ll_hciReadRemoteVersionInformation
 .text.ll_hciHandleReadRssi
                0x000149cc       0x40 C:\work\EFM32\soc-empty\protocol\bluetooth\lib\EFR32BG1B\GCC\libbluetooth.a(ll_hci.c.obj)
                0x000149cc                ll_hciHandleReadRssi
 .text.ll_hciSendLeConnectionUpdate
                0x00014a0c       0x3a C:\work\EFM32\soc-empty\protocol\bluetooth\lib\EFR32BG1B\GCC\libbluetooth.a(ll_hci.c.obj)
                0x00014a0c                ll_hciSendLeConnectionUpdate
 .text.ll_hciSendLeConnectionComplete
                0x00014a46       0x74 C:\work\EFM32\soc-empty\protocol\bluetooth\lib\EFR32BG1B\GCC\libbluetooth.a(ll_hci.c.obj)
                0x00014a46                ll_hciSendLeConnectionComplete
 .text.ll_hciSendVersionComplete
                0x00014aba       0x4a C:\work\EFM32\soc-empty\protocol\bluetooth\lib\EFR32BG1B\GCC\libbluetooth.a(ll_hci.c.obj)
                0x00014aba                ll_hciSendVersionComplete
 .text.ll_hciSendUsedFeaturesComplete
                0x00014b04       0x34 C:\work\EFM32\soc-empty\protocol\bluetooth\lib\EFR32BG1B\GCC\libbluetooth.a(ll_hci.c.obj)
                0x00014b04                ll_hciSendUsedFeaturesComplete
 .text.ll_hciSendEncryptionKeyRefreshComplete
                0x00014b38       0x30 C:\work\EFM32\soc-empty\protocol\bluetooth\lib\EFR32BG1B\GCC\libbluetooth.a(ll_hci.c.obj)
                0x00014b38                ll_hciSendEncryptionKeyRefreshComplete
 .text.ll_hciSendEncryptionChange
                0x00014b68       0x38 C:\work\EFM32\soc-empty\protocol\bluetooth\lib\EFR32BG1B\GCC\libbluetooth.a(ll_hci.c.obj)
                0x00014b68                ll_hciSendEncryptionChange
 .text.ll_hciSendLeDataLengthChanged
                0x00014ba0       0x44 C:\work\EFM32\soc-empty\protocol\bluetooth\lib\EFR32BG1B\GCC\libbluetooth.a(ll_hci.c.obj)
                0x00014ba0                ll_hciSendLeDataLengthChanged
 .text.ll_hciSendLeLtkRequest
                0x00014be4       0x3a C:\work\EFM32\soc-empty\protocol\bluetooth\lib\EFR32BG1B\GCC\libbluetooth.a(ll_hci.c.obj)
                0x00014be4                ll_hciSendLeLtkRequest
 .text.ll_hciSendScanTimeout
                0x00014c1e       0x1a C:\work\EFM32\soc-empty\protocol\bluetooth\lib\EFR32BG1B\GCC\libbluetooth.a(ll_hci.c.obj)
                0x00014c1e                ll_hciSendScanTimeout
 .text.ll_hciSendAdvSetTerminated
                0x00014c38       0x40 C:\work\EFM32\soc-empty\protocol\bluetooth\lib\EFR32BG1B\GCC\libbluetooth.a(ll_hci.c.obj)
                0x00014c38                ll_hciSendAdvSetTerminated
 .text.ll_hciSendScanRequestReceived
                0x00014c78       0x32 C:\work\EFM32\soc-empty\protocol\bluetooth\lib\EFR32BG1B\GCC\libbluetooth.a(ll_hci.c.obj)
                0x00014c78                ll_hciSendScanRequestReceived
 .text.ll_hciSendLeChannelSelectionAlgorithm
                0x00014caa       0x2e C:\work\EFM32\soc-empty\protocol\bluetooth\lib\EFR32BG1B\GCC\libbluetooth.a(ll_hci.c.obj)
                0x00014caa                ll_hciSendLeChannelSelectionAlgorithm
 .text.ll_hciSendNumberOfCompletedPackets
                0x00014cd8       0x2e C:\work\EFM32\soc-empty\protocol\bluetooth\lib\EFR32BG1B\GCC\libbluetooth.a(ll_hci.c.obj)
                0x00014cd8                ll_hciSendNumberOfCompletedPackets
 .text.ll_hciHandleCommand
                0x00014d06      0x202 C:\work\EFM32\soc-empty\protocol\bluetooth\lib\EFR32BG1B\GCC\libbluetooth.a(ll_hci.c.obj)
                0x00014d06                ll_hciHandleCommand
 .text.ll_hciSendDisconnection
                0x00014f08       0x34 C:\work\EFM32\soc-empty\protocol\bluetooth\lib\EFR32BG1B\GCC\libbluetooth.a(ll_hci.c.obj)
                0x00014f08                ll_hciSendDisconnection
 .text.ll_hciSendLeAdvertisingReport
                0x00014f3c       0x2a C:\work\EFM32\soc-empty\protocol\bluetooth\lib\EFR32BG1B\GCC\libbluetooth.a(ll_hci.c.obj)
                0x00014f3c                ll_hciSendLeAdvertisingReport
 .text.ll_hciHandleACL
                0x00014f66       0x40 C:\work\EFM32\soc-empty\protocol\bluetooth\lib\EFR32BG1B\GCC\libbluetooth.a(ll_hci.c.obj)
                0x00014f66                ll_hciHandleACL
 *fill*         0x00014fa6        0x2 
 .text.ll_hciHandleMessage
                0x00014fa8       0x48 C:\work\EFM32\soc-empty\protocol\bluetooth\lib\EFR32BG1B\GCC\libbluetooth.a(ll_hci.c.obj)
                0x00014fa8                ll_hciHandleMessage
 .text.ll_hciAclPacketReceived
                0x00014ff0        0x4 C:\work\EFM32\soc-empty\protocol\bluetooth\lib\EFR32BG1B\GCC\libbluetooth.a(ll_hci.c.obj)
                0x00014ff0                ll_hciAclPacketReceived
 .text.ll_hciCmdSetExtendedAdvertisingData
                0x00014ff4       0x40 C:\work\EFM32\soc-empty\protocol\bluetooth\lib\EFR32BG1B\GCC\libbluetooth.a(ll_hci.c.obj)
                0x00014ff4                ll_hciCmdSetExtendedAdvertisingData
 .text.ll_hciCmdSetExtendedScanResponseData
                0x00015034       0x40 C:\work\EFM32\soc-empty\protocol\bluetooth\lib\EFR32BG1B\GCC\libbluetooth.a(ll_hci.c.obj)
                0x00015034                ll_hciCmdSetExtendedScanResponseData
 .text.ll_hciCmdSetExtendedAdvertisingEnable
                0x00015074       0x80 C:\work\EFM32\soc-empty\protocol\bluetooth\lib\EFR32BG1B\GCC\libbluetooth.a(ll_hci.c.obj)
                0x00015074                ll_hciCmdSetExtendedAdvertisingEnable
 .text.ll_hciCmdSetAdvertisingSetRandomAddress
                0x000150f4       0x38 C:\work\EFM32\soc-empty\protocol\bluetooth\lib\EFR32BG1B\GCC\libbluetooth.a(ll_hci.c.obj)
                0x000150f4                ll_hciCmdSetAdvertisingSetRandomAddress
 .text.ll_initPhy
                0x0001512c        0x2 C:\work\EFM32\soc-empty\protocol\bluetooth\lib\EFR32BG1B\GCC\libbluetooth.a(ll_hci_phy.c.obj)
                0x0001512c                ll_initPhy
 *fill*         0x0001512e        0x2 
 .text.ll_hciSendLePhyUpdateComplete
                0x00015130       0x4c C:\work\EFM32\soc-empty\protocol\bluetooth\lib\EFR32BG1B\GCC\libbluetooth.a(ll_hci_phy.c.obj)
                0x00015130                ll_hciSendLePhyUpdateComplete
 .text.ll_hciCmdLeReadPhy
                0x0001517c       0x60 C:\work\EFM32\soc-empty\protocol\bluetooth\lib\EFR32BG1B\GCC\libbluetooth.a(ll_hci_phy.c.obj)
                0x0001517c                ll_hciCmdLeReadPhy
 .text.ll_llcpCallbackLinkLost
                0x000151dc        0x4 C:\work\EFM32\soc-empty\protocol\bluetooth\lib\EFR32BG1B\GCC\libbluetooth.a(ll_llcp.c.obj)
 .text.ll_connIsSlave
                0x000151e0        0xc C:\work\EFM32\soc-empty\protocol\bluetooth\lib\EFR32BG1B\GCC\libbluetooth.a(ll_llcp.c.obj)
 .text.ll_llcpCallbackRemoteTerminate
                0x000151ec        0xc C:\work\EFM32\soc-empty\protocol\bluetooth\lib\EFR32BG1B\GCC\libbluetooth.a(ll_llcp.c.obj)
 .text.ll_llcpCallbackLocalTerminate
                0x000151f8       0x18 C:\work\EFM32\soc-empty\protocol\bluetooth\lib\EFR32BG1B\GCC\libbluetooth.a(ll_llcp.c.obj)
 .text.ll_llcpHandleEvent
                0x00015210       0x42 C:\work\EFM32\soc-empty\protocol\bluetooth\lib\EFR32BG1B\GCC\libbluetooth.a(ll_llcp.c.obj)
                0x00015210                ll_llcpHandleEvent
 .text.ll_llcpSend
                0x00015252       0x1a C:\work\EFM32\soc-empty\protocol\bluetooth\lib\EFR32BG1B\GCC\libbluetooth.a(ll_llcp.c.obj)
                0x00015252                ll_llcpSend
 .text.ll_llcpSendVersionInd
                0x0001526c       0x40 C:\work\EFM32\soc-empty\protocol\bluetooth\lib\EFR32BG1B\GCC\libbluetooth.a(ll_llcp.c.obj)
 .text.ll_llcpHandleFeatureReq
                0x000152ac       0x3e C:\work\EFM32\soc-empty\protocol\bluetooth\lib\EFR32BG1B\GCC\libbluetooth.a(ll_llcp.c.obj)
 .text.ll_llcpSendReject
                0x000152ea       0x58 C:\work\EFM32\soc-empty\protocol\bluetooth\lib\EFR32BG1B\GCC\libbluetooth.a(ll_llcp.c.obj)
                0x000152ea                ll_llcpSendReject
 *fill*         0x00015342        0x2 
 .text.ll_llcpGenericValidation
                0x00015344       0x78 C:\work\EFM32\soc-empty\protocol\bluetooth\lib\EFR32BG1B\GCC\libbluetooth.a(ll_llcp.c.obj)
                0x00015344                ll_llcpGenericValidation
 .text.ll_llcpInitPacket
                0x000153bc       0x14 C:\work\EFM32\soc-empty\protocol\bluetooth\lib\EFR32BG1B\GCC\libbluetooth.a(ll_llcp.c.obj)
                0x000153bc                ll_llcpInitPacket
 .text.ll_llcpEventKeyRequest
                0x000153d0       0x24 C:\work\EFM32\soc-empty\protocol\bluetooth\lib\EFR32BG1B\GCC\libbluetooth.a(ll_llcp.c.obj)
                0x000153d0                ll_llcpEventKeyRequest
 .text.ll_connSetLlcpCallback
                0x000153f4       0x88 C:\work\EFM32\soc-empty\protocol\bluetooth\lib\EFR32BG1B\GCC\libbluetooth.a(ll_llcp.c.obj)
                0x000153f4                ll_connSetLlcpCallback
 .text.ll_llcpConnectionUpdate_sender
                0x0001547c       0xc0 C:\work\EFM32\soc-empty\protocol\bluetooth\lib\EFR32BG1B\GCC\libbluetooth.a(ll_llcp.c.obj)
 .text.ll_llcpUpdateChannelMap_sender
                0x0001553c       0x70 C:\work\EFM32\soc-empty\protocol\bluetooth\lib\EFR32BG1B\GCC\libbluetooth.a(ll_llcp.c.obj)
 .text.ll_llcpFeatureExchange_sender
                0x000155ac       0x78 C:\work\EFM32\soc-empty\protocol\bluetooth\lib\EFR32BG1B\GCC\libbluetooth.a(ll_llcp.c.obj)
 .text.ll_llcpReadVersionInformation_sender
                0x00015624       0x2c C:\work\EFM32\soc-empty\protocol\bluetooth\lib\EFR32BG1B\GCC\libbluetooth.a(ll_llcp.c.obj)
 .text.ll_llcpSendLengthReq_sender
                0x00015650       0x6c C:\work\EFM32\soc-empty\protocol\bluetooth\lib\EFR32BG1B\GCC\libbluetooth.a(ll_llcp.c.obj)
 .text.ll_llcpStartEncryption_sender
                0x000156bc      0x100 C:\work\EFM32\soc-empty\protocol\bluetooth\lib\EFR32BG1B\GCC\libbluetooth.a(ll_llcp.c.obj)
 .text.ll_connClearLlcpCallback
                0x000157bc       0x3e C:\work\EFM32\soc-empty\protocol\bluetooth\lib\EFR32BG1B\GCC\libbluetooth.a(ll_llcp.c.obj)
                0x000157bc                ll_connClearLlcpCallback
 .text.ll_llcpCallbackConnectionUpdateParams
                0x000157fa       0x68 C:\work\EFM32\soc-empty\protocol\bluetooth\lib\EFR32BG1B\GCC\libbluetooth.a(ll_llcp.c.obj)
 *fill*         0x00015862        0x2 
 .text.ll_llcpCallbackConnectionUpdatePreListen
                0x00015864       0x4c C:\work\EFM32\soc-empty\protocol\bluetooth\lib\EFR32BG1B\GCC\libbluetooth.a(ll_llcp.c.obj)
 .text.ll_llcpCallbackChannelMapUpdate
                0x000158b0       0x48 C:\work\EFM32\soc-empty\protocol\bluetooth\lib\EFR32BG1B\GCC\libbluetooth.a(ll_llcp.c.obj)
 .text.ll_llcpCallbackChannelMapUpdateMaster
                0x000158f8       0x28 C:\work\EFM32\soc-empty\protocol\bluetooth\lib\EFR32BG1B\GCC\libbluetooth.a(ll_llcp.c.obj)
 .text.ll_connAbortLlcp
                0x00015920       0x24 C:\work\EFM32\soc-empty\protocol\bluetooth\lib\EFR32BG1B\GCC\libbluetooth.a(ll_llcp.c.obj)
                0x00015920                ll_connAbortLlcp
 .text.ll_llcpCommonTimeout.isra.1
                0x00015944       0x32 C:\work\EFM32\soc-empty\protocol\bluetooth\lib\EFR32BG1B\GCC\libbluetooth.a(ll_llcp.c.obj)
 .text.ll_llcpCallbackLengthReqSent
                0x00015976        0x4 C:\work\EFM32\soc-empty\protocol\bluetooth\lib\EFR32BG1B\GCC\libbluetooth.a(ll_llcp.c.obj)
 .text.ll_llcpCallbackFeatureReqSent
                0x0001597a       0x26 C:\work\EFM32\soc-empty\protocol\bluetooth\lib\EFR32BG1B\GCC\libbluetooth.a(ll_llcp.c.obj)
 .text.ll_llcpVersionExchange
                0x000159a0        0x4 C:\work\EFM32\soc-empty\protocol\bluetooth\lib\EFR32BG1B\GCC\libbluetooth.a(ll_llcp.c.obj)
 .text.ll_llcpCallbackEncryption
                0x000159a4       0x72 C:\work\EFM32\soc-empty\protocol\bluetooth\lib\EFR32BG1B\GCC\libbluetooth.a(ll_llcp.c.obj)
 .text.ll_llcpLtkReply
                0x00015a16       0x72 C:\work\EFM32\soc-empty\protocol\bluetooth\lib\EFR32BG1B\GCC\libbluetooth.a(ll_llcp.c.obj)
                0x00015a16                ll_llcpLtkReply
 .text.ll_llcpDisconnect
                0x00015a88       0x80 C:\work\EFM32\soc-empty\protocol\bluetooth\lib\EFR32BG1B\GCC\libbluetooth.a(ll_llcp.c.obj)
                0x00015a88                ll_llcpDisconnect
 .text.ll_llcpLinkLost
                0x00015b08       0x3c C:\work\EFM32\soc-empty\protocol\bluetooth\lib\EFR32BG1B\GCC\libbluetooth.a(ll_llcp.c.obj)
                0x00015b08                ll_llcpLinkLost
 .text.ll_llcpCheckInstant
                0x00015b44       0x22 C:\work\EFM32\soc-empty\protocol\bluetooth\lib\EFR32BG1B\GCC\libbluetooth.a(ll_llcp.c.obj)
                0x00015b44                ll_llcpCheckInstant
 *fill*         0x00015b66        0x2 
 .text.ll_llcpHandlePacketCommon
                0x00015b68      0x280 C:\work\EFM32\soc-empty\protocol\bluetooth\lib\EFR32BG1B\GCC\libbluetooth.a(ll_llcp.c.obj)
                0x00015b68                ll_llcpHandlePacketCommon
 .text.ll_llcpHandlePacketMaster
                0x00015de8      0x104 C:\work\EFM32\soc-empty\protocol\bluetooth\lib\EFR32BG1B\GCC\libbluetooth.a(ll_llcp.c.obj)
                0x00015de8                ll_llcpHandlePacketMaster
 .text.ll_llcpHandlePacketSlave
                0x00015eec      0x214 C:\work\EFM32\soc-empty\protocol\bluetooth\lib\EFR32BG1B\GCC\libbluetooth.a(ll_llcp.c.obj)
                0x00015eec                ll_llcpHandlePacketSlave
 .text.ll_llcpHandlePacket
                0x00016100       0x2c C:\work\EFM32\soc-empty\protocol\bluetooth\lib\EFR32BG1B\GCC\libbluetooth.a(ll_llcp.c.obj)
                0x00016100                ll_llcpHandlePacket
 .text.ll_llcpGetInstantProcedure
                0x0001612c       0x28 C:\work\EFM32\soc-empty\protocol\bluetooth\lib\EFR32BG1B\GCC\libbluetooth.a(ll_llcp.c.obj)
                0x0001612c                ll_llcpGetInstantProcedure
 .text.ll_llcpGetNextEvent
                0x00016154       0x58 C:\work\EFM32\soc-empty\protocol\bluetooth\lib\EFR32BG1B\GCC\libbluetooth.a(ll_llcp.c.obj)
                0x00016154                ll_llcpGetNextEvent
 .text.ll_startOrQueueProcedure
                0x000161ac       0x5a C:\work\EFM32\soc-empty\protocol\bluetooth\lib\EFR32BG1B\GCC\libbluetooth.a(ll_llcp.c.obj)
                0x000161ac                ll_startOrQueueProcedure
 *fill*         0x00016206        0x2 
 .text.ll_llcpConnectionUpdate
                0x00016208       0x30 C:\work\EFM32\soc-empty\protocol\bluetooth\lib\EFR32BG1B\GCC\libbluetooth.a(ll_llcp.c.obj)
                0x00016208                ll_llcpConnectionUpdate
 .text.ll_llcpUpdateChannelMap
                0x00016238        0xc C:\work\EFM32\soc-empty\protocol\bluetooth\lib\EFR32BG1B\GCC\libbluetooth.a(ll_llcp.c.obj)
                0x00016238                ll_llcpUpdateChannelMap
 .text.ll_llcpFeatureExchange
                0x00016244       0x4c C:\work\EFM32\soc-empty\protocol\bluetooth\lib\EFR32BG1B\GCC\libbluetooth.a(ll_llcp.c.obj)
                0x00016244                ll_llcpFeatureExchange
 .text.ll_llcpReadVersionInformation
                0x00016290       0x48 C:\work\EFM32\soc-empty\protocol\bluetooth\lib\EFR32BG1B\GCC\libbluetooth.a(ll_llcp.c.obj)
                0x00016290                ll_llcpReadVersionInformation
 .text.ll_llcpSendLengthReq
                0x000162d8       0x34 C:\work\EFM32\soc-empty\protocol\bluetooth\lib\EFR32BG1B\GCC\libbluetooth.a(ll_llcp.c.obj)
                0x000162d8                ll_llcpSendLengthReq
 .text.ll_llcpStartEncryption
                0x0001630c       0x30 C:\work\EFM32\soc-empty\protocol\bluetooth\lib\EFR32BG1B\GCC\libbluetooth.a(ll_llcp.c.obj)
                0x0001630c                ll_llcpStartEncryption
 .text.ll_llcpClean
                0x0001633c       0x34 C:\work\EFM32\soc-empty\protocol\bluetooth\lib\EFR32BG1B\GCC\libbluetooth.a(ll_llcp.c.obj)
                0x0001633c                ll_llcpClean
 .text.llcp_HandleQueue
                0x00016370       0x40 C:\work\EFM32\soc-empty\protocol\bluetooth\lib\EFR32BG1B\GCC\libbluetooth.a(ll_llcp.c.obj)
                0x00016370                llcp_HandleQueue
 .text.getSupportedPhys
                0x000163b0       0x24 C:\work\EFM32\soc-empty\protocol\bluetooth\lib\EFR32BG1B\GCC\libbluetooth.a(ll_llcp_phy.c.obj)
 .text.phyUpdateComplete.isra.0
                0x000163d4       0x62 C:\work\EFM32\soc-empty\protocol\bluetooth\lib\EFR32BG1B\GCC\libbluetooth.a(ll_llcp_phy.c.obj)
 .text.ll_llcpCallbackPhyUpdate
                0x00016436       0x4a C:\work\EFM32\soc-empty\protocol\bluetooth\lib\EFR32BG1B\GCC\libbluetooth.a(ll_llcp_phy.c.obj)
                0x00016436                ll_llcpCallbackPhyUpdate
 .text.ll_llcpUpdatePhyAtInstant
                0x00016480       0x54 C:\work\EFM32\soc-empty\protocol\bluetooth\lib\EFR32BG1B\GCC\libbluetooth.a(ll_llcp_phy.c.obj)
 .text.ll_llcpCallbackPhyUpdateInstant
                0x000164d4       0x24 C:\work\EFM32\soc-empty\protocol\bluetooth\lib\EFR32BG1B\GCC\libbluetooth.a(ll_llcp_phy.c.obj)
 .text.ll_llcpMasterUpdatePhy
                0x000164f8       0xd8 C:\work\EFM32\soc-empty\protocol\bluetooth\lib\EFR32BG1B\GCC\libbluetooth.a(ll_llcp_phy.c.obj)
 .text.ll_llcpMasterHandlePhyReq
                0x000165d0       0x30 C:\work\EFM32\soc-empty\protocol\bluetooth\lib\EFR32BG1B\GCC\libbluetooth.a(ll_llcp_phy.c.obj)
                0x000165d0                ll_llcpMasterHandlePhyReq
 .text.ll_llcpMasterHandlePhyRsp
                0x00016600       0x24 C:\work\EFM32\soc-empty\protocol\bluetooth\lib\EFR32BG1B\GCC\libbluetooth.a(ll_llcp_phy.c.obj)
                0x00016600                ll_llcpMasterHandlePhyRsp
 .text.ll_llcpSlaveHandlePhyReq
                0x00016624       0xcc C:\work\EFM32\soc-empty\protocol\bluetooth\lib\EFR32BG1B\GCC\libbluetooth.a(ll_llcp_phy.c.obj)
                0x00016624                ll_llcpSlaveHandlePhyReq
 .text.ll_llcpSlaveHandlePhyUpdateInd
                0x000166f0       0x30 C:\work\EFM32\soc-empty\protocol\bluetooth\lib\EFR32BG1B\GCC\libbluetooth.a(ll_llcp_phy.c.obj)
                0x000166f0                ll_llcpSlaveHandlePhyUpdateInd
 .text.ll_llcpHandlePacketPhyMaster
                0x00016720       0x22 C:\work\EFM32\soc-empty\protocol\bluetooth\lib\EFR32BG1B\GCC\libbluetooth.a(ll_llcp_phy.c.obj)
                0x00016720                ll_llcpHandlePacketPhyMaster
 .text.ll_llcpHandlePacketPhySlave
                0x00016742       0x22 C:\work\EFM32\soc-empty\protocol\bluetooth\lib\EFR32BG1B\GCC\libbluetooth.a(ll_llcp_phy.c.obj)
                0x00016742                ll_llcpHandlePacketPhySlave
 .text.ll_radioTimerExpired
                0x00016764        0x4 C:\work\EFM32\soc-empty\protocol\bluetooth\lib\EFR32BG1B\GCC\libbluetooth.a(ll_radio.c.obj)
 .text.ll_radioAllocatePacket
                0x00016768       0x6c C:\work\EFM32\soc-empty\protocol\bluetooth\lib\EFR32BG1B\GCC\libbluetooth.a(ll_radio.c.obj)
 .text.toPhysChannel
                0x000167d4       0x2c C:\work\EFM32\soc-empty\protocol\bluetooth\lib\EFR32BG1B\GCC\libbluetooth.a(ll_radio.c.obj)
 .text.ll_radioRaiseLLEvents
                0x00016800       0x28 C:\work\EFM32\soc-empty\protocol\bluetooth\lib\EFR32BG1B\GCC\libbluetooth.a(ll_radio.c.obj)
 .text.commandError.isra.3
                0x00016828        0x6 C:\work\EFM32\soc-empty\protocol\bluetooth\lib\EFR32BG1B\GCC\libbluetooth.a(ll_radio.c.obj)
 *fill*         0x0001682e        0x2 
 .text.enableRx2Tx
                0x00016830       0x70 C:\work\EFM32\soc-empty\protocol\bluetooth\lib\EFR32BG1B\GCC\libbluetooth.a(ll_radio.c.obj)
 .text.enableTx2Rx
                0x000168a0       0x54 C:\work\EFM32\soc-empty\protocol\bluetooth\lib\EFR32BG1B\GCC\libbluetooth.a(ll_radio.c.obj)
 .text.ll_radioRxFilter
                0x000168f4        0x4 C:\work\EFM32\soc-empty\protocol\bluetooth\lib\EFR32BG1B\GCC\libbluetooth.a(ll_radio.c.obj)
                0x000168f4                ll_radioRxFilter
 .text.ll_radioGetContextHandle
                0x000168f8        0xc C:\work\EFM32\soc-empty\protocol\bluetooth\lib\EFR32BG1B\GCC\libbluetooth.a(ll_radio.c.obj)
                0x000168f8                ll_radioGetContextHandle
 .text.ll_radioHalt
                0x00016904       0x48 C:\work\EFM32\soc-empty\protocol\bluetooth\lib\EFR32BG1B\GCC\libbluetooth.a(ll_radio.c.obj)
                0x00016904                ll_radioHalt
 .text.ll_radioReadRxPacket
                0x0001694c      0x100 C:\work\EFM32\soc-empty\protocol\bluetooth\lib\EFR32BG1B\GCC\libbluetooth.a(ll_radio.c.obj)
                0x0001694c                ll_radioReadRxPacket
 .text.ll_radioReadRxPacketDetails
                0x00016a4c       0x54 C:\work\EFM32\soc-empty\protocol\bluetooth\lib\EFR32BG1B\GCC\libbluetooth.a(ll_radio.c.obj)
                0x00016a4c                ll_radioReadRxPacketDetails
 .text.ll_radioStop